Archive member included to satisfy reference by file (symbol)

C:/ST/STM32CubeCLT_1.18.0/GNU-tools-for-STM32/bin/../lib/gcc/arm-none-eabi/13.3.1/../../../../arm-none-eabi/lib/thumb/v7e-m+fp/hard\libc_nano.a(libc_a-exit.o)
                              C:/ST/STM32CubeCLT_1.18.0/GNU-tools-for-STM32/bin/../lib/gcc/arm-none-eabi/13.3.1/../../../../arm-none-eabi/lib/thumb/v7e-m+fp/hard/crt0.o (exit)
C:/ST/STM32CubeCLT_1.18.0/GNU-tools-for-STM32/bin/../lib/gcc/arm-none-eabi/13.3.1/../../../../arm-none-eabi/lib/thumb/v7e-m+fp/hard\libc_nano.a(libc_a-findfp.o)
                              C:/ST/STM32CubeCLT_1.18.0/GNU-tools-for-STM32/bin/../lib/gcc/arm-none-eabi/13.3.1/../../../../arm-none-eabi/lib/thumb/v7e-m+fp/hard\libc_nano.a(libc_a-exit.o) (__stdio_exit_handler)
C:/ST/STM32CubeCLT_1.18.0/GNU-tools-for-STM32/bin/../lib/gcc/arm-none-eabi/13.3.1/../../../../arm-none-eabi/lib/thumb/v7e-m+fp/hard\libc_nano.a(libc_a-fwalk.o)
                              C:/ST/STM32CubeCLT_1.18.0/GNU-tools-for-STM32/bin/../lib/gcc/arm-none-eabi/13.3.1/../../../../arm-none-eabi/lib/thumb/v7e-m+fp/hard\libc_nano.a(libc_a-findfp.o) (_fwalk_sglue)
C:/ST/STM32CubeCLT_1.18.0/GNU-tools-for-STM32/bin/../lib/gcc/arm-none-eabi/13.3.1/../../../../arm-none-eabi/lib/thumb/v7e-m+fp/hard\libc_nano.a(libc_a-stdio.o)
                              C:/ST/STM32CubeCLT_1.18.0/GNU-tools-for-STM32/bin/../lib/gcc/arm-none-eabi/13.3.1/../../../../arm-none-eabi/lib/thumb/v7e-m+fp/hard\libc_nano.a(libc_a-findfp.o) (__sread)
C:/ST/STM32CubeCLT_1.18.0/GNU-tools-for-STM32/bin/../lib/gcc/arm-none-eabi/13.3.1/../../../../arm-none-eabi/lib/thumb/v7e-m+fp/hard\libc_nano.a(libc_a-memset.o)
                              C:/ST/STM32CubeCLT_1.18.0/GNU-tools-for-STM32/bin/../lib/gcc/arm-none-eabi/13.3.1/../../../../arm-none-eabi/lib/thumb/v7e-m+fp/hard/crt0.o (memset)
C:/ST/STM32CubeCLT_1.18.0/GNU-tools-for-STM32/bin/../lib/gcc/arm-none-eabi/13.3.1/../../../../arm-none-eabi/lib/thumb/v7e-m+fp/hard\libc_nano.a(libc_a-closer.o)
                              C:/ST/STM32CubeCLT_1.18.0/GNU-tools-for-STM32/bin/../lib/gcc/arm-none-eabi/13.3.1/../../../../arm-none-eabi/lib/thumb/v7e-m+fp/hard\libc_nano.a(libc_a-stdio.o) (_close_r)
C:/ST/STM32CubeCLT_1.18.0/GNU-tools-for-STM32/bin/../lib/gcc/arm-none-eabi/13.3.1/../../../../arm-none-eabi/lib/thumb/v7e-m+fp/hard\libc_nano.a(libc_a-reent.o)
                              C:/ST/STM32CubeCLT_1.18.0/GNU-tools-for-STM32/bin/../lib/gcc/arm-none-eabi/13.3.1/../../../../arm-none-eabi/lib/thumb/v7e-m+fp/hard\libc_nano.a(libc_a-closer.o) (errno)
C:/ST/STM32CubeCLT_1.18.0/GNU-tools-for-STM32/bin/../lib/gcc/arm-none-eabi/13.3.1/../../../../arm-none-eabi/lib/thumb/v7e-m+fp/hard\libc_nano.a(libc_a-impure.o)
                              C:/ST/STM32CubeCLT_1.18.0/GNU-tools-for-STM32/bin/../lib/gcc/arm-none-eabi/13.3.1/../../../../arm-none-eabi/lib/thumb/v7e-m+fp/hard\libc_nano.a(libc_a-reent.o) (_impure_ptr)
C:/ST/STM32CubeCLT_1.18.0/GNU-tools-for-STM32/bin/../lib/gcc/arm-none-eabi/13.3.1/../../../../arm-none-eabi/lib/thumb/v7e-m+fp/hard\libc_nano.a(libc_a-lseekr.o)
                              C:/ST/STM32CubeCLT_1.18.0/GNU-tools-for-STM32/bin/../lib/gcc/arm-none-eabi/13.3.1/../../../../arm-none-eabi/lib/thumb/v7e-m+fp/hard\libc_nano.a(libc_a-stdio.o) (_lseek_r)
C:/ST/STM32CubeCLT_1.18.0/GNU-tools-for-STM32/bin/../lib/gcc/arm-none-eabi/13.3.1/../../../../arm-none-eabi/lib/thumb/v7e-m+fp/hard\libc_nano.a(libc_a-readr.o)
                              C:/ST/STM32CubeCLT_1.18.0/GNU-tools-for-STM32/bin/../lib/gcc/arm-none-eabi/13.3.1/../../../../arm-none-eabi/lib/thumb/v7e-m+fp/hard\libc_nano.a(libc_a-stdio.o) (_read_r)
C:/ST/STM32CubeCLT_1.18.0/GNU-tools-for-STM32/bin/../lib/gcc/arm-none-eabi/13.3.1/../../../../arm-none-eabi/lib/thumb/v7e-m+fp/hard\libc_nano.a(libc_a-writer.o)
                              C:/ST/STM32CubeCLT_1.18.0/GNU-tools-for-STM32/bin/../lib/gcc/arm-none-eabi/13.3.1/../../../../arm-none-eabi/lib/thumb/v7e-m+fp/hard\libc_nano.a(libc_a-stdio.o) (_write_r)
C:/ST/STM32CubeCLT_1.18.0/GNU-tools-for-STM32/bin/../lib/gcc/arm-none-eabi/13.3.1/../../../../arm-none-eabi/lib/thumb/v7e-m+fp/hard\libc_nano.a(libc_a-init.o)
                              C:/ST/STM32CubeCLT_1.18.0/GNU-tools-for-STM32/bin/../lib/gcc/arm-none-eabi/13.3.1/../../../../arm-none-eabi/lib/thumb/v7e-m+fp/hard/crt0.o (__libc_init_array)
C:/ST/STM32CubeCLT_1.18.0/GNU-tools-for-STM32/bin/../lib/gcc/arm-none-eabi/13.3.1/../../../../arm-none-eabi/lib/thumb/v7e-m+fp/hard\libc_nano.a(libc_a-lock.o)
                              C:/ST/STM32CubeCLT_1.18.0/GNU-tools-for-STM32/bin/../lib/gcc/arm-none-eabi/13.3.1/../../../../arm-none-eabi/lib/thumb/v7e-m+fp/hard\libc_nano.a(libc_a-findfp.o) (__retarget_lock_init_recursive)
C:/ST/STM32CubeCLT_1.18.0/GNU-tools-for-STM32/bin/../lib/gcc/arm-none-eabi/13.3.1/../../../../arm-none-eabi/lib/thumb/v7e-m+fp/hard\libc_nano.a(libc_a-freer.o)
[...]
Memory Configuration

Name             Origin             Length             Attributes
RAM              0x20000000         0x00020000         xrw
FLASH            0x08000000         0x00080000         xr
*default*        0x00000000         0xffffffff

Linker script and memory map

LOAD C:/ST/STM32CubeCLT_1.18.0/GNU-tools-for-STM32/bin/../lib/gcc/arm-none-eabi/13.3.1/thumb/v7e-m+fp/hard/crti.o
LOAD C:/ST/STM32CubeCLT_1.18.0/GNU-tools-for-STM32/bin/../lib/gcc/arm-none-eabi/13.3.1/thumb/v7e-m+fp/hard/crtbegin.o
LOAD C:/ST/STM32CubeCLT_1.18.0/GNU-tools-for-STM32/bin/../lib/gcc/arm-none-eabi/13.3.1/../../../../arm-none-eabi/lib/thumb/v7e-m+fp/hard/crt0.o
START GROUP
LOAD C:/ST/STM32CubeCLT_1.18.0/GNU-tools-for-STM32/bin/../lib/gcc/arm-none-eabi/13.3.1/../../../../arm-none-eabi/lib/thumb/v7e-m+fp/hard\libc_nano.a
LOAD C:/ST/STM32CubeCLT_1.18.0/GNU-tools-for-STM32/bin/../lib/gcc/arm-none-eabi/13.3.1/../../../../arm-none-eabi/lib/thumb/v7e-m+fp/hard\libm.a
END GROUP
LOAD cmake/stm32cubemx/CMakeFiles/STM32_Drivers.dir/__/__/Core/Src/system_stm32g4xx.c.obj
LOAD cmake/stm32cubemx/CMakeFiles/STM32_Drivers.dir/__/__/Drivers/STM32G4xx_HAL_Driver/Src/stm32g4xx_hal_fdcan.c.obj
LOAD cmake/stm32cubemx/CMakeFiles/STM32_Drivers.dir/__/__/Drivers/STM32G4xx_HAL_Driver/Src/stm32g4xx_hal.c.obj
LOAD cmake/stm32cubemx/CMakeFiles/STM32_Drivers.dir/__/__/Drivers/STM32G4xx_HAL_Driver/Src/stm32g4xx_hal_rcc.c.obj
LOAD cmake/stm32cubemx/CMakeFiles/STM32_Drivers.dir/__/__/Drivers/STM32G4xx_HAL_Driver/Src/stm32g4xx_hal_rcc_ex.c.obj
LOAD cmake/stm32cubemx/CMakeFiles/STM32_Drivers.dir/__/__/Drivers/STM32G4xx_HAL_Driver/Src/stm32g4xx_hal_flash.c.obj
LOAD cmake/stm32cubemx/CMakeFiles/STM32_Drivers.dir/__/__/Drivers/STM32G4xx_HAL_Driver/Src/stm32g4xx_hal_flash_ex.c.obj
LOAD cmake/stm32cubemx/CMakeFiles/STM32_Drivers.dir/__/__/Drivers/STM32G4xx_HAL_Driver/Src/stm32g4xx_hal_flash_ramfunc.c.obj
LOAD cmake/stm32cubemx/CMakeFiles/STM32_Drivers.dir/__/__/Drivers/STM32G4xx_HAL_Driver/Src/stm32g4xx_hal_gpio.c.obj
LOAD cmake/stm32cubemx/CMakeFiles/STM32_Drivers.dir/__/__/Drivers/STM32G4xx_HAL_Driver/Src/stm32g4xx_hal_exti.c.obj
LOAD cmake/stm32cubemx/CMakeFiles/STM32_Drivers.dir/__/__/Drivers/STM32G4xx_HAL_Driver/Src/stm32g4xx_hal_dma.c.obj
LOAD cmake/stm32cubemx/CMakeFiles/STM32_Drivers.dir/__/__/Drivers/STM32G4xx_HAL_Driver/Src/stm32g4xx_hal_dma_ex.c.obj
LOAD cmake/stm32cubemx/CMakeFiles/STM32_Drivers.dir/__/__/Drivers/STM32G4xx_HAL_Driver/Src/stm32g4xx_hal_pwr.c.obj
LOAD cmake/stm32cubemx/CMakeFiles/STM32_Drivers.dir/__/__/Drivers/STM32G4xx_HAL_Driver/Src/stm32g4xx_hal_pwr_ex.c.obj
LOAD cmake/stm32cubemx/CMakeFiles/STM32_Drivers.dir/__/__/Drivers/STM32G4xx_HAL_Driver/Src/stm32g4xx_hal_cortex.c.obj
LOAD cmake/stm32cubemx/CMakeFiles/STM32_Drivers.dir/__/__/Drivers/STM32G4xx_HAL_Driver/Src/stm32g4xx_hal_i2c.c.obj
LOAD cmake/stm32cubemx/CMakeFiles/STM32_Drivers.dir/__/__/Drivers/STM32G4xx_HAL_Driver/Src/stm32g4xx_hal_i2c_ex.c.obj
LOAD cmake/stm32cubemx/CMakeFiles/STM32_Drivers.dir/__/__/Drivers/STM32G4xx_HAL_Driver/Src/stm32g4xx_hal_uart.c.obj
LOAD cmake/stm32cubemx/CMakeFiles/STM32_Drivers.dir/__/__/Drivers/STM32G4xx_HAL_Driver/Src/stm32g4xx_hal_uart_ex.c.obj
LOAD cmake/stm32cubemx/CMakeFiles/STM32_Drivers.dir/__/__/Drivers/STM32G4xx_HAL_Driver/Src/stm32g4xx_hal_pcd.c.obj
LOAD cmake/stm32cubemx/CMakeFiles/STM32_Drivers.dir/__/__/Drivers/STM32G4xx_HAL_Driver/Src/stm32g4xx_hal_pcd_ex.c.obj
LOAD cmake/stm32cubemx/CMakeFiles/STM32_Drivers.dir/__/__/Drivers/STM32G4xx_HAL_Driver/Src/stm32g4xx_ll_usb.c.obj
LOAD CMakeFiles/stm32g474ceu6.dir/Core/Src/main.c.obj
LOAD CMakeFiles/stm32g474ceu6.dir/Core/Src/stm32g4xx_it.c.obj
LOAD CMakeFiles/stm32g474ceu6.dir/Core/Src/stm32g4xx_hal_msp.c.obj
LOAD CMakeFiles/stm32g474ceu6.dir/Core/Src/sysmem.c.obj
LOAD CMakeFiles/stm32g474ceu6.dir/Core/Src/syscalls.c.obj
LOAD CMakeFiles/stm32g474ceu6.dir/startup_stm32g474xx.s.obj
LOAD CMakeFiles/stm32g474ceu6.dir/App/ap/ap.c.obj
LOAD CMakeFiles/stm32g474ceu6.dir/App/common/src/qbuffer.c.obj
LOAD CMakeFiles/stm32g474ceu6.dir/App/hw/hw.c.obj
LOAD CMakeFiles/stm32g474ceu6.dir/App/hw/src/ads1115.c.obj
LOAD CMakeFiles/stm32g474ceu6.dir/App/hw/src/dynamixel.c.obj
LOAD CMakeFiles/stm32g474ceu6.dir/App/hw/src/i2c.c.obj
LOAD CMakeFiles/stm32g474ceu6.dir/App/hw/src/led.c.obj
LOAD CMakeFiles/stm32g474ceu6.dir/App/hw/src/uart.c.obj
START GROUP
LOAD C:/ST/STM32CubeCLT_1.18.0/GNU-tools-for-STM32/bin/../lib/gcc/arm-none-eabi/13.3.1/thumb/v7e-m+fp/hard\libgcc.a
LOAD C:/ST/STM32CubeCLT_1.18.0/GNU-tools-for-STM32/bin/../lib/gcc/arm-none-eabi/13.3.1/../../../../arm-none-eabi/lib/thumb/v7e-m+fp/hard\libg_nano.a
LOAD C:/ST/STM32CubeCLT_1.18.0/GNU-tools-for-STM32/bin/../lib/gcc/arm-none-eabi/13.3.1/../../../../arm-none-eabi/lib/thumb/v7e-m+fp/hard\libc_nano.a
END GROUP
START GROUP
LOAD C:/ST/STM32CubeCLT_1.18.0/GNU-tools-for-STM32/bin/../lib/gcc/arm-none-eabi/13.3.1/thumb/v7e-m+fp/hard\libgcc.a
LOAD C:/ST/STM32CubeCLT_1.18.0/GNU-tools-for-STM32/bin/../lib/gcc/arm-none-eabi/13.3.1/../../../../arm-none-eabi/lib/thumb/v7e-m+fp/hard\libc_nano.a
END GROUP
LOAD C:/ST/STM32CubeCLT_1.18.0/GNU-tools-for-STM32/bin/../lib/gcc/arm-none-eabi/13.3.1/thumb/v7e-m+fp/hard/crtend.o
LOAD C:/ST/STM32CubeCLT_1.18.0/GNU-tools-for-STM32/bin/../lib/gcc/arm-none-eabi/13.3.1/thumb/v7e-m+fp/hard/crtn.o
                0x20020000                        _estack = (ORIGIN (RAM) + LENGTH (RAM))
                0x00000200                        _Min_Heap_Size = 0x200
                0x00000400                        _Min_Stack_Size = 0x400

.isr_vector     0x08000000      0x1d8
                0x08000000                        . = ALIGN (0x4)
 *(.isr_vector)
 .isr_vector    0x08000000      0x1d8 CMakeFiles/stm32g474ceu6.dir/startup_stm32g474xx.s.obj
                0x08000000                g_pfnVectors
                0x080001d8                        . = ALIGN (0x4)

.text           0x080001e0     0x6e2c
                0x080001e0                        . = ALIGN (0x4)
 *(.text)
 .text          0x080001e0       0x40 C:/ST/STM32CubeCLT_1.18.0/GNU-tools-for-STM32/bin/../lib/gcc/arm-none-eabi/13.3.1/thumb/v7e-m+fp/hard/crtbegin.o
 .text          0x08000220       0x30 C:/ST/STM32CubeCLT_1.18.0/GNU-tools-for-STM32/bin/../lib/gcc/arm-none-eabi/13.3.1/thumb/v7e-m+fp/hard\libgcc.a(_aeabi_uldivmod.o)
                0x08000220                __aeabi_uldivmod
 .text          0x08000250      0x2f8 C:/ST/STM32CubeCLT_1.18.0/GNU-tools-for-STM32/bin/../lib/gcc/arm-none-eabi/13.3.1/thumb/v7e-m+fp/hard\libgcc.a(_udivmoddi4.o)
                0x08000250                __udivmoddi4
 .text          0x08000548        0x4 C:/ST/STM32CubeCLT_1.18.0/GNU-tools-for-STM32/bin/../lib/gcc/arm-none-eabi/13.3.1/thumb/v7e-m+fp/hard\libgcc.a(_dvmd_tls.o)
                0x08000548                __aeabi_idiv0
                0x08000548                __aeabi_ldiv0
 *fill*         0x0800054c        0x4 
 .text          0x08000550       0xa0 C:/ST/STM32CubeCLT_1.18.0/GNU-tools-for-STM32/bin/../lib/gcc/arm-none-eabi/13.3.1/../../../../arm-none-eabi/lib/thumb/v7e-m+fp/hard\libg_nano.a(libc_a-memchr.o)
                0x08000550                memchr
 *(.text*)
 .text.memset   0x080005f0       0x10 C:/ST/STM32CubeCLT_1.18.0/GNU-tools-for-STM32/bin/../lib/gcc/arm-none-eabi/13.3.1/../../../../arm-none-eabi/lib/thumb/v7e-m+fp/hard\libc_nano.a(libc_a-memset.o)
                0x080005f0                memset
 .text.__libc_init_array
                0x08000600       0x48 C:/ST/STM32CubeCLT_1.18.0/GNU-tools-for-STM32/bin/../lib/gcc/arm-none-eabi/13.3.1/../../../../arm-none-eabi/lib/thumb/v7e-m+fp/hard\libc_nano.a(libc_a-init.o)
                0x08000600                __libc_init_array
 .text.__retarget_lock_acquire_recursive
                0x08000648        0x2 C:/ST/STM32CubeCLT_1.18.0/GNU-tools-for-STM32/bin/../lib/gcc/arm-none-eabi/13.3.1/../../../../arm-none-eabi/lib/thumb/v7e-m+fp/hard\libc_nano.a(libc_a-lock.o)
                0x08000648                __retarget_lock_acquire_recursive
 .text.__retarget_lock_release_recursive
                0x0800064a        0x2 C:/ST/STM32CubeCLT_1.18.0/GNU-tools-for-STM32/bin/../lib/gcc/arm-none-eabi/13.3.1/../../../../arm-none-eabi/lib/thumb/v7e-m+fp/hard\libc_nano.a(libc_a-lock.o)
                0x0800064a                __retarget_lock_release_recursive
 .text._free_r  0x0800064c       0x94 C:/ST/STM32CubeCLT_1.18.0/GNU-tools-for-STM32/bin/../lib/gcc/arm-none-eabi/13.3.1/../../../../arm-none-eabi/lib/thumb/v7e-m+fp/hard\libc_nano.a(libc_a-freer.o)
                0x0800064c                _free_r
 .text.sbrk_aligned
                0x080006e0       0x44 C:/ST/STM32CubeCLT_1.18.0/GNU-tools-for-STM32/bin/../lib/gcc/arm-none-eabi/13.3.1/../../../../arm-none-eabi/lib/thumb/v7e-m+fp/hard\libc_nano.a(libc_a-mallocr.o)
 .text._malloc_r
                0x08000724      0x100 C:/ST/STM32CubeCLT_1.18.0/GNU-tools-for-STM32/bin/../lib/gcc/arm-none-eabi/13.3.1/../../../../arm-none-eabi/lib/thumb/v7e-m+fp/hard\libc_nano.a(libc_a-mallocr.o)
                0x08000724                _malloc_r
 .text.__malloc_lock
                0x08000824        0xc C:/ST/STM32CubeCLT_1.18.0/GNU-tools-for-STM32/bin/../lib/gcc/arm-none-eabi/13.3.1/../../../../arm-none-eabi/lib/thumb/v7e-m+fp/hard\libc_nano.a(libc_a-mlock.o)
                0x08000824                __malloc_lock
 .text.__malloc_unlock
                0x08000830        0xc C:/ST/STM32CubeCLT_1.18.0/GNU-tools-for-STM32/bin/../lib/gcc/arm-none-eabi/13.3.1/../../../../arm-none-eabi/lib/thumb/v7e-m+fp/hard\libc_nano.a(libc_a-mlock.o)
                0x08000830                __malloc_unlock
 .text._sbrk_r  0x0800083c       0x20 C:/ST/STM32CubeCLT_1.18.0/GNU-tools-for-STM32/bin/../lib/gcc/arm-none-eabi/13.3.1/../../../../arm-none-eabi/lib/thumb/v7e-m+fp/hard\libc_nano.a(libc_a-sbrkr.o)
                0x0800083c                _sbrk_r
 .text.SystemInit
                0x0800085c       0x24 cmake/stm32cubemx/CMakeFiles/STM32_Drivers.dir/__/__/Core/Src/system_stm32g4xx.c.obj
                0x0800085c                SystemInit
 .text.HAL_FDCAN_Init
                0x08000880      0x2b4 cmake/stm32cubemx/CMakeFiles/STM32_Drivers.dir/__/__/Drivers/STM32G4xx_HAL_Driver/Src/stm32g4xx_hal_fdcan.c.obj
                0x08000880                HAL_FDCAN_Init
 .text.FDCAN_CalcultateRamBlockAddresses
                0x08000b34       0xd8 cmake/stm32cubemx/CMakeFiles/STM32_Drivers.dir/__/__/Drivers/STM32G4xx_HAL_Driver/Src/stm32g4xx_hal_fdcan.c.obj
 .text.HAL_Init
                0x08000c0c       0x30 cmake/stm32cubemx/CMakeFiles/STM32_Drivers.dir/__/__/Drivers/STM32G4xx_HAL_Driver/Src/stm32g4xx_hal.c.obj
                0x08000c0c                HAL_Init
 .text.HAL_InitTick
                0x08000c3c       0x74 cmake/stm32cubemx/CMakeFiles/STM32_Drivers.dir/__/__/Drivers/STM32G4xx_HAL_Driver/Src/stm32g4xx_hal.c.obj
                0x08000c3c                HAL_InitTick
 .text.HAL_IncTick
                0x08000cb0       0x24 cmake/stm32cubemx/CMakeFiles/STM32_Drivers.dir/__/__/Drivers/STM32G4xx_HAL_Driver/Src/stm32g4xx_hal.c.obj
                0x08000cb0                HAL_IncTick
 .text.HAL_GetTick
                0x08000cd4       0x18 cmake/stm32cubemx/CMakeFiles/STM32_Drivers.dir/__/__/Drivers/STM32G4xx_HAL_Driver/Src/stm32g4xx_hal.c.obj
                0x08000cd4                HAL_GetTick
 .text.HAL_Delay
                0x08000cec       0x44 cmake/stm32cubemx/CMakeFiles/STM32_Drivers.dir/__/__/Drivers/STM32G4xx_HAL_Driver/Src/stm32g4xx_hal.c.obj
                0x08000cec                HAL_Delay
 .text.HAL_RCC_OscConfig
                0x08000d30      0x624 cmake/stm32cubemx/CMakeFiles/STM32_Drivers.dir/__/__/Drivers/STM32G4xx_HAL_Driver/Src/stm32g4xx_hal_rcc.c.obj
                0x08000d30                HAL_RCC_OscConfig
 .text.HAL_RCC_ClockConfig
                0x08001354      0x278 cmake/stm32cubemx/CMakeFiles/STM32_Drivers.dir/__/__/Drivers/STM32G4xx_HAL_Driver/Src/stm32g4xx_hal_rcc.c.obj
                0x08001354                HAL_RCC_ClockConfig
 .text.HAL_RCC_GetSysClockFreq
                0x080015cc       0xc4 cmake/stm32cubemx/CMakeFiles/STM32_Drivers.dir/__/__/Drivers/STM32G4xx_HAL_Driver/Src/stm32g4xx_hal_rcc.c.obj
                0x080015cc                HAL_RCC_GetSysClockFreq
 .text.HAL_RCC_GetHCLKFreq
                0x08001690       0x18 cmake/stm32cubemx/CMakeFiles/STM32_Drivers.dir/__/__/Drivers/STM32G4xx_HAL_Driver/Src/stm32g4xx_hal_rcc.c.obj
                0x08001690                HAL_RCC_GetHCLKFreq
 .text.HAL_RCC_GetPCLK1Freq
                0x080016a8       0x2c cmake/stm32cubemx/CMakeFiles/STM32_Drivers.dir/__/__/Drivers/STM32G4xx_HAL_Driver/Src/stm32g4xx_hal_rcc.c.obj
                0x080016a8                HAL_RCC_GetPCLK1Freq
 .text.HAL_RCC_GetPCLK2Freq
                0x080016d4       0x2c cmake/stm32cubemx/CMakeFiles/STM32_Drivers.dir/__/__/Drivers/STM32G4xx_HAL_Driver/Src/stm32g4xx_hal_rcc.c.obj
                0x080016d4                HAL_RCC_GetPCLK2Freq
 .text.RCC_GetSysClockFreqFromPLLSource
                0x08001700       0x8c cmake/stm32cubemx/CMakeFiles/STM32_Drivers.dir/__/__/Drivers/STM32G4xx_HAL_Driver/Src/stm32g4xx_hal_rcc.c.obj
 .text.HAL_RCCEx_PeriphCLKConfig
                0x0800178c      0x49c cmake/stm32cubemx/CMakeFiles/STM32_Drivers.dir/__/__/Drivers/STM32G4xx_HAL_Driver/Src/stm32g4xx_hal_rcc_ex.c.obj
                0x0800178c                HAL_RCCEx_PeriphCLKConfig
 .text.HAL_GPIO_Init
                0x08001c28      0x304 cmake/stm32cubemx/CMakeFiles/STM32_Drivers.dir/__/__/Drivers/STM32G4xx_HAL_Driver/Src/stm32g4xx_hal_gpio.c.obj
                0x08001c28                HAL_GPIO_Init
 .text.HAL_GPIO_DeInit
                0x08001f2c      0x1c4 cmake/stm32cubemx/CMakeFiles/STM32_Drivers.dir/__/__/Drivers/STM32G4xx_HAL_Driver/Src/stm32g4xx_hal_gpio.c.obj
                0x08001f2c                HAL_GPIO_DeInit
 .text.HAL_GPIO_WritePin
                0x080020f0       0x30 cmake/stm32cubemx/CMakeFiles/STM32_Drivers.dir/__/__/Drivers/STM32G4xx_HAL_Driver/Src/stm32g4xx_hal_gpio.c.obj
                0x080020f0                HAL_GPIO_WritePin
 .text.HAL_GPIO_TogglePin
                0x08002120       0x34 cmake/stm32cubemx/CMakeFiles/STM32_Drivers.dir/__/__/Drivers/STM32G4xx_HAL_Driver/Src/stm32g4xx_hal_gpio.c.obj
                0x08002120                HAL_GPIO_TogglePin
 .text.HAL_DMA_Init
                0x08002154      0x150 cmake/stm32cubemx/CMakeFiles/STM32_Drivers.dir/__/__/Drivers/STM32G4xx_HAL_Driver/Src/stm32g4xx_hal_dma.c.obj
                0x08002154                HAL_DMA_Init
 .text.HAL_DMA_Start_IT
                0x080022a4       0xf6 cmake/stm32cubemx/CMakeFiles/STM32_Drivers.dir/__/__/Drivers/STM32G4xx_HAL_Driver/Src/stm32g4xx_hal_dma.c.obj
                0x080022a4                HAL_DMA_Start_IT
 .text.HAL_DMA_IRQHandler
                0x0800239a      0x15e cmake/stm32cubemx/CMakeFiles/STM32_Drivers.dir/__/__/Drivers/STM32G4xx_HAL_Driver/Src/stm32g4xx_hal_dma.c.obj
                0x0800239a                HAL_DMA_IRQHandler
 .text.DMA_SetConfig
                0x080024f8       0x7c cmake/stm32cubemx/CMakeFiles/STM32_Drivers.dir/__/__/Drivers/STM32G4xx_HAL_Driver/Src/stm32g4xx_hal_dma.c.obj
 .text.DMA_CalcDMAMUXChannelBaseAndMask
                0x08002574       0x7c cmake/stm32cubemx/CMakeFiles/STM32_Drivers.dir/__/__/Drivers/STM32G4xx_HAL_Driver/Src/stm32g4xx_hal_dma.c.obj
 .text.DMA_CalcDMAMUXRequestGenBaseAndMask
                0x080025f0       0x48 cmake/stm32cubemx/CMakeFiles/STM32_Drivers.dir/__/__/Drivers/STM32G4xx_HAL_Driver/Src/stm32g4xx_hal_dma.c.obj
 .text.HAL_PWREx_ControlVoltageScaling
                0x08002638      0x148 cmake/stm32cubemx/CMakeFiles/STM32_Drivers.dir/__/__/Drivers/STM32G4xx_HAL_Driver/Src/stm32g4xx_hal_pwr_ex.c.obj
                0x08002638                HAL_PWREx_ControlVoltageScaling
 .text.HAL_PWREx_DisableUCPDDeadBattery
                0x08002780       0x20 cmake/stm32cubemx/CMakeFiles/STM32_Drivers.dir/__/__/Drivers/STM32G4xx_HAL_Driver/Src/stm32g4xx_hal_pwr_ex.c.obj
                0x08002780                HAL_PWREx_DisableUCPDDeadBattery
 .text.__NVIC_SetPriorityGrouping
                0x080027a0       0x48 cmake/stm32cubemx/CMakeFiles/STM32_Drivers.dir/__/__/Drivers/STM32G4xx_HAL_Driver/Src/stm32g4xx_hal_cortex.c.obj
 .text.__NVIC_GetPriorityGrouping
                0x080027e8       0x1c cmake/stm32cubemx/CMakeFiles/STM32_Drivers.dir/__/__/Drivers/STM32G4xx_HAL_Driver/Src/stm32g4xx_hal_cortex.c.obj
 .text.__NVIC_EnableIRQ
                0x08002804       0x3c cmake/stm32cubemx/CMakeFiles/STM32_Drivers.dir/__/__/Drivers/STM32G4xx_HAL_Driver/Src/stm32g4xx_hal_cortex.c.obj
 .text.__NVIC_SetPriority
                0x08002840       0x54 cmake/stm32cubemx/CMakeFiles/STM32_Drivers.dir/__/__/Drivers/STM32G4xx_HAL_Driver/Src/stm32g4xx_hal_cortex.c.obj
 .text.NVIC_EncodePriority
                0x08002894       0x66 cmake/stm32cubemx/CMakeFiles/STM32_Drivers.dir/__/__/Drivers/STM32G4xx_HAL_Driver/Src/stm32g4xx_hal_cortex.c.obj
 *fill*         0x080028fa        0x2 
 .text.SysTick_Config
                0x080028fc       0x44 cmake/stm32cubemx/CMakeFiles/STM32_Drivers.dir/__/__/Drivers/STM32G4xx_HAL_Driver/Src/stm32g4xx_hal_cortex.c.obj
 .text.HAL_NVIC_SetPriorityGrouping
                0x08002940       0x16 cmake/stm32cubemx/CMakeFiles/STM32_Drivers.dir/__/__/Drivers/STM32G4xx_HAL_Driver/Src/stm32g4xx_hal_cortex.c.obj
                0x08002940                HAL_NVIC_SetPriorityGrouping
 .text.HAL_NVIC_SetPriority
                0x08002956       0x34 cmake/stm32cubemx/CMakeFiles/STM32_Drivers.dir/__/__/Drivers/STM32G4xx_HAL_Driver/Src/stm32g4xx_hal_cortex.c.obj
                0x08002956                HAL_NVIC_SetPriority
 .text.HAL_NVIC_EnableIRQ
                0x0800298a       0x1c cmake/stm32cubemx/CMakeFiles/STM32_Drivers.dir/__/__/Drivers/STM32G4xx_HAL_Driver/Src/stm32g4xx_hal_cortex.c.obj
                0x0800298a                HAL_NVIC_EnableIRQ
 .text.HAL_SYSTICK_Config
                0x080029a6       0x18 cmake/stm32cubemx/CMakeFiles/STM32_Drivers.dir/__/__/Drivers/STM32G4xx_HAL_Driver/Src/stm32g4xx_hal_cortex.c.obj
                0x080029a6                HAL_SYSTICK_Config
 .text.HAL_I2C_Init
                0x080029be      0x136 cmake/stm32cubemx/CMakeFiles/STM32_Drivers.dir/__/__/Drivers/STM32G4xx_HAL_Driver/Src/stm32g4xx_hal_i2c.c.obj
                0x080029be                HAL_I2C_Init
 .text.HAL_I2C_DeInit
                0x08002af4       0x5e cmake/stm32cubemx/CMakeFiles/STM32_Drivers.dir/__/__/Drivers/STM32G4xx_HAL_Driver/Src/stm32g4xx_hal_i2c.c.obj
                0x08002af4                HAL_I2C_DeInit
 *fill*         0x08002b52        0x2 
 .text.HAL_I2C_Mem_Write
                0x08002b54      0x228 cmake/stm32cubemx/CMakeFiles/STM32_Drivers.dir/__/__/Drivers/STM32G4xx_HAL_Driver/Src/stm32g4xx_hal_i2c.c.obj
                0x08002b54                HAL_I2C_Mem_Write
 .text.HAL_I2C_Mem_Read
                0x08002d7c      0x234 cmake/stm32cubemx/CMakeFiles/STM32_Drivers.dir/__/__/Drivers/STM32G4xx_HAL_Driver/Src/stm32g4xx_hal_i2c.c.obj
                0x08002d7c                HAL_I2C_Mem_Read
 .text.HAL_I2C_IsDeviceReady
                0x08002fb0      0x1d8 cmake/stm32cubemx/CMakeFiles/STM32_Drivers.dir/__/__/Drivers/STM32G4xx_HAL_Driver/Src/stm32g4xx_hal_i2c.c.obj
                0x08002fb0                HAL_I2C_IsDeviceReady
 .text.I2C_RequestMemoryWrite
                0x08003188       0xa8 cmake/stm32cubemx/CMakeFiles/STM32_Drivers.dir/__/__/Drivers/STM32G4xx_HAL_Driver/Src/stm32g4xx_hal_i2c.c.obj
 .text.I2C_RequestMemoryRead
                0x08003230       0xa8 cmake/stm32cubemx/CMakeFiles/STM32_Drivers.dir/__/__/Drivers/STM32G4xx_HAL_Driver/Src/stm32g4xx_hal_i2c.c.obj
 .text.I2C_Flush_TXDR
                0x080032d8       0x48 cmake/stm32cubemx/CMakeFiles/STM32_Drivers.dir/__/__/Drivers/STM32G4xx_HAL_Driver/Src/stm32g4xx_hal_i2c.c.obj
 .text.I2C_WaitOnFlagUntilTimeout
                0x08003320       0xb2 cmake/stm32cubemx/CMakeFiles/STM32_Drivers.dir/__/__/Drivers/STM32G4xx_HAL_Driver/Src/stm32g4xx_hal_i2c.c.obj
 .text.I2C_WaitOnTXISFlagUntilTimeout
                0x080033d2       0x8e cmake/stm32cubemx/CMakeFiles/STM32_Drivers.dir/__/__/Drivers/STM32G4xx_HAL_Driver/Src/stm32g4xx_hal_i2c.c.obj
 .text.I2C_WaitOnSTOPFlagUntilTimeout
                0x08003460       0x86 cmake/stm32cubemx/CMakeFiles/STM32_Drivers.dir/__/__/Drivers/STM32G4xx_HAL_Driver/Src/stm32g4xx_hal_i2c.c.obj
 *fill*         0x080034e6        0x2 
 .text.I2C_IsErrorOccurred
                0x080034e8      0x1c0 cmake/stm32cubemx/CMakeFiles/STM32_Drivers.dir/__/__/Drivers/STM32G4xx_HAL_Driver/Src/stm32g4xx_hal_i2c.c.obj
 .text.I2C_TransferConfig
                0x080036a8       0x64 cmake/stm32cubemx/CMakeFiles/STM32_Drivers.dir/__/__/Drivers/STM32G4xx_HAL_Driver/Src/stm32g4xx_hal_i2c.c.obj
 .text.HAL_I2CEx_ConfigAnalogFilter
                0x0800370c       0x96 cmake/stm32cubemx/CMakeFiles/STM32_Drivers.dir/__/__/Drivers/STM32G4xx_HAL_Driver/Src/stm32g4xx_hal_i2c_ex.c.obj
                0x0800370c                HAL_I2CEx_ConfigAnalogFilter
 .text.HAL_I2CEx_ConfigDigitalFilter
                0x080037a2       0x98 cmake/stm32cubemx/CMakeFiles/STM32_Drivers.dir/__/__/Drivers/STM32G4xx_HAL_Driver/Src/stm32g4xx_hal_i2c_ex.c.obj
                0x080037a2                HAL_I2CEx_ConfigDigitalFilter
 .text.HAL_UART_Init
                0x0800383a       0xa0 cmake/stm32cubemx/CMakeFiles/STM32_Drivers.dir/__/__/Drivers/STM32G4xx_HAL_Driver/Src/stm32g4xx_hal_uart.c.obj
                0x0800383a                HAL_UART_Init
 .text.HAL_UART_Transmit
                0x080038da      0x11c cmake/stm32cubemx/CMakeFiles/STM32_Drivers.dir/__/__/Drivers/STM32G4xx_HAL_Driver/Src/stm32g4xx_hal_uart.c.obj
                0x080038da                HAL_UART_Transmit
 *fill*         0x080039f6        0x2 
 .text.HAL_UART_Receive_DMA
                0x080039f8       0x98 cmake/stm32cubemx/CMakeFiles/STM32_Drivers.dir/__/__/Drivers/STM32G4xx_HAL_Driver/Src/stm32g4xx_hal_uart.c.obj
                0x080039f8                HAL_UART_Receive_DMA
 .text.HAL_UART_RxCpltCallback
                0x08003a90       0x14 cmake/stm32cubemx/CMakeFiles/STM32_Drivers.dir/__/__/Drivers/STM32G4xx_HAL_Driver/Src/stm32g4xx_hal_uart.c.obj
                0x08003a90                HAL_UART_RxCpltCallback
 .text.HAL_UART_RxHalfCpltCallback
                0x08003aa4       0x14 cmake/stm32cubemx/CMakeFiles/STM32_Drivers.dir/__/__/Drivers/STM32G4xx_HAL_Driver/Src/stm32g4xx_hal_uart.c.obj
                0x08003aa4                HAL_UART_RxHalfCpltCallback
 .text.HAL_UART_ErrorCallback
                0x08003ab8       0x14 cmake/stm32cubemx/CMakeFiles/STM32_Drivers.dir/__/__/Drivers/STM32G4xx_HAL_Driver/Src/stm32g4xx_hal_uart.c.obj
                0x08003ab8                HAL_UART_ErrorCallback
 .text.HAL_UARTEx_RxEventCallback
                0x08003acc       0x18 cmake/stm32cubemx/CMakeFiles/STM32_Drivers.dir/__/__/Drivers/STM32G4xx_HAL_Driver/Src/stm32g4xx_hal_uart.c.obj
                0x08003acc                HAL_UARTEx_RxEventCallback
 .text.UART_SetConfig
                0x08003ae4      0x5f8 cmake/stm32cubemx/CMakeFiles/STM32_Drivers.dir/__/__/Drivers/STM32G4xx_HAL_Driver/Src/stm32g4xx_hal_uart.c.obj
                0x08003ae4                UART_SetConfig
 .text.UART_AdvFeatureConfig
                0x080040dc      0x144 cmake/stm32cubemx/CMakeFiles/STM32_Drivers.dir/__/__/Drivers/STM32G4xx_HAL_Driver/Src/stm32g4xx_hal_uart.c.obj
                0x080040dc                UART_AdvFeatureConfig
 .text.UART_CheckIdleState
                0x08004220      0x154 cmake/stm32cubemx/CMakeFiles/STM32_Drivers.dir/__/__/Drivers/STM32G4xx_HAL_Driver/Src/stm32g4xx_hal_uart.c.obj
                0x08004220                UART_CheckIdleState
 .text.UART_WaitOnFlagUntilTimeout
                0x08004374       0xda cmake/stm32cubemx/CMakeFiles/STM32_Drivers.dir/__/__/Drivers/STM32G4xx_HAL_Driver/Src/stm32g4xx_hal_uart.c.obj
                0x08004374                UART_WaitOnFlagUntilTimeout
 *fill*         0x0800444e        0x2 
 .text.UART_Start_Receive_DMA
                0x08004450      0x14c cmake/stm32cubemx/CMakeFiles/STM32_Drivers.dir/__/__/Drivers/STM32G4xx_HAL_Driver/Src/stm32g4xx_hal_uart.c.obj
                0x08004450                UART_Start_Receive_DMA
 .text.UART_EndTxTransfer
                0x0800459c       0x82 cmake/stm32cubemx/CMakeFiles/STM32_Drivers.dir/__/__/Drivers/STM32G4xx_HAL_Driver/Src/stm32g4xx_hal_uart.c.obj
 .text.UART_EndRxTransfer
                0x0800461e       0xcc cmake/stm32cubemx/CMakeFiles/STM32_Drivers.dir/__/__/Drivers/STM32G4xx_HAL_Driver/Src/stm32g4xx_hal_uart.c.obj
 .text.UART_DMAReceiveCplt
                0x080046ea      0x12c cmake/stm32cubemx/CMakeFiles/STM32_Drivers.dir/__/__/Drivers/STM32G4xx_HAL_Driver/Src/stm32g4xx_hal_uart.c.obj
 .text.UART_DMARxHalfCplt
                0x08004816       0x3e cmake/stm32cubemx/CMakeFiles/STM32_Drivers.dir/__/__/Drivers/STM32G4xx_HAL_Driver/Src/stm32g4xx_hal_uart.c.obj
 .text.UART_DMAError
                0x08004854       0x80 cmake/stm32cubemx/CMakeFiles/STM32_Drivers.dir/__/__/Drivers/STM32G4xx_HAL_Driver/Src/stm32g4xx_hal_uart.c.obj
 .text.HAL_UARTEx_DisableFifoMode
                0x080048d4       0x72 cmake/stm32cubemx/CMakeFiles/STM32_Drivers.dir/__/__/Drivers/STM32G4xx_HAL_Driver/Src/stm32g4xx_hal_uart_ex.c.obj
                0x080048d4                HAL_UARTEx_DisableFifoMode
 .text.HAL_UARTEx_SetTxFifoThreshold
                0x08004946       0x7c cmake/stm32cubemx/CMakeFiles/STM32_Drivers.dir/__/__/Drivers/STM32G4xx_HAL_Driver/Src/stm32g4xx_hal_uart_ex.c.obj
                0x08004946                HAL_UARTEx_SetTxFifoThreshold
 .text.HAL_UARTEx_SetRxFifoThreshold
                0x080049c2       0x7c cmake/stm32cubemx/CMakeFiles/STM32_Drivers.dir/__/__/Drivers/STM32G4xx_HAL_Driver/Src/stm32g4xx_hal_uart_ex.c.obj
                0x080049c2                HAL_UARTEx_SetRxFifoThreshold
 *fill*         0x08004a3e        0x2 
 .text.UARTEx_SetNbDataToProcess
                0x08004a40       0x9c cmake/stm32cubemx/CMakeFiles/STM32_Drivers.dir/__/__/Drivers/STM32G4xx_HAL_Driver/Src/stm32g4xx_hal_uart_ex.c.obj
 .text.HAL_PCD_Init
                0x08004adc      0x19c cmake/stm32cubemx/CMakeFiles/STM32_Drivers.dir/__/__/Drivers/STM32G4xx_HAL_Driver/Src/stm32g4xx_hal_pcd.c.obj
                0x08004adc                HAL_PCD_Init
 .text.HAL_PCDEx_ActivateLPM
                0x08004c78       0x54 cmake/stm32cubemx/CMakeFiles/STM32_Drivers.dir/__/__/Drivers/STM32G4xx_HAL_Driver/Src/stm32g4xx_hal_pcd_ex.c.obj
                0x08004c78                HAL_PCDEx_ActivateLPM
 .text.USB_DisableGlobalInt
                0x08004ccc       0x36 cmake/stm32cubemx/CMakeFiles/STM32_Drivers.dir/__/__/Drivers/STM32G4xx_HAL_Driver/Src/stm32g4xx_ll_usb.c.obj
                0x08004ccc                USB_DisableGlobalInt
 .text.USB_DevInit
                0x08004d02       0x3c cmake/stm32cubemx/CMakeFiles/STM32_Drivers.dir/__/__/Drivers/STM32G4xx_HAL_Driver/Src/stm32g4xx_ll_usb.c.obj
                0x08004d02                USB_DevInit
 .text.main     0x08004d3e       0x3c CMakeFiles/stm32g474ceu6.dir/Core/Src/main.c.obj
                0x08004d3e                main
 .text.SystemClock_Config
                0x08004d7a       0x96 CMakeFiles/stm32g474ceu6.dir/Core/Src/main.c.obj
                0x08004d7a                SystemClock_Config
 .text.MX_FDCAN2_Init
                0x08004e10       0x8c CMakeFiles/stm32g474ceu6.dir/Core/Src/main.c.obj
 .text.MX_I2C1_Init
                0x08004e9c       0x80 CMakeFiles/stm32g474ceu6.dir/Core/Src/main.c.obj
 .text.MX_UART4_Init
                0x08004f1c       0x98 CMakeFiles/stm32g474ceu6.dir/Core/Src/main.c.obj
 .text.MX_USART2_UART_Init
                0x08004fb4       0x98 CMakeFiles/stm32g474ceu6.dir/Core/Src/main.c.obj
 .text.MX_USART3_UART_Init
                0x0800504c       0x98 CMakeFiles/stm32g474ceu6.dir/Core/Src/main.c.obj
 .text.MX_USB_PCD_Init
                0x080050e4       0x50 CMakeFiles/stm32g474ceu6.dir/Core/Src/main.c.obj
 .text.MX_DMA_Init
                0x08005134       0x74 CMakeFiles/stm32g474ceu6.dir/Core/Src/main.c.obj
 .text.MX_GPIO_Init
                0x080051a8       0xc8 CMakeFiles/stm32g474ceu6.dir/Core/Src/main.c.obj
 .text.Error_Handler
                0x08005270        0xc CMakeFiles/stm32g474ceu6.dir/Core/Src/main.c.obj
                0x08005270                Error_Handler
 .text.NMI_Handler
                0x0800527c        0x8 CMakeFiles/stm32g474ceu6.dir/Core/Src/stm32g4xx_it.c.obj
                0x0800527c                NMI_Handler
 .text.HardFault_Handler
                0x08005284        0x8 CMakeFiles/stm32g474ceu6.dir/Core/Src/stm32g4xx_it.c.obj
                0x08005284                HardFault_Handler
 .text.MemManage_Handler
                0x0800528c        0x8 CMakeFiles/stm32g474ceu6.dir/Core/Src/stm32g4xx_it.c.obj
                0x0800528c                MemManage_Handler
 .text.BusFault_Handler
                0x08005294        0x8 CMakeFiles/stm32g474ceu6.dir/Core/Src/stm32g4xx_it.c.obj
                0x08005294                BusFault_Handler
 .text.UsageFault_Handler
                0x0800529c        0x8 CMakeFiles/stm32g474ceu6.dir/Core/Src/stm32g4xx_it.c.obj
                0x0800529c                UsageFault_Handler
 .text.SVC_Handler
                0x080052a4        0xe CMakeFiles/stm32g474ceu6.dir/Core/Src/stm32g4xx_it.c.obj
                0x080052a4                SVC_Handler
 .text.DebugMon_Handler
                0x080052b2        0xe CMakeFiles/stm32g474ceu6.dir/Core/Src/stm32g4xx_it.c.obj
                0x080052b2                DebugMon_Handler
 .text.PendSV_Handler
                0x080052c0        0xe CMakeFiles/stm32g474ceu6.dir/Core/Src/stm32g4xx_it.c.obj
                0x080052c0                PendSV_Handler
 .text.SysTick_Handler
                0x080052ce        0xc CMakeFiles/stm32g474ceu6.dir/Core/Src/stm32g4xx_it.c.obj
                0x080052ce                SysTick_Handler
 *fill*         0x080052da        0x2 
 .text.DMA1_Channel1_IRQHandler
                0x080052dc       0x14 CMakeFiles/stm32g474ceu6.dir/Core/Src/stm32g4xx_it.c.obj
                0x080052dc                DMA1_Channel1_IRQHandler
 .text.DMA1_Channel2_IRQHandler
                0x080052f0       0x14 CMakeFiles/stm32g474ceu6.dir/Core/Src/stm32g4xx_it.c.obj
                0x080052f0                DMA1_Channel2_IRQHandler
 .text.DMA1_Channel3_IRQHandler
                0x08005304       0x14 CMakeFiles/stm32g474ceu6.dir/Core/Src/stm32g4xx_it.c.obj
                0x08005304                DMA1_Channel3_IRQHandler
 .text.HAL_MspInit
                0x08005318       0x48 CMakeFiles/stm32g474ceu6.dir/Core/Src/stm32g4xx_hal_msp.c.obj
                0x08005318                HAL_MspInit
 .text.HAL_FDCAN_MspInit
                0x08005360       0xb8 CMakeFiles/stm32g474ceu6.dir/Core/Src/stm32g4xx_hal_msp.c.obj
                0x08005360                HAL_FDCAN_MspInit
 .text.HAL_I2C_MspInit
                0x08005418       0xec CMakeFiles/stm32g474ceu6.dir/Core/Src/stm32g4xx_hal_msp.c.obj
                0x08005418                HAL_I2C_MspInit
 .text.HAL_I2C_MspDeInit
                0x08005504       0x48 CMakeFiles/stm32g474ceu6.dir/Core/Src/stm32g4xx_hal_msp.c.obj
                0x08005504                HAL_I2C_MspDeInit
 .text.HAL_UART_MspInit
                0x0800554c      0x2d4 CMakeFiles/stm32g474ceu6.dir/Core/Src/stm32g4xx_hal_msp.c.obj
                0x0800554c                HAL_UART_MspInit
 .text.HAL_PCD_MspInit
                0x08005820       0x68 CMakeFiles/stm32g474ceu6.dir/Core/Src/stm32g4xx_hal_msp.c.obj
                0x08005820                HAL_PCD_MspInit
 .text._sbrk    0x08005888       0x6c CMakeFiles/stm32g474ceu6.dir/Core/Src/sysmem.c.obj
                0x08005888                _sbrk
 .text.Reset_Handler
                0x080058f4       0x50 CMakeFiles/stm32g474ceu6.dir/startup_stm32g474xx.s.obj
                0x080058f4                Reset_Handler
 .text.Default_Handler
                0x08005944        0x2 CMakeFiles/stm32g474ceu6.dir/startup_stm32g474xx.s.obj
                0x08005944                RTC_Alarm_IRQHandler
                0x08005944                EXTI2_IRQHandler
                0x08005944                TIM8_TRG_COM_IRQHandler
                0x08005944                TIM8_CC_IRQHandler
                0x08005944                HRTIM1_Master_IRQHandler
                0x08005944                SPI4_IRQHandler
                0x08005944                FDCAN3_IT0_IRQHandler
                0x08005944                TIM1_CC_IRQHandler
                0x08005944                HRTIM1_FLT_IRQHandler
                0x08005944                HRTIM1_TIMF_IRQHandler
                0x08005944                USB_HP_IRQHandler
                0x08005944                CORDIC_IRQHandler
                0x08005944                HRTIM1_TIMD_IRQHandler
                0x08005944                DMA2_Channel8_IRQHandler
                0x08005944                EXTI3_IRQHandler
                0x08005944                I2C3_ER_IRQHandler
                0x08005944                EXTI0_IRQHandler
                0x08005944                I2C2_EV_IRQHandler
                0x08005944                FPU_IRQHandler
                0x08005944                FDCAN1_IT1_IRQHandler
                0x08005944                TIM1_UP_TIM16_IRQHandler
                0x08005944                ADC1_2_IRQHandler
                0x08005944                HRTIM1_TIME_IRQHandler
                0x08005944                SPI1_IRQHandler
                0x08005944                TIM6_DAC_IRQHandler
                0x08005944                HRTIM1_TIMC_IRQHandler
                0x08005944                TIM8_UP_IRQHandler
                0x08005944                DMA2_Channel2_IRQHandler
                0x08005944                DMA1_Channel4_IRQHandler
                0x08005944                TIM20_TRG_COM_IRQHandler
                0x08005944                USART3_IRQHandler
                0x08005944                DMA1_Channel7_IRQHandler
                0x08005944                UART5_IRQHandler
                0x08005944                ADC3_IRQHandler
                0x08005944                TIM4_IRQHandler
                0x08005944                DMA2_Channel1_IRQHandler
                0x08005944                QUADSPI_IRQHandler
                0x08005944                I2C1_EV_IRQHandler
                0x08005944                DMA1_Channel6_IRQHandler
                0x08005944                UART4_IRQHandler
                0x08005944                DMA2_Channel4_IRQHandler
                0x08005944                TIM3_IRQHandler
                0x08005944                RCC_IRQHandler
                0x08005944                TIM20_UP_IRQHandler
                0x08005944                Default_Handler
                0x08005944                DMA2_Channel7_IRQHandler
                0x08005944                RTC_TAMP_LSECSS_IRQHandler
                0x08005944                FMAC_IRQHandler
                0x08005944                EXTI15_10_IRQHandler
                0x08005944                DMA1_Channel8_IRQHandler
                0x08005944                HRTIM1_TIMA_IRQHandler
                0x08005944                TIM7_DAC_IRQHandler
                0x08005944                FDCAN3_IT1_IRQHandler
                0x08005944                TIM5_IRQHandler
                0x08005944                UCPD1_IRQHandler
                0x08005944                I2C3_EV_IRQHandler
                0x08005944                EXTI9_5_IRQHandler
                0x08005944                RTC_WKUP_IRQHandler
                0x08005944                PVD_PVM_IRQHandler
                0x08005944                SPI2_IRQHandler
                0x08005944                ADC5_IRQHandler
                0x08005944                DMA2_Channel5_IRQHandler
                0x08005944                CRS_IRQHandler
                0x08005944                DMA1_Channel5_IRQHandler
                0x08005944                USB_LP_IRQHandler
                0x08005944                EXTI4_IRQHandler
                0x08005944                RNG_IRQHandler
                0x08005944                HRTIM1_TIMB_IRQHandler
                0x08005944                TIM1_TRG_COM_TIM17_IRQHandler
                0x08005944                FDCAN2_IT1_IRQHandler
                0x08005944                ADC4_IRQHandler
                0x08005944                WWDG_IRQHandler
                0x08005944                I2C4_EV_IRQHandler
                0x08005944                FDCAN2_IT0_IRQHandler
                0x08005944                LPUART1_IRQHandler
                0x08005944                DMA2_Channel6_IRQHandler
                0x08005944                FDCAN1_IT0_IRQHandler
                0x08005944                TIM2_IRQHandler
                0x08005944                COMP7_IRQHandler
                0x08005944                COMP1_2_3_IRQHandler
                0x08005944                EXTI1_IRQHandler
                0x08005944                USART2_IRQHandler
                0x08005944                COMP4_5_6_IRQHandler
                0x08005944                TIM20_BRK_IRQHandler
                0x08005944                I2C2_ER_IRQHandler
                0x08005944                TIM8_BRK_IRQHandler
                0x08005944                FLASH_IRQHandler
                0x08005944                TIM20_CC_IRQHandler
                0x08005944                USART1_IRQHandler
                0x08005944                SPI3_IRQHandler
                0x08005944                I2C1_ER_IRQHandler
                0x08005944                FMC_IRQHandler
                0x08005944                LPTIM1_IRQHandler
                0x08005944                DMAMUX_OVR_IRQHandler
                0x08005944                I2C4_ER_IRQHandler
                0x08005944                USBWakeUp_IRQHandler
                0x08005944                SAI1_IRQHandler
                0x08005944                DMA2_Channel3_IRQHandler
                0x08005944                TIM1_BRK_TIM15_IRQHandler
 .text.apInit   0x08005946        0xe CMakeFiles/stm32g474ceu6.dir/App/ap/ap.c.obj
                0x08005946                apInit
 .text.apMain   0x08005954       0x98 CMakeFiles/stm32g474ceu6.dir/App/ap/ap.c.obj
                0x08005954                apMain
 .text.qbufferCreate
                0x080059ec       0x3c CMakeFiles/stm32g474ceu6.dir/App/common/src/qbuffer.c.obj
                0x080059ec                qbufferCreate
 .text.qbufferRead
                0x08005a28       0xb0 CMakeFiles/stm32g474ceu6.dir/App/common/src/qbuffer.c.obj
                0x08005a28                qbufferRead
 .text.qbufferAvailable
                0x08005ad8       0x30 CMakeFiles/stm32g474ceu6.dir/App/common/src/qbuffer.c.obj
                0x08005ad8                qbufferAvailable
 .text.hwInit   0x08005b08       0x3c CMakeFiles/stm32g474ceu6.dir/App/hw/hw.c.obj
                0x08005b08                hwInit
 .text.delay    0x08005b44       0x16 CMakeFiles/stm32g474ceu6.dir/App/hw/hw.c.obj
                0x08005b44                delay
 .text.millis   0x08005b5a        0xe CMakeFiles/stm32g474ceu6.dir/App/hw/hw.c.obj
                0x08005b5a                millis
 .text.ADS1115_init
                0x08005b68       0x5c CMakeFiles/stm32g474ceu6.dir/App/hw/src/ads1115.c.obj
                0x08005b68                ADS1115_init
 .text.ADS1115_begin
                0x08005bc4       0x84 CMakeFiles/stm32g474ceu6.dir/App/hw/src/ads1115.c.obj
                0x08005bc4                ADS1115_begin
 .text.setGain  0x08005c48       0xc4 CMakeFiles/stm32g474ceu6.dir/App/hw/src/ads1115.c.obj
                0x08005c48                setGain
 .text.setDataRate
                0x08005d0c       0x48 CMakeFiles/stm32g474ceu6.dir/App/hw/src/ads1115.c.obj
                0x08005d0c                setDataRate
 .text.setMode  0x08005d54       0x38 CMakeFiles/stm32g474ceu6.dir/App/hw/src/ads1115.c.obj
                0x08005d54                setMode
 .text._requestADC
                0x08005d8c       0xcc CMakeFiles/stm32g474ceu6.dir/App/hw/src/ads1115.c.obj
                0x08005d8c                _requestADC
 .text.isReady  0x08005e58       0x5c CMakeFiles/stm32g474ceu6.dir/App/hw/src/ads1115.c.obj
                0x08005e58                isReady
 .text.isBusy   0x08005eb4       0x24 CMakeFiles/stm32g474ceu6.dir/App/hw/src/ads1115.c.obj
                0x08005eb4                isBusy
 .text._readADC
                0x08005ed8       0x84 CMakeFiles/stm32g474ceu6.dir/App/hw/src/ads1115.c.obj
                0x08005ed8                _readADC
 .text.readADC  0x08005f5c       0x40 CMakeFiles/stm32g474ceu6.dir/App/hw/src/ads1115.c.obj
                0x08005f5c                readADC
 .text.getValue
                0x08005f9c       0x64 CMakeFiles/stm32g474ceu6.dir/App/hw/src/ads1115.c.obj
                0x08005f9c                getValue
 .text.i2cInit  0x08006000       0x5c CMakeFiles/stm32g474ceu6.dir/App/hw/src/i2c.c.obj
                0x08006000                i2cInit
 .text.i2cBegin
                0x0800605c       0xcc CMakeFiles/stm32g474ceu6.dir/App/hw/src/i2c.c.obj
                0x0800605c                i2cBegin
 .text.i2cGetTimming
                0x08006128       0x40 CMakeFiles/stm32g474ceu6.dir/App/hw/src/i2c.c.obj
 .text.i2cReset
                0x08006168      0x12c CMakeFiles/stm32g474ceu6.dir/App/hw/src/i2c.c.obj
                0x08006168                i2cReset
 .text.i2cIsDeviceReady
                0x08006294       0x58 CMakeFiles/stm32g474ceu6.dir/App/hw/src/i2c.c.obj
                0x08006294                i2cIsDeviceReady
 .text.i2cReadByte
                0x080062ec       0x32 CMakeFiles/stm32g474ceu6.dir/App/hw/src/i2c.c.obj
                0x080062ec                i2cReadByte
 *fill*         0x0800631e        0x2 
 .text.i2cReadBytes
                0x08006320       0x74 CMakeFiles/stm32g474ceu6.dir/App/hw/src/i2c.c.obj
                0x08006320                i2cReadBytes
 .text.i2cWriteBytes
                0x08006394       0x74 CMakeFiles/stm32g474ceu6.dir/App/hw/src/i2c.c.obj
                0x08006394                i2cWriteBytes
 .text.delayUs  0x08006408       0x32 CMakeFiles/stm32g474ceu6.dir/App/hw/src/i2c.c.obj
 .text.ledInit  0x0800643a       0x2c CMakeFiles/stm32g474ceu6.dir/App/hw/src/led.c.obj
                0x0800643a                ledInit
 *fill*         0x08006466        0x2 
 .text.ledOff   0x08006468       0x40 CMakeFiles/stm32g474ceu6.dir/App/hw/src/led.c.obj
                0x08006468                ledOff
 .text.ledToggle
                0x080064a8       0x38 CMakeFiles/stm32g474ceu6.dir/App/hw/src/led.c.obj
                0x080064a8                ledToggle
 .text.uartInit
                0x080064e0       0xb4 CMakeFiles/stm32g474ceu6.dir/App/hw/src/uart.c.obj
                0x080064e0                uartInit
 .text.uartOpen
                0x08006594      0x1cc CMakeFiles/stm32g474ceu6.dir/App/hw/src/uart.c.obj
                0x08006594                uartOpen
 .text.uartAvailable
                0x08006760       0x7c CMakeFiles/stm32g474ceu6.dir/App/hw/src/uart.c.obj
                0x08006760                uartAvailable
 .text.uartRead
                0x080067dc       0x38 CMakeFiles/stm32g474ceu6.dir/App/hw/src/uart.c.obj
                0x080067dc                uartRead
 .text.uartWrite
                0x08006814       0x54 CMakeFiles/stm32g474ceu6.dir/App/hw/src/uart.c.obj
                0x08006814                uartWrite
 .text.uartPrintf
                0x08006868       0x82 CMakeFiles/stm32g474ceu6.dir/App/hw/src/uart.c.obj
                0x08006868                uartPrintf
 .text._vsnprintf_r
                0x080068ea       0x5c C:/ST/STM32CubeCLT_1.18.0/GNU-tools-for-STM32/bin/../lib/gcc/arm-none-eabi/13.3.1/../../../../arm-none-eabi/lib/thumb/v7e-m+fp/hard\libg_nano.a(libc_a-vsnprintf.o)
                0x080068ea                _vsniprintf_r
                0x080068ea                _vsnprintf_r
 *fill*         0x08006946        0x2 
 .text.vsnprintf
                0x08006948       0x1c C:/ST/STM32CubeCLT_1.18.0/GNU-tools-for-STM32/bin/../lib/gcc/arm-none-eabi/13.3.1/../../../../arm-none-eabi/lib/thumb/v7e-m+fp/hard\libg_nano.a(libc_a-vsnprintf.o)
                0x08006948                vsniprintf
                0x08006948                vsnprintf
 .text.__errno  0x08006964        0xc C:/ST/STM32CubeCLT_1.18.0/GNU-tools-for-STM32/bin/../lib/gcc/arm-none-eabi/13.3.1/../../../../arm-none-eabi/lib/thumb/v7e-m+fp/hard\libg_nano.a(libc_a-errno.o)
                0x08006964                __errno
 .text.__ssputs_r
                0x08006970       0xb6 C:/ST/STM32CubeCLT_1.18.0/GNU-tools-for-STM32/bin/../lib/gcc/arm-none-eabi/13.3.1/../../../../arm-none-eabi/lib/thumb/v7e-m+fp/hard\libg_nano.a(libc_a-nano-svfprintf.o)
                0x08006970                __ssputs_r
 *fill*         0x08006a26        0x2 
 .text._svfprintf_r
                0x08006a28      0x1f8 C:/ST/STM32CubeCLT_1.18.0/GNU-tools-for-STM32/bin/../lib/gcc/arm-none-eabi/13.3.1/../../../../arm-none-eabi/lib/thumb/v7e-m+fp/hard\libg_nano.a(libc_a-nano-svfprintf.o)
                0x08006a28                _svfiprintf_r
                0x08006a28                _svfprintf_r
 .text._printf_common
                0x08006c20       0xda C:/ST/STM32CubeCLT_1.18.0/GNU-tools-for-STM32/bin/../lib/gcc/arm-none-eabi/13.3.1/../../../../arm-none-eabi/lib/thumb/v7e-m+fp/hard\libg_nano.a(libc_a-nano-vfprintf_i.o)
                0x08006c20                _printf_common
 *fill*         0x08006cfa        0x2 
 .text._printf_i
                0x08006cfc      0x23c C:/ST/STM32CubeCLT_1.18.0/GNU-tools-for-STM32/bin/../lib/gcc/arm-none-eabi/13.3.1/../../../../arm-none-eabi/lib/thumb/v7e-m+fp/hard\libg_nano.a(libc_a-nano-vfprintf_i.o)
                0x08006cfc                _printf_i
 .text.memmove  0x08006f38       0x34 C:/ST/STM32CubeCLT_1.18.0/GNU-tools-for-STM32/bin/../lib/gcc/arm-none-eabi/13.3.1/../../../../arm-none-eabi/lib/thumb/v7e-m+fp/hard\libg_nano.a(libc_a-memmove.o)
                0x08006f38                memmove
 .text.memcpy   0x08006f6c       0x1c C:/ST/STM32CubeCLT_1.18.0/GNU-tools-for-STM32/bin/../lib/gcc/arm-none-eabi/13.3.1/../../../../arm-none-eabi/lib/thumb/v7e-m+fp/hard\libg_nano.a(libc_a-memcpy-stub.o)
                0x08006f6c                memcpy
 .text._realloc_r
                0x08006f88       0x5c C:/ST/STM32CubeCLT_1.18.0/GNU-tools-for-STM32/bin/../lib/gcc/arm-none-eabi/13.3.1/../../../../arm-none-eabi/lib/thumb/v7e-m+fp/hard\libg_nano.a(libc_a-reallocr.o)
                0x08006f88                _realloc_r
 .text._malloc_usable_size_r
                0x08006fe4       0x10 C:/ST/STM32CubeCLT_1.18.0/GNU-tools-for-STM32/bin/../lib/gcc/arm-none-eabi/13.3.1/../../../../arm-none-eabi/lib/thumb/v7e-m+fp/hard\libg_nano.a(libc_a-msizer.o)
                0x08006fe4                _malloc_usable_size_r
 *(.glue_7)
 .glue_7        0x08006ff4        0x0 linker stubs
 *(.glue_7t)
 .glue_7t       0x08006ff4        0x0 linker stubs
 *(.eh_frame)
 .eh_frame      0x08006ff4        0x0 C:/ST/STM32CubeCLT_1.18.0/GNU-tools-for-STM32/bin/../lib/gcc/arm-none-eabi/13.3.1/thumb/v7e-m+fp/hard/crtbegin.o
 *(.init)
 .init          0x08006ff4        0x4 C:/ST/STM32CubeCLT_1.18.0/GNU-tools-for-STM32/bin/../lib/gcc/arm-none-eabi/13.3.1/thumb/v7e-m+fp/hard/crti.o
                0x08006ff4                _init
 .init          0x08006ff8        0x8 C:/ST/STM32CubeCLT_1.18.0/GNU-tools-for-STM32/bin/../lib/gcc/arm-none-eabi/13.3.1/thumb/v7e-m+fp/hard/crtn.o
 *(.fini)
 .fini          0x08007000        0x4 C:/ST/STM32CubeCLT_1.18.0/GNU-tools-for-STM32/bin/../lib/gcc/arm-none-eabi/13.3.1/thumb/v7e-m+fp/hard/crti.o
                0x08007000                _fini
 .fini          0x08007004        0x8 C:/ST/STM32CubeCLT_1.18.0/GNU-tools-for-STM32/bin/../lib/gcc/arm-none-eabi/13.3.1/thumb/v7e-m+fp/hard/crtn.o
                0x0800700c                        . = ALIGN (0x4)
                0x0800700c                        _etext = .

.vfp11_veneer   0x0800700c        0x0
 .vfp11_veneer  0x0800700c        0x0 linker stubs

.v4_bx          0x0800700c        0x0
 .v4_bx         0x0800700c        0x0 linker stubs

.iplt           0x0800700c        0x0
 .iplt          0x0800700c        0x0 C:/ST/STM32CubeCLT_1.18.0/GNU-tools-for-STM32/bin/../lib/gcc/arm-none-eabi/13.3.1/thumb/v7e-m+fp/hard/crtbegin.o

.rodata         0x0800700c      0x130
                0x0800700c                        . = ALIGN (0x4)
 *(.rodata)
 .rodata        0x0800700c       0x1c CMakeFiles/stm32g474ceu6.dir/App/ap/ap.c.obj
 .rodata        0x08007028       0x3f CMakeFiles/stm32g474ceu6.dir/App/hw/src/uart.c.obj
 *(.rodata*)
 *fill*         0x08007067        0x1 
 .rodata.AHBPrescTable
                0x08007068       0x10 cmake/stm32cubemx/CMakeFiles/STM32_Drivers.dir/__/__/Core/Src/system_stm32g4xx.c.obj
                0x08007068                AHBPrescTable
 .rodata.APBPrescTable
                0x08007078        0x8 cmake/stm32cubemx/CMakeFiles/STM32_Drivers.dir/__/__/Core/Src/system_stm32g4xx.c.obj
                0x08007078                APBPrescTable
 .rodata.UARTPrescTable
                0x08007080       0x18 cmake/stm32cubemx/CMakeFiles/STM32_Drivers.dir/__/__/Drivers/STM32G4xx_HAL_Driver/Src/stm32g4xx_hal_uart.c.obj
                0x08007080                UARTPrescTable
 .rodata.numerator.1
                0x08007098        0x8 cmake/stm32cubemx/CMakeFiles/STM32_Drivers.dir/__/__/Drivers/STM32G4xx_HAL_Driver/Src/stm32g4xx_hal_uart_ex.c.obj
 .rodata.denominator.0
                0x080070a0        0x8 cmake/stm32cubemx/CMakeFiles/STM32_Drivers.dir/__/__/Drivers/STM32G4xx_HAL_Driver/Src/stm32g4xx_hal_uart_ex.c.obj
 .rodata.uart_hw_tbl
                0x080070a8       0x60 CMakeFiles/stm32g474ceu6.dir/App/hw/src/uart.c.obj
 .rodata._svfprintf_r.str1.1
                0x08007108       0x33 C:/ST/STM32CubeCLT_1.18.0/GNU-tools-for-STM32/bin/../lib/gcc/arm-none-eabi/13.3.1/../../../../arm-none-eabi/lib/thumb/v7e-m+fp/hard\libg_nano.a(libc_a-nano-svfprintf.o)
                                 0x11 (size before relaxing)
 .rodata._printf_i.str1.1
                0x0800713b       0x22 C:/ST/STM32CubeCLT_1.18.0/GNU-tools-for-STM32/bin/../lib/gcc/arm-none-eabi/13.3.1/../../../../arm-none-eabi/lib/thumb/v7e-m+fp/hard\libg_nano.a(libc_a-nano-vfprintf_i.o)
                0x08007160                        . = ALIGN (0x4)
 *fill*         0x0800713b        0x1 

.ARM.extab      0x0800713c        0x0
                0x0800713c                        . = ALIGN (0x4)
 *(.ARM.extab* .gnu.linkonce.armextab.*)
                0x0800713c                        . = ALIGN (0x4)

.ARM            0x0800713c        0x8
                0x0800713c                        . = ALIGN (0x4)
                0x0800713c                        __exidx_start = .
 *(.ARM.exidx*)
 .ARM.exidx     0x0800713c        0x8 C:/ST/STM32CubeCLT_1.18.0/GNU-tools-for-STM32/bin/../lib/gcc/arm-none-eabi/13.3.1/thumb/v7e-m+fp/hard\libgcc.a(_udivmoddi4.o)
 .ARM.exidx     0x08007144        0x0 C:/ST/STM32CubeCLT_1.18.0/GNU-tools-for-STM32/bin/../lib/gcc/arm-none-eabi/13.3.1/../../../../arm-none-eabi/lib/thumb/v7e-m+fp/hard\libg_nano.a(libc_a-memchr.o)
                                  0x8 (size before relaxing)
                0x08007144                        __exidx_end = .
                0x08007144                        . = ALIGN (0x4)

.preinit_array  0x08007144        0x0
                0x08007144                        . = ALIGN (0x4)
                0x08007144                        PROVIDE (__preinit_array_start = .)
 *(.preinit_array*)
                0x08007144                        PROVIDE (__preinit_array_end = .)
                0x08007144                        . = ALIGN (0x4)

.init_array     0x08007144        0x4
                0x08007144                        . = ALIGN (0x4)
                0x08007144                        PROVIDE (__init_array_start = .)
 *(SORT_BY_NAME(.init_array.*))
 *(.init_array*)
 .init_array    0x08007144        0x4 C:/ST/STM32CubeCLT_1.18.0/GNU-tools-for-STM32/bin/../lib/gcc/arm-none-eabi/13.3.1/thumb/v7e-m+fp/hard/crtbegin.o
                0x08007148                        PROVIDE (__init_array_end = .)
                0x08007148                        . = ALIGN (0x4)

.fini_array     0x08007148        0x4
                0x08007148                        . = ALIGN (0x4)
                [!provide]                        PROVIDE (__fini_array_start = .)
 *(SORT_BY_NAME(.fini_array.*))
 *(.fini_array*)
 .fini_array    0x08007148        0x4 C:/ST/STM32CubeCLT_1.18.0/GNU-tools-for-STM32/bin/../lib/gcc/arm-none-eabi/13.3.1/thumb/v7e-m+fp/hard/crtbegin.o
                [!provide]                        PROVIDE (__fini_array_end = .)
                0x0800714c                        . = ALIGN (0x4)
                0x0800714c                        _sidata = LOADADDR (.data)

.rel.dyn        0x0800714c        0x0
 .rel.iplt      0x0800714c        0x0 C:/ST/STM32CubeCLT_1.18.0/GNU-tools-for-STM32/bin/../lib/gcc/arm-none-eabi/13.3.1/thumb/v7e-m+fp/hard/crtbegin.o

.data           0x20000000       0x7c load address 0x0800714c
                0x20000000                        . = ALIGN (0x4)
                0x20000000                        _sdata = .
 *(.data)
 *(.data*)
 .data._impure_ptr
                0x20000000        0x4 C:/ST/STM32CubeCLT_1.18.0/GNU-tools-for-STM32/bin/../lib/gcc/arm-none-eabi/13.3.1/../../../../arm-none-eabi/lib/thumb/v7e-m+fp/hard\libc_nano.a(libc_a-impure.o)
                0x20000000                _impure_ptr
 .data._impure_data
                0x20000004       0x4c C:/ST/STM32CubeCLT_1.18.0/GNU-tools-for-STM32/bin/../lib/gcc/arm-none-eabi/13.3.1/../../../../arm-none-eabi/lib/thumb/v7e-m+fp/hard\libc_nano.a(libc_a-impure.o)
                0x20000004                _impure_data
 .data.SystemCoreClock
                0x20000050        0x4 cmake/stm32cubemx/CMakeFiles/STM32_Drivers.dir/__/__/Core/Src/system_stm32g4xx.c.obj
                0x20000050                SystemCoreClock
 .data.uwTickPrio
                0x20000054        0x4 cmake/stm32cubemx/CMakeFiles/STM32_Drivers.dir/__/__/Drivers/STM32G4xx_HAL_Driver/Src/stm32g4xx_hal.c.obj
                0x20000054                uwTickPrio
 .data.uwTickFreq
                0x20000058        0x4 cmake/stm32cubemx/CMakeFiles/STM32_Drivers.dir/__/__/Drivers/STM32G4xx_HAL_Driver/Src/stm32g4xx_hal.c.obj
                0x20000058                uwTickFreq
 .data.i2c_tbl  0x2000005c       0x18 CMakeFiles/stm32g474ceu6.dir/App/hw/src/i2c.c.obj
 .data.led_tbl  0x20000074        0x8 CMakeFiles/stm32g474ceu6.dir/App/hw/src/led.c.obj
 *(.RamFunc)
 *(.RamFunc*)
                0x2000007c                        . = ALIGN (0x4)
                0x2000007c                        _edata = .

.igot.plt       0x2000007c        0x0 load address 0x080071c8
 .igot.plt      0x2000007c        0x0 C:/ST/STM32CubeCLT_1.18.0/GNU-tools-for-STM32/bin/../lib/gcc/arm-none-eabi/13.3.1/thumb/v7e-m+fp/hard/crtbegin.o
                0x2000007c                        . = ALIGN (0x4)

.bss            0x2000007c     0x10b8 load address 0x080071c8
                0x2000007c                        _sbss = .
                0x2000007c                        __bss_start__ = _sbss
 *(.bss)
 .bss           0x2000007c       0x1c C:/ST/STM32CubeCLT_1.18.0/GNU-tools-for-STM32/bin/../lib/gcc/arm-none-eabi/13.3.1/thumb/v7e-m+fp/hard/crtbegin.o
 *(.bss*)
 .bss.__sf      0x20000098      0x138 C:/ST/STM32CubeCLT_1.18.0/GNU-tools-for-STM32/bin/../lib/gcc/arm-none-eabi/13.3.1/../../../../arm-none-eabi/lib/thumb/v7e-m+fp/hard\libc_nano.a(libc_a-findfp.o)
                0x20000098                __sf
 .bss.errno     0x200001d0        0x4 C:/ST/STM32CubeCLT_1.18.0/GNU-tools-for-STM32/bin/../lib/gcc/arm-none-eabi/13.3.1/../../../../arm-none-eabi/lib/thumb/v7e-m+fp/hard\libc_nano.a(libc_a-reent.o)
                0x200001d0                errno
 .bss.__lock___malloc_recursive_mutex
                0x200001d4        0x1 C:/ST/STM32CubeCLT_1.18.0/GNU-tools-for-STM32/bin/../lib/gcc/arm-none-eabi/13.3.1/../../../../arm-none-eabi/lib/thumb/v7e-m+fp/hard\libc_nano.a(libc_a-lock.o)
                0x200001d4                __lock___malloc_recursive_mutex
 *fill*         0x200001d5        0x3 
 .bss.__malloc_sbrk_start
                0x200001d8        0x4 C:/ST/STM32CubeCLT_1.18.0/GNU-tools-for-STM32/bin/../lib/gcc/arm-none-eabi/13.3.1/../../../../arm-none-eabi/lib/thumb/v7e-m+fp/hard\libc_nano.a(libc_a-mallocr.o)
                0x200001d8                __malloc_sbrk_start
 .bss.__malloc_free_list
                0x200001dc        0x4 C:/ST/STM32CubeCLT_1.18.0/GNU-tools-for-STM32/bin/../lib/gcc/arm-none-eabi/13.3.1/../../../../arm-none-eabi/lib/thumb/v7e-m+fp/hard\libc_nano.a(libc_a-mallocr.o)
                0x200001dc                __malloc_free_list
 .bss.uwTick    0x200001e0        0x4 cmake/stm32cubemx/CMakeFiles/STM32_Drivers.dir/__/__/Drivers/STM32G4xx_HAL_Driver/Src/stm32g4xx_hal.c.obj
                0x200001e0                uwTick
 .bss.hfdcan2   0x200001e4       0x64 CMakeFiles/stm32g474ceu6.dir/Core/Src/main.c.obj
                0x200001e4                hfdcan2
 .bss.hi2c1     0x20000248       0x54 CMakeFiles/stm32g474ceu6.dir/Core/Src/main.c.obj
                0x20000248                hi2c1
 .bss.huart4    0x2000029c       0x94 CMakeFiles/stm32g474ceu6.dir/Core/Src/main.c.obj
                0x2000029c                huart4
 .bss.huart2    0x20000330       0x94 CMakeFiles/stm32g474ceu6.dir/Core/Src/main.c.obj
                0x20000330                huart2
 .bss.huart3    0x200003c4       0x94 CMakeFiles/stm32g474ceu6.dir/Core/Src/main.c.obj
                0x200003c4                huart3
 .bss.hdma_uart4_rx
                0x20000458       0x60 CMakeFiles/stm32g474ceu6.dir/Core/Src/main.c.obj
                0x20000458                hdma_uart4_rx
 .bss.hdma_usart2_rx
                0x200004b8       0x60 CMakeFiles/stm32g474ceu6.dir/Core/Src/main.c.obj
                0x200004b8                hdma_usart2_rx
 .bss.hdma_usart3_rx
                0x20000518       0x60 CMakeFiles/stm32g474ceu6.dir/Core/Src/main.c.obj
                0x20000518                hdma_usart3_rx
 .bss.hpcd_USB_FS
                0x20000578      0x2dc CMakeFiles/stm32g474ceu6.dir/Core/Src/main.c.obj
                0x20000578                hpcd_USB_FS
 .bss.__sbrk_heap_end
                0x20000854        0x4 CMakeFiles/stm32g474ceu6.dir/Core/Src/sysmem.c.obj
 .bss.ads1115_packet
                0x20000858        0x8 CMakeFiles/stm32g474ceu6.dir/App/hw/src/ads1115.c.obj
                0x20000858                ads1115_packet
 .bss.ads_config
                0x20000860       0x14 CMakeFiles/stm32g474ceu6.dir/App/hw/src/ads1115.c.obj
                0x20000860                ads_config
 .bss.ads_comp  0x20000874        0x4 CMakeFiles/stm32g474ceu6.dir/App/hw/src/ads1115.c.obj
                0x20000874                ads_comp
 .bss.ads_tbl   0x20000878       0x18 CMakeFiles/stm32g474ceu6.dir/App/hw/src/ads1115.c.obj
                0x20000878                ads_tbl
 .bss.i2c_timeout
                0x20000890        0x4 CMakeFiles/stm32g474ceu6.dir/App/hw/src/i2c.c.obj
 .bss.i2c_errcount
                0x20000894        0x4 CMakeFiles/stm32g474ceu6.dir/App/hw/src/i2c.c.obj
 .bss.i2c_freq  0x20000898        0x4 CMakeFiles/stm32g474ceu6.dir/App/hw/src/i2c.c.obj
 .bss.is_init   0x2000089c        0x1 CMakeFiles/stm32g474ceu6.dir/App/hw/src/i2c.c.obj
 *fill*         0x2000089d        0x3 
 .bss.is_begin  0x200008a0        0x1 CMakeFiles/stm32g474ceu6.dir/App/hw/src/i2c.c.obj
 .bss.is_init   0x200008a1        0x1 CMakeFiles/stm32g474ceu6.dir/App/hw/src/uart.c.obj
 *fill*         0x200008a2        0x2 
 .bss.uart_tbl  0x200008a4      0x890 CMakeFiles/stm32g474ceu6.dir/App/hw/src/uart.c.obj
 *(COMMON)
                0x20001134                        . = ALIGN (0x4)
                0x20001134                        _ebss = .
                0x20001134                        __bss_end__ = _ebss

._user_heap_stack
                0x20001134      0x604 load address 0x080071c8
                0x20001138                        . = ALIGN (0x8)
 *fill*         0x20001134        0x4 
                [!provide]                        PROVIDE (end = .)
                0x20001138                        PROVIDE (_end = .)
                0x20001338                        . = (. + _Min_Heap_Size)
 *fill*         0x20001138      0x200 
                0x20001738                        . = (. + _Min_Stack_Size)
 *fill*         0x20001338      0x400 
                0x20001738                        . = ALIGN (0x8)

/DISCARD/
 libc.a(*)
 libm.a(*)
 libgcc.a(*)
OUTPUT(stm32g474ceu6.elf elf32-littlearm)
LOAD linker stubs
LOAD C:/ST/STM32CubeCLT_1.18.0/GNU-tools-for-STM32/bin/../lib/gcc/arm-none-eabi/13.3.1/../../../../arm-none-eabi/lib/thumb/v7e-m+fp/hard\libc.a
LOAD C:/ST/STM32CubeCLT_1.18.0/GNU-tools-for-STM32/bin/../lib/gcc/arm-none-eabi/13.3.1/../../../../arm-none-eabi/lib/thumb/v7e-m+fp/hard\libm.a
LOAD C:/ST/STM32CubeCLT_1.18.0/GNU-tools-for-STM32/bin/../lib/gcc/arm-none-eabi/13.3.1/thumb/v7e-m+fp/hard\libgcc.a

.ARM.attributes
                0x00000000       0x30
 .ARM.attributes
                0x00000000       0x22 C:/ST/STM32CubeCLT_1.18.0/GNU-tools-for-STM32/bin/../lib/gcc/arm-none-eabi/13.3.1/thumb/v7e-m+fp/hard/crti.o
 .ARM.attributes
                0x00000022       0x34 C:/ST/STM32CubeCLT_1.18.0/GNU-tools-for-STM32/bin/../lib/gcc/arm-none-eabi/13.3.1/thumb/v7e-m+fp/hard/crtbegin.o
 .ARM.attributes
                0x00000056       0x34 C:/ST/STM32CubeCLT_1.18.0/GNU-tools-for-STM32/bin/../lib/gcc/arm-none-eabi/13.3.1/../../../../arm-none-eabi/lib/thumb/v7e-m+fp/hard\libc_nano.a(libc_a-findfp.o)
 .ARM.attributes
                0x0000008a       0x34 C:/ST/STM32CubeCLT_1.18.0/GNU-tools-for-STM32/bin/../lib/gcc/arm-none-eabi/13.3.1/../../../../arm-none-eabi/lib/thumb/v7e-m+fp/hard\libc_nano.a(libc_a-memset.o)
 .ARM.attributes
                0x000000be       0x34 C:/ST/STM32CubeCLT_1.18.0/GNU-tools-for-STM32/bin/../lib/gcc/arm-none-eabi/13.3.1/../../../../arm-none-eabi/lib/thumb/v7e-m+fp/hard\libc_nano.a(libc_a-reent.o)
 .ARM.attributes
                0x000000f2       0x34 C:/ST/STM32CubeCLT_1.18.0/GNU-tools-for-STM32/bin/../lib/gcc/arm-none-eabi/13.3.1/../../../../arm-none-eabi/lib/thumb/v7e-m+fp/hard\libc_nano.a(libc_a-impure.o)
 .ARM.attributes
                0x00000126       0x34 C:/ST/STM32CubeCLT_1.18.0/GNU-tools-for-STM32/bin/../lib/gcc/arm-none-eabi/13.3.1/../../../../arm-none-eabi/lib/thumb/v7e-m+fp/hard\libc_nano.a(libc_a-init.o)
 .ARM.attributes
                0x0000015a       0x34 C:/ST/STM32CubeCLT_1.18.0/GNU-tools-for-STM32/bin/../lib/gcc/arm-none-eabi/13.3.1/../../../../arm-none-eabi/lib/thumb/v7e-m+fp/hard\libc_nano.a(libc_a-lock.o)
 .ARM.attributes
                0x0000018e       0x34 C:/ST/STM32CubeCLT_1.18.0/GNU-tools-for-STM32/bin/../lib/gcc/arm-none-eabi/13.3.1/../../../../arm-none-eabi/lib/thumb/v7e-m+fp/hard\libc_nano.a(libc_a-freer.o)
 .ARM.attributes
                0x000001c2       0x34 C:/ST/STM32CubeCLT_1.18.0/GNU-tools-for-STM32/bin/../lib/gcc/arm-none-eabi/13.3.1/../../../../arm-none-eabi/lib/thumb/v7e-m+fp/hard\libc_nano.a(libc_a-mallocr.o)
 .ARM.attributes
                0x000001f6       0x34 C:/ST/STM32CubeCLT_1.18.0/GNU-tools-for-STM32/bin/../lib/gcc/arm-none-eabi/13.3.1/../../../../arm-none-eabi/lib/thumb/v7e-m+fp/hard\libc_nano.a(libc_a-mlock.o)
 .ARM.attributes
                0x0000022a       0x34 C:/ST/STM32CubeCLT_1.18.0/GNU-tools-for-STM32/bin/../lib/gcc/arm-none-eabi/13.3.1/../../../../arm-none-eabi/lib/thumb/v7e-m+fp/hard\libc_nano.a(libc_a-sbrkr.o)
 .ARM.attributes
                0x0000025e       0x34 cmake/stm32cubemx/CMakeFiles/STM32_Drivers.dir/__/__/Core/Src/system_stm32g4xx.c.obj
 .ARM.attributes
                0x00000292       0x34 cmake/stm32cubemx/CMakeFiles/STM32_Drivers.dir/__/__/Drivers/STM32G4xx_HAL_Driver/Src/stm32g4xx_hal_fdcan.c.obj
 .ARM.attributes
                0x000002c6       0x34 cmake/stm32cubemx/CMakeFiles/STM32_Drivers.dir/__/__/Drivers/STM32G4xx_HAL_Driver/Src/stm32g4xx_hal.c.obj
 .ARM.attributes
                0x000002fa       0x34 cmake/stm32cubemx/CMakeFiles/STM32_Drivers.dir/__/__/Drivers/STM32G4xx_HAL_Driver/Src/stm32g4xx_hal_rcc.c.obj
 .ARM.attributes
                0x0000032e       0x34 cmake/stm32cubemx/CMakeFiles/STM32_Drivers.dir/__/__/Drivers/STM32G4xx_HAL_Driver/Src/stm32g4xx_hal_rcc_ex.c.obj
 .ARM.attributes
                0x00000362       0x34 cmake/stm32cubemx/CMakeFiles/STM32_Drivers.dir/__/__/Drivers/STM32G4xx_HAL_Driver/Src/stm32g4xx_hal_gpio.c.obj
 .ARM.attributes
                0x00000396       0x34 cmake/stm32cubemx/CMakeFiles/STM32_Drivers.dir/__/__/Drivers/STM32G4xx_HAL_Driver/Src/stm32g4xx_hal_dma.c.obj
 .ARM.attributes
                0x000003ca       0x34 cmake/stm32cubemx/CMakeFiles/STM32_Drivers.dir/__/__/Drivers/STM32G4xx_HAL_Driver/Src/stm32g4xx_hal_pwr_ex.c.obj
 .ARM.attributes
                0x000003fe       0x34 cmake/stm32cubemx/CMakeFiles/STM32_Drivers.dir/__/__/Drivers/STM32G4xx_HAL_Driver/Src/stm32g4xx_hal_cortex.c.obj
 .ARM.attributes
                0x00000432       0x34 cmake/stm32cubemx/CMakeFiles/STM32_Drivers.dir/__/__/Drivers/STM32G4xx_HAL_Driver/Src/stm32g4xx_hal_i2c.c.obj
 .ARM.attributes
                0x00000466       0x34 cmake/stm32cubemx/CMakeFiles/STM32_Drivers.dir/__/__/Drivers/STM32G4xx_HAL_Driver/Src/stm32g4xx_hal_i2c_ex.c.obj
 .ARM.attributes
                0x0000049a       0x34 cmake/stm32cubemx/CMakeFiles/STM32_Drivers.dir/__/__/Drivers/STM32G4xx_HAL_Driver/Src/stm32g4xx_hal_uart.c.obj
 .ARM.attributes
                0x000004ce       0x34 cmake/stm32cubemx/CMakeFiles/STM32_Drivers.dir/__/__/Drivers/STM32G4xx_HAL_Driver/Src/stm32g4xx_hal_uart_ex.c.obj
 .ARM.attributes
                0x00000502       0x34 cmake/stm32cubemx/CMakeFiles/STM32_Drivers.dir/__/__/Drivers/STM32G4xx_HAL_Driver/Src/stm32g4xx_hal_pcd.c.obj
 .ARM.attributes
                0x00000536       0x34 cmake/stm32cubemx/CMakeFiles/STM32_Drivers.dir/__/__/Drivers/STM32G4xx_HAL_Driver/Src/stm32g4xx_hal_pcd_ex.c.obj
 .ARM.attributes
                0x0000056a       0x34 cmake/stm32cubemx/CMakeFiles/STM32_Drivers.dir/__/__/Drivers/STM32G4xx_HAL_Driver/Src/stm32g4xx_ll_usb.c.obj
 .ARM.attributes
                0x0000059e       0x34 CMakeFiles/stm32g474ceu6.dir/Core/Src/main.c.obj
 .ARM.attributes
                0x000005d2       0x34 CMakeFiles/stm32g474ceu6.dir/Core/Src/stm32g4xx_it.c.obj
 .ARM.attributes
                0x00000606       0x34 CMakeFiles/stm32g474ceu6.dir/Core/Src/stm32g4xx_hal_msp.c.obj
 .ARM.attributes
                0x0000063a       0x34 CMakeFiles/stm32g474ceu6.dir/Core/Src/sysmem.c.obj
 .ARM.attributes
                0x0000066e       0x21 CMakeFiles/stm32g474ceu6.dir/startup_stm32g474xx.s.obj
 .ARM.attributes
                0x0000068f       0x34 CMakeFiles/stm32g474ceu6.dir/App/ap/ap.c.obj
 .ARM.attributes
                0x000006c3       0x34 CMakeFiles/stm32g474ceu6.dir/App/common/src/qbuffer.c.obj
 .ARM.attributes
                0x000006f7       0x34 CMakeFiles/stm32g474ceu6.dir/App/hw/hw.c.obj
 .ARM.attributes
                0x0000072b       0x34 CMakeFiles/stm32g474ceu6.dir/App/hw/src/ads1115.c.obj
 .ARM.attributes
                0x0000075f       0x34 CMakeFiles/stm32g474ceu6.dir/App/hw/src/i2c.c.obj
 .ARM.attributes
                0x00000793       0x34 CMakeFiles/stm32g474ceu6.dir/App/hw/src/led.c.obj
 .ARM.attributes
                0x000007c7       0x34 CMakeFiles/stm32g474ceu6.dir/App/hw/src/uart.c.obj
 .ARM.attributes
                0x000007fb       0x22 C:/ST/STM32CubeCLT_1.18.0/GNU-tools-for-STM32/bin/../lib/gcc/arm-none-eabi/13.3.1/thumb/v7e-m+fp/hard\libgcc.a(_aeabi_uldivmod.o)
 .ARM.attributes
                0x0000081d       0x34 C:/ST/STM32CubeCLT_1.18.0/GNU-tools-for-STM32/bin/../lib/gcc/arm-none-eabi/13.3.1/thumb/v7e-m+fp/hard\libgcc.a(_udivmoddi4.o)
 .ARM.attributes
                0x00000851       0x22 C:/ST/STM32CubeCLT_1.18.0/GNU-tools-for-STM32/bin/../lib/gcc/arm-none-eabi/13.3.1/thumb/v7e-m+fp/hard\libgcc.a(_dvmd_tls.o)
 .ARM.attributes
                0x00000873       0x34 C:/ST/STM32CubeCLT_1.18.0/GNU-tools-for-STM32/bin/../lib/gcc/arm-none-eabi/13.3.1/../../../../arm-none-eabi/lib/thumb/v7e-m+fp/hard\libg_nano.a(libc_a-vsnprintf.o)
 .ARM.attributes
                0x000008a7       0x34 C:/ST/STM32CubeCLT_1.18.0/GNU-tools-for-STM32/bin/../lib/gcc/arm-none-eabi/13.3.1/../../../../arm-none-eabi/lib/thumb/v7e-m+fp/hard\libg_nano.a(libc_a-errno.o)
 .ARM.attributes
                0x000008db       0x34 C:/ST/STM32CubeCLT_1.18.0/GNU-tools-for-STM32/bin/../lib/gcc/arm-none-eabi/13.3.1/../../../../arm-none-eabi/lib/thumb/v7e-m+fp/hard\libg_nano.a(libc_a-nano-svfprintf.o)
 .ARM.attributes
                0x0000090f       0x34 C:/ST/STM32CubeCLT_1.18.0/GNU-tools-for-STM32/bin/../lib/gcc/arm-none-eabi/13.3.1/../../../../arm-none-eabi/lib/thumb/v7e-m+fp/hard\libg_nano.a(libc_a-nano-vfprintf_i.o)
 .ARM.attributes
                0x00000943       0x34 C:/ST/STM32CubeCLT_1.18.0/GNU-tools-for-STM32/bin/../lib/gcc/arm-none-eabi/13.3.1/../../../../arm-none-eabi/lib/thumb/v7e-m+fp/hard\libg_nano.a(libc_a-memmove.o)
 .ARM.attributes
                0x00000977       0x1c C:/ST/STM32CubeCLT_1.18.0/GNU-tools-for-STM32/bin/../lib/gcc/arm-none-eabi/13.3.1/../../../../arm-none-eabi/lib/thumb/v7e-m+fp/hard\libg_nano.a(libc_a-memchr.o)
 .ARM.attributes
                0x00000993       0x34 C:/ST/STM32CubeCLT_1.18.0/GNU-tools-for-STM32/bin/../lib/gcc/arm-none-eabi/13.3.1/../../../../arm-none-eabi/lib/thumb/v7e-m+fp/hard\libg_nano.a(libc_a-memcpy-stub.o)
 .ARM.attributes
                0x000009c7       0x34 C:/ST/STM32CubeCLT_1.18.0/GNU-tools-for-STM32/bin/../lib/gcc/arm-none-eabi/13.3.1/../../../../arm-none-eabi/lib/thumb/v7e-m+fp/hard\libg_nano.a(libc_a-reallocr.o)
 .ARM.attributes
                0x000009fb       0x34 C:/ST/STM32CubeCLT_1.18.0/GNU-tools-for-STM32/bin/../lib/gcc/arm-none-eabi/13.3.1/../../../../arm-none-eabi/lib/thumb/v7e-m+fp/hard\libg_nano.a(libc_a-msizer.o)
 .ARM.attributes
                0x00000a2f       0x22 C:/ST/STM32CubeCLT_1.18.0/GNU-tools-for-STM32/bin/../lib/gcc/arm-none-eabi/13.3.1/thumb/v7e-m+fp/hard/crtn.o

.comment        0x00000000       0x43
 .comment       0x00000000       0x43 cmake/stm32cubemx/CMakeFiles/STM32_Drivers.dir/__/__/Core/Src/system_stm32g4xx.c.obj
                                 0x44 (size before relaxing)
 .comment       0x00000043       0x44 cmake/stm32cubemx/CMakeFiles/STM32_Drivers.dir/__/__/Drivers/STM32G4xx_HAL_Driver/Src/stm32g4xx_hal_fdcan.c.obj
 .comment       0x00000043       0x44 cmake/stm32cubemx/CMakeFiles/STM32_Drivers.dir/__/__/Drivers/STM32G4xx_HAL_Driver/Src/stm32g4xx_hal.c.obj
 .comment       0x00000043       0x44 cmake/stm32cubemx/CMakeFiles/STM32_Drivers.dir/__/__/Drivers/STM32G4xx_HAL_Driver/Src/stm32g4xx_hal_rcc.c.obj
 .comment       0x00000043       0x44 cmake/stm32cubemx/CMakeFiles/STM32_Drivers.dir/__/__/Drivers/STM32G4xx_HAL_Driver/Src/stm32g4xx_hal_rcc_ex.c.obj
 .comment       0x00000043       0x44 cmake/stm32cubemx/CMakeFiles/STM32_Drivers.dir/__/__/Drivers/STM32G4xx_HAL_Driver/Src/stm32g4xx_hal_gpio.c.obj
 .comment       0x00000043       0x44 cmake/stm32cubemx/CMakeFiles/STM32_Drivers.dir/__/__/Drivers/STM32G4xx_HAL_Driver/Src/stm32g4xx_hal_dma.c.obj
 .comment       0x00000043       0x44 cmake/stm32cubemx/CMakeFiles/STM32_Drivers.dir/__/__/Drivers/STM32G4xx_HAL_Driver/Src/stm32g4xx_hal_pwr_ex.c.obj
 .comment       0x00000043       0x44 cmake/stm32cubemx/CMakeFiles/STM32_Drivers.dir/__/__/Drivers/STM32G4xx_HAL_Driver/Src/stm32g4xx_hal_cortex.c.obj
 .comment       0x00000043       0x44 cmake/stm32cubemx/CMakeFiles/STM32_Drivers.dir/__/__/Drivers/STM32G4xx_HAL_Driver/Src/stm32g4xx_hal_i2c.c.obj
 .comment       0x00000043       0x44 cmake/stm32cubemx/CMakeFiles/STM32_Drivers.dir/__/__/Drivers/STM32G4xx_HAL_Driver/Src/stm32g4xx_hal_i2c_ex.c.obj
 .comment       0x00000043       0x44 cmake/stm32cubemx/CMakeFiles/STM32_Drivers.dir/__/__/Drivers/STM32G4xx_HAL_Driver/Src/stm32g4xx_hal_uart.c.obj
 .comment       0x00000043       0x44 cmake/stm32cubemx/CMakeFiles/STM32_Drivers.dir/__/__/Drivers/STM32G4xx_HAL_Driver/Src/stm32g4xx_hal_uart_ex.c.obj
 .comment       0x00000043       0x44 cmake/stm32cubemx/CMakeFiles/STM32_Drivers.dir/__/__/Drivers/STM32G4xx_HAL_Driver/Src/stm32g4xx_hal_pcd.c.obj
 .comment       0x00000043       0x44 cmake/stm32cubemx/CMakeFiles/STM32_Drivers.dir/__/__/Drivers/STM32G4xx_HAL_Driver/Src/stm32g4xx_hal_pcd_ex.c.obj
 .comment       0x00000043       0x44 cmake/stm32cubemx/CMakeFiles/STM32_Drivers.dir/__/__/Drivers/STM32G4xx_HAL_Driver/Src/stm32g4xx_ll_usb.c.obj
 .comment       0x00000043       0x44 CMakeFiles/stm32g474ceu6.dir/Core/Src/main.c.obj
 .comment       0x00000043       0x44 CMakeFiles/stm32g474ceu6.dir/Core/Src/stm32g4xx_it.c.obj
 .comment       0x00000043       0x44 CMakeFiles/stm32g474ceu6.dir/Core/Src/stm32g4xx_hal_msp.c.obj
 .comment       0x00000043       0x44 CMakeFiles/stm32g474ceu6.dir/Core/Src/sysmem.c.obj
 .comment       0x00000043       0x44 CMakeFiles/stm32g474ceu6.dir/App/ap/ap.c.obj
 .comment       0x00000043       0x44 CMakeFiles/stm32g474ceu6.dir/App/common/src/qbuffer.c.obj
 .comment       0x00000043       0x44 CMakeFiles/stm32g474ceu6.dir/App/hw/hw.c.obj
 .comment       0x00000043       0x44 CMakeFiles/stm32g474ceu6.dir/App/hw/src/ads1115.c.obj
 .comment       0x00000043       0x44 CMakeFiles/stm32g474ceu6.dir/App/hw/src/i2c.c.obj
 .comment       0x00000043       0x44 CMakeFiles/stm32g474ceu6.dir/App/hw/src/led.c.obj
 .comment       0x00000043       0x44 CMakeFiles/stm32g474ceu6.dir/App/hw/src/uart.c.obj
 .comment       0x00000043       0x44 C:/ST/STM32CubeCLT_1.18.0/GNU-tools-for-STM32/bin/../lib/gcc/arm-none-eabi/13.3.1/../../../../arm-none-eabi/lib/thumb/v7e-m+fp/hard\libg_nano.a(libc_a-vsnprintf.o)
 .comment       0x00000043       0x44 C:/ST/STM32CubeCLT_1.18.0/GNU-tools-for-STM32/bin/../lib/gcc/arm-none-eabi/13.3.1/../../../../arm-none-eabi/lib/thumb/v7e-m+fp/hard\libg_nano.a(libc_a-errno.o)
 .comment       0x00000043       0x44 C:/ST/STM32CubeCLT_1.18.0/GNU-tools-for-STM32/bin/../lib/gcc/arm-none-eabi/13.3.1/../../../../arm-none-eabi/lib/thumb/v7e-m+fp/hard\libg_nano.a(libc_a-nano-svfprintf.o)
 .comment       0x00000043       0x44 C:/ST/STM32CubeCLT_1.18.0/GNU-tools-for-STM32/bin/../lib/gcc/arm-none-eabi/13.3.1/../../../../arm-none-eabi/lib/thumb/v7e-m+fp/hard\libg_nano.a(libc_a-nano-vfprintf_i.o)
 .comment       0x00000043       0x44 C:/ST/STM32CubeCLT_1.18.0/GNU-tools-for-STM32/bin/../lib/gcc/arm-none-eabi/13.3.1/../../../../arm-none-eabi/lib/thumb/v7e-m+fp/hard\libg_nano.a(libc_a-memmove.o)
 .comment       0x00000043       0x44 C:/ST/STM32CubeCLT_1.18.0/GNU-tools-for-STM32/bin/../lib/gcc/arm-none-eabi/13.3.1/../../../../arm-none-eabi/lib/thumb/v7e-m+fp/hard\libg_nano.a(libc_a-memcpy-stub.o)
 .comment       0x00000043       0x44 C:/ST/STM32CubeCLT_1.18.0/GNU-tools-for-STM32/bin/../lib/gcc/arm-none-eabi/13.3.1/../../../../arm-none-eabi/lib/thumb/v7e-m+fp/hard\libg_nano.a(libc_a-reallocr.o)
 .comment       0x00000043       0x44 C:/ST/STM32CubeCLT_1.18.0/GNU-tools-for-STM32/bin/../lib/gcc/arm-none-eabi/13.3.1/../../../../arm-none-eabi/lib/thumb/v7e-m+fp/hard\libg_nano.a(libc_a-msizer.o)

.debug_frame    0x00000000     0x59f4
 .debug_frame   0x00000000      0x144 C:/ST/STM32CubeCLT_1.18.0/GNU-tools-for-STM32/bin/../lib/gcc/arm-none-eabi/13.3.1/../../../../arm-none-eabi/lib/thumb/v7e-m+fp/hard\libc_nano.a(libc_a-findfp.o)
 .debug_frame   0x00000144       0x20 C:/ST/STM32CubeCLT_1.18.0/GNU-tools-for-STM32/bin/../lib/gcc/arm-none-eabi/13.3.1/../../../../arm-none-eabi/lib/thumb/v7e-m+fp/hard\libc_nano.a(libc_a-memset.o)
 .debug_frame   0x00000164       0x38 C:/ST/STM32CubeCLT_1.18.0/GNU-tools-for-STM32/bin/../lib/gcc/arm-none-eabi/13.3.1/../../../../arm-none-eabi/lib/thumb/v7e-m+fp/hard\libc_nano.a(libc_a-reent.o)
 .debug_frame   0x0000019c       0x2c C:/ST/STM32CubeCLT_1.18.0/GNU-tools-for-STM32/bin/../lib/gcc/arm-none-eabi/13.3.1/../../../../arm-none-eabi/lib/thumb/v7e-m+fp/hard\libc_nano.a(libc_a-init.o)
 .debug_frame   0x000001c8       0xb0 C:/ST/STM32CubeCLT_1.18.0/GNU-tools-for-STM32/bin/../lib/gcc/arm-none-eabi/13.3.1/../../../../arm-none-eabi/lib/thumb/v7e-m+fp/hard\libc_nano.a(libc_a-lock.o)
 .debug_frame   0x00000278       0x38 C:/ST/STM32CubeCLT_1.18.0/GNU-tools-for-STM32/bin/../lib/gcc/arm-none-eabi/13.3.1/../../../../arm-none-eabi/lib/thumb/v7e-m+fp/hard\libc_nano.a(libc_a-freer.o)
 .debug_frame   0x000002b0       0x50 C:/ST/STM32CubeCLT_1.18.0/GNU-tools-for-STM32/bin/../lib/gcc/arm-none-eabi/13.3.1/../../../../arm-none-eabi/lib/thumb/v7e-m+fp/hard\libc_nano.a(libc_a-mallocr.o)
 .debug_frame   0x00000300       0x30 C:/ST/STM32CubeCLT_1.18.0/GNU-tools-for-STM32/bin/../lib/gcc/arm-none-eabi/13.3.1/../../../../arm-none-eabi/lib/thumb/v7e-m+fp/hard\libc_nano.a(libc_a-mlock.o)
 .debug_frame   0x00000330       0x2c C:/ST/STM32CubeCLT_1.18.0/GNU-tools-for-STM32/bin/../lib/gcc/arm-none-eabi/13.3.1/../../../../arm-none-eabi/lib/thumb/v7e-m+fp/hard\libc_nano.a(libc_a-sbrkr.o)
 .debug_frame   0x0000035c       0x58 cmake/stm32cubemx/CMakeFiles/STM32_Drivers.dir/__/__/Core/Src/system_stm32g4xx.c.obj
 .debug_frame   0x000003b4      0x9b0 cmake/stm32cubemx/CMakeFiles/STM32_Drivers.dir/__/__/Drivers/STM32G4xx_HAL_Driver/Src/stm32g4xx_hal_fdcan.c.obj
 .debug_frame   0x00000d64      0x500 cmake/stm32cubemx/CMakeFiles/STM32_Drivers.dir/__/__/Drivers/STM32G4xx_HAL_Driver/Src/stm32g4xx_hal.c.obj
 .debug_frame   0x00001264      0x23c cmake/stm32cubemx/CMakeFiles/STM32_Drivers.dir/__/__/Drivers/STM32G4xx_HAL_Driver/Src/stm32g4xx_hal_rcc.c.obj
 .debug_frame   0x000014a0      0x2ac cmake/stm32cubemx/CMakeFiles/STM32_Drivers.dir/__/__/Drivers/STM32G4xx_HAL_Driver/Src/stm32g4xx_hal_rcc_ex.c.obj
 .debug_frame   0x0000174c      0x14c cmake/stm32cubemx/CMakeFiles/STM32_Drivers.dir/__/__/Drivers/STM32G4xx_HAL_Driver/Src/stm32g4xx_hal_gpio.c.obj
 .debug_frame   0x00001898      0x24c cmake/stm32cubemx/CMakeFiles/STM32_Drivers.dir/__/__/Drivers/STM32G4xx_HAL_Driver/Src/stm32g4xx_hal_dma.c.obj
 .debug_frame   0x00001ae4      0x4fc cmake/stm32cubemx/CMakeFiles/STM32_Drivers.dir/__/__/Drivers/STM32G4xx_HAL_Driver/Src/stm32g4xx_hal_pwr_ex.c.obj
 .debug_frame   0x00001fe0      0x4e8 cmake/stm32cubemx/CMakeFiles/STM32_Drivers.dir/__/__/Drivers/STM32G4xx_HAL_Driver/Src/stm32g4xx_hal_cortex.c.obj
 .debug_frame   0x000024c8      0xc38 cmake/stm32cubemx/CMakeFiles/STM32_Drivers.dir/__/__/Drivers/STM32G4xx_HAL_Driver/Src/stm32g4xx_hal_i2c.c.obj
 .debug_frame   0x00003100      0x100 cmake/stm32cubemx/CMakeFiles/STM32_Drivers.dir/__/__/Drivers/STM32G4xx_HAL_Driver/Src/stm32g4xx_hal_i2c_ex.c.obj
 .debug_frame   0x00003200      0xa94 cmake/stm32cubemx/CMakeFiles/STM32_Drivers.dir/__/__/Drivers/STM32G4xx_HAL_Driver/Src/stm32g4xx_hal_uart.c.obj
 .debug_frame   0x00003c94      0x2c0 cmake/stm32cubemx/CMakeFiles/STM32_Drivers.dir/__/__/Drivers/STM32G4xx_HAL_Driver/Src/stm32g4xx_hal_uart_ex.c.obj
 .debug_frame   0x00003f54      0x56c cmake/stm32cubemx/CMakeFiles/STM32_Drivers.dir/__/__/Drivers/STM32G4xx_HAL_Driver/Src/stm32g4xx_hal_pcd.c.obj
 .debug_frame   0x000044c0      0x14c cmake/stm32cubemx/CMakeFiles/STM32_Drivers.dir/__/__/Drivers/STM32G4xx_HAL_Driver/Src/stm32g4xx_hal_pcd_ex.c.obj
 .debug_frame   0x0000460c      0x380 cmake/stm32cubemx/CMakeFiles/STM32_Drivers.dir/__/__/Drivers/STM32G4xx_HAL_Driver/Src/stm32g4xx_ll_usb.c.obj
 .debug_frame   0x0000498c      0x158 CMakeFiles/stm32g474ceu6.dir/Core/Src/main.c.obj
 .debug_frame   0x00004ae4      0x158 CMakeFiles/stm32g474ceu6.dir/Core/Src/stm32g4xx_it.c.obj
 .debug_frame   0x00004c3c      0x164 CMakeFiles/stm32g474ceu6.dir/Core/Src/stm32g4xx_hal_msp.c.obj
 .debug_frame   0x00004da0       0x34 CMakeFiles/stm32g474ceu6.dir/Core/Src/sysmem.c.obj
 .debug_frame   0x00004dd4       0x4c CMakeFiles/stm32g474ceu6.dir/App/ap/ap.c.obj
 .debug_frame   0x00004e20      0x170 CMakeFiles/stm32g474ceu6.dir/App/common/src/qbuffer.c.obj
 .debug_frame   0x00004f90       0x74 CMakeFiles/stm32g474ceu6.dir/App/hw/hw.c.obj
 .debug_frame   0x00005004      0x1c4 CMakeFiles/stm32g474ceu6.dir/App/hw/src/ads1115.c.obj
 .debug_frame   0x000051c8      0x34c CMakeFiles/stm32g474ceu6.dir/App/hw/src/i2c.c.obj
 .debug_frame   0x00005514       0xa0 CMakeFiles/stm32g474ceu6.dir/App/hw/src/led.c.obj
 .debug_frame   0x000055b4      0x1d8 CMakeFiles/stm32g474ceu6.dir/App/hw/src/uart.c.obj
 .debug_frame   0x0000578c       0x2c C:/ST/STM32CubeCLT_1.18.0/GNU-tools-for-STM32/bin/../lib/gcc/arm-none-eabi/13.3.1/thumb/v7e-m+fp/hard\libgcc.a(_aeabi_uldivmod.o)
 .debug_frame   0x000057b8       0x34 C:/ST/STM32CubeCLT_1.18.0/GNU-tools-for-STM32/bin/../lib/gcc/arm-none-eabi/13.3.1/thumb/v7e-m+fp/hard\libgcc.a(_udivmoddi4.o)
 .debug_frame   0x000057ec       0x4c C:/ST/STM32CubeCLT_1.18.0/GNU-tools-for-STM32/bin/../lib/gcc/arm-none-eabi/13.3.1/../../../../arm-none-eabi/lib/thumb/v7e-m+fp/hard\libg_nano.a(libc_a-vsnprintf.o)
 .debug_frame   0x00005838       0x20 C:/ST/STM32CubeCLT_1.18.0/GNU-tools-for-STM32/bin/../lib/gcc/arm-none-eabi/13.3.1/../../../../arm-none-eabi/lib/thumb/v7e-m+fp/hard\libg_nano.a(libc_a-errno.o)
 .debug_frame   0x00005858       0x90 C:/ST/STM32CubeCLT_1.18.0/GNU-tools-for-STM32/bin/../lib/gcc/arm-none-eabi/13.3.1/../../../../arm-none-eabi/lib/thumb/v7e-m+fp/hard\libg_nano.a(libc_a-nano-svfprintf.o)
 .debug_frame   0x000058e8       0x60 C:/ST/STM32CubeCLT_1.18.0/GNU-tools-for-STM32/bin/../lib/gcc/arm-none-eabi/13.3.1/../../../../arm-none-eabi/lib/thumb/v7e-m+fp/hard\libg_nano.a(libc_a-nano-vfprintf_i.o)
 .debug_frame   0x00005948       0x28 C:/ST/STM32CubeCLT_1.18.0/GNU-tools-for-STM32/bin/../lib/gcc/arm-none-eabi/13.3.1/../../../../arm-none-eabi/lib/thumb/v7e-m+fp/hard\libg_nano.a(libc_a-memmove.o)
 .debug_frame   0x00005970       0x28 C:/ST/STM32CubeCLT_1.18.0/GNU-tools-for-STM32/bin/../lib/gcc/arm-none-eabi/13.3.1/../../../../arm-none-eabi/lib/thumb/v7e-m+fp/hard\libg_nano.a(libc_a-memcpy-stub.o)
 .debug_frame   0x00005998       0x3c C:/ST/STM32CubeCLT_1.18.0/GNU-tools-for-STM32/bin/../lib/gcc/arm-none-eabi/13.3.1/../../../../arm-none-eabi/lib/thumb/v7e-m+fp/hard\libg_nano.a(libc_a-reallocr.o)
 .debug_frame   0x000059d4       0x20 C:/ST/STM32CubeCLT_1.18.0/GNU-tools-for-STM32/bin/../lib/gcc/arm-none-eabi/13.3.1/../../../../arm-none-eabi/lib/thumb/v7e-m+fp/hard\libg_nano.a(libc_a-msizer.o)

.debug_info     0x00000000    0x1d3c3
 .debug_info    0x00000000      0x58e cmake/stm32cubemx/CMakeFiles/STM32_Drivers.dir/__/__/Core/Src/system_stm32g4xx.c.obj
 .debug_info    0x0000058e     0x18bb cmake/stm32cubemx/CMakeFiles/STM32_Drivers.dir/__/__/Drivers/STM32G4xx_HAL_Driver/Src/stm32g4xx_hal_fdcan.c.obj
 .debug_info    0x00001e49      0xb95 cmake/stm32cubemx/CMakeFiles/STM32_Drivers.dir/__/__/Drivers/STM32G4xx_HAL_Driver/Src/stm32g4xx_hal.c.obj
 .debug_info    0x000029de      0xbe0 cmake/stm32cubemx/CMakeFiles/STM32_Drivers.dir/__/__/Drivers/STM32G4xx_HAL_Driver/Src/stm32g4xx_hal_rcc.c.obj
 .debug_info    0x000035be      0xc45 cmake/stm32cubemx/CMakeFiles/STM32_Drivers.dir/__/__/Drivers/STM32G4xx_HAL_Driver/Src/stm32g4xx_hal_rcc_ex.c.obj
 .debug_info    0x00004203      0x763 cmake/stm32cubemx/CMakeFiles/STM32_Drivers.dir/__/__/Drivers/STM32G4xx_HAL_Driver/Src/stm32g4xx_hal_gpio.c.obj
 .debug_info    0x00004966      0x85f cmake/stm32cubemx/CMakeFiles/STM32_Drivers.dir/__/__/Drivers/STM32G4xx_HAL_Driver/Src/stm32g4xx_hal_dma.c.obj
 .debug_info    0x000051c5      0x93f cmake/stm32cubemx/CMakeFiles/STM32_Drivers.dir/__/__/Drivers/STM32G4xx_HAL_Driver/Src/stm32g4xx_hal_pwr_ex.c.obj
 .debug_info    0x00005b04      0xdf9 cmake/stm32cubemx/CMakeFiles/STM32_Drivers.dir/__/__/Drivers/STM32G4xx_HAL_Driver/Src/stm32g4xx_hal_cortex.c.obj
 .debug_info    0x000068fd     0x21ea cmake/stm32cubemx/CMakeFiles/STM32_Drivers.dir/__/__/Drivers/STM32G4xx_HAL_Driver/Src/stm32g4xx_hal_i2c.c.obj
 .debug_info    0x00008ae7      0xad6 cmake/stm32cubemx/CMakeFiles/STM32_Drivers.dir/__/__/Drivers/STM32G4xx_HAL_Driver/Src/stm32g4xx_hal_i2c_ex.c.obj
 .debug_info    0x000095bd     0x481e cmake/stm32cubemx/CMakeFiles/STM32_Drivers.dir/__/__/Drivers/STM32G4xx_HAL_Driver/Src/stm32g4xx_hal_uart.c.obj
 .debug_info    0x0000dddb      0xfdd cmake/stm32cubemx/CMakeFiles/STM32_Drivers.dir/__/__/Drivers/STM32G4xx_HAL_Driver/Src/stm32g4xx_hal_uart_ex.c.obj
 .debug_info    0x0000edb8     0x1610 cmake/stm32cubemx/CMakeFiles/STM32_Drivers.dir/__/__/Drivers/STM32G4xx_HAL_Driver/Src/stm32g4xx_hal_pcd.c.obj
 .debug_info    0x000103c8      0x80a cmake/stm32cubemx/CMakeFiles/STM32_Drivers.dir/__/__/Drivers/STM32G4xx_HAL_Driver/Src/stm32g4xx_hal_pcd_ex.c.obj
 .debug_info    0x00010bd2     0x1577 cmake/stm32cubemx/CMakeFiles/STM32_Drivers.dir/__/__/Drivers/STM32G4xx_HAL_Driver/Src/stm32g4xx_ll_usb.c.obj
 .debug_info    0x00012149     0x1f7c CMakeFiles/stm32g474ceu6.dir/Core/Src/main.c.obj
 .debug_info    0x000140c5      0x4a4 CMakeFiles/stm32g474ceu6.dir/Core/Src/stm32g4xx_it.c.obj
 .debug_info    0x00014569     0x1c38 CMakeFiles/stm32g474ceu6.dir/Core/Src/stm32g4xx_hal_msp.c.obj
 .debug_info    0x000161a1      0x168 CMakeFiles/stm32g474ceu6.dir/Core/Src/sysmem.c.obj
 .debug_info    0x00016309       0x30 CMakeFiles/stm32g474ceu6.dir/startup_stm32g474xx.s.obj
 .debug_info    0x00016339      0x252 CMakeFiles/stm32g474ceu6.dir/App/ap/ap.c.obj
 .debug_info    0x0001658b      0x3b5 CMakeFiles/stm32g474ceu6.dir/App/common/src/qbuffer.c.obj
 .debug_info    0x00016940      0x17e CMakeFiles/stm32g474ceu6.dir/App/hw/hw.c.obj
 .debug_info    0x00016abe      0x60b CMakeFiles/stm32g474ceu6.dir/App/hw/src/ads1115.c.obj
 .debug_info    0x000170c9     0x11dd CMakeFiles/stm32g474ceu6.dir/App/hw/src/i2c.c.obj
 .debug_info    0x000182a6      0x2d4 CMakeFiles/stm32g474ceu6.dir/App/hw/src/led.c.obj
 .debug_info    0x0001857a      0xd53 CMakeFiles/stm32g474ceu6.dir/App/hw/src/uart.c.obj
 .debug_info    0x000192cd      0x89c C:/ST/STM32CubeCLT_1.18.0/GNU-tools-for-STM32/bin/../lib/gcc/arm-none-eabi/13.3.1/../../../../arm-none-eabi/lib/thumb/v7e-m+fp/hard\libg_nano.a(libc_a-vsnprintf.o)
 .debug_info    0x00019b69      0x6fb C:/ST/STM32CubeCLT_1.18.0/GNU-tools-for-STM32/bin/../lib/gcc/arm-none-eabi/13.3.1/../../../../arm-none-eabi/lib/thumb/v7e-m+fp/hard\libg_nano.a(libc_a-errno.o)
 .debug_info    0x0001a264     0x10c7 C:/ST/STM32CubeCLT_1.18.0/GNU-tools-for-STM32/bin/../lib/gcc/arm-none-eabi/13.3.1/../../../../arm-none-eabi/lib/thumb/v7e-m+fp/hard\libg_nano.a(libc_a-nano-svfprintf.o)
 .debug_info    0x0001b32b      0xde2 C:/ST/STM32CubeCLT_1.18.0/GNU-tools-for-STM32/bin/../lib/gcc/arm-none-eabi/13.3.1/../../../../arm-none-eabi/lib/thumb/v7e-m+fp/hard\libg_nano.a(libc_a-nano-vfprintf_i.o)
 .debug_info    0x0001c10d      0x10f C:/ST/STM32CubeCLT_1.18.0/GNU-tools-for-STM32/bin/../lib/gcc/arm-none-eabi/13.3.1/../../../../arm-none-eabi/lib/thumb/v7e-m+fp/hard\libg_nano.a(libc_a-memmove.o)
 .debug_info    0x0001c21c       0x25 C:/ST/STM32CubeCLT_1.18.0/GNU-tools-for-STM32/bin/../lib/gcc/arm-none-eabi/13.3.1/../../../../arm-none-eabi/lib/thumb/v7e-m+fp/hard\libg_nano.a(libc_a-memchr.o)
 .debug_info    0x0001c241      0x121 C:/ST/STM32CubeCLT_1.18.0/GNU-tools-for-STM32/bin/../lib/gcc/arm-none-eabi/13.3.1/../../../../arm-none-eabi/lib/thumb/v7e-m+fp/hard\libg_nano.a(libc_a-memcpy-stub.o)
 .debug_info    0x0001c362      0x8cd C:/ST/STM32CubeCLT_1.18.0/GNU-tools-for-STM32/bin/../lib/gcc/arm-none-eabi/13.3.1/../../../../arm-none-eabi/lib/thumb/v7e-m+fp/hard\libg_nano.a(libc_a-reallocr.o)
 .debug_info    0x0001cc2f      0x794 C:/ST/STM32CubeCLT_1.18.0/GNU-tools-for-STM32/bin/../lib/gcc/arm-none-eabi/13.3.1/../../../../arm-none-eabi/lib/thumb/v7e-m+fp/hard\libg_nano.a(libc_a-msizer.o)

.debug_abbrev   0x00000000     0x47ac
 .debug_abbrev  0x00000000      0x11a cmake/stm32cubemx/CMakeFiles/STM32_Drivers.dir/__/__/Core/Src/system_stm32g4xx.c.obj
 .debug_abbrev  0x0000011a      0x1e7 cmake/stm32cubemx/CMakeFiles/STM32_Drivers.dir/__/__/Drivers/STM32G4xx_HAL_Driver/Src/stm32g4xx_hal_fdcan.c.obj
 .debug_abbrev  0x00000301      0x271 cmake/stm32cubemx/CMakeFiles/STM32_Drivers.dir/__/__/Drivers/STM32G4xx_HAL_Driver/Src/stm32g4xx_hal.c.obj
 .debug_abbrev  0x00000572      0x2c9 cmake/stm32cubemx/CMakeFiles/STM32_Drivers.dir/__/__/Drivers/STM32G4xx_HAL_Driver/Src/stm32g4xx_hal_rcc.c.obj
 .debug_abbrev  0x0000083b      0x258 cmake/stm32cubemx/CMakeFiles/STM32_Drivers.dir/__/__/Drivers/STM32G4xx_HAL_Driver/Src/stm32g4xx_hal_rcc_ex.c.obj
 .debug_abbrev  0x00000a93      0x1cb cmake/stm32cubemx/CMakeFiles/STM32_Drivers.dir/__/__/Drivers/STM32G4xx_HAL_Driver/Src/stm32g4xx_hal_gpio.c.obj
 .debug_abbrev  0x00000c5e      0x1e2 cmake/stm32cubemx/CMakeFiles/STM32_Drivers.dir/__/__/Drivers/STM32G4xx_HAL_Driver/Src/stm32g4xx_hal_dma.c.obj
 .debug_abbrev  0x00000e40      0x22c cmake/stm32cubemx/CMakeFiles/STM32_Drivers.dir/__/__/Drivers/STM32G4xx_HAL_Driver/Src/stm32g4xx_hal_pwr_ex.c.obj
 .debug_abbrev  0x0000106c      0x31c cmake/stm32cubemx/CMakeFiles/STM32_Drivers.dir/__/__/Drivers/STM32G4xx_HAL_Driver/Src/stm32g4xx_hal_cortex.c.obj
 .debug_abbrev  0x00001388      0x25e cmake/stm32cubemx/CMakeFiles/STM32_Drivers.dir/__/__/Drivers/STM32G4xx_HAL_Driver/Src/stm32g4xx_hal_i2c.c.obj
 .debug_abbrev  0x000015e6      0x1c0 cmake/stm32cubemx/CMakeFiles/STM32_Drivers.dir/__/__/Drivers/STM32G4xx_HAL_Driver/Src/stm32g4xx_hal_i2c_ex.c.obj
 .debug_abbrev  0x000017a6      0x304 cmake/stm32cubemx/CMakeFiles/STM32_Drivers.dir/__/__/Drivers/STM32G4xx_HAL_Driver/Src/stm32g4xx_hal_uart.c.obj
 .debug_abbrev  0x00001aaa      0x2d2 cmake/stm32cubemx/CMakeFiles/STM32_Drivers.dir/__/__/Drivers/STM32G4xx_HAL_Driver/Src/stm32g4xx_hal_uart_ex.c.obj
 .debug_abbrev  0x00001d7c      0x2b9 cmake/stm32cubemx/CMakeFiles/STM32_Drivers.dir/__/__/Drivers/STM32G4xx_HAL_Driver/Src/stm32g4xx_hal_pcd.c.obj
 .debug_abbrev  0x00002035      0x228 cmake/stm32cubemx/CMakeFiles/STM32_Drivers.dir/__/__/Drivers/STM32G4xx_HAL_Driver/Src/stm32g4xx_hal_pcd_ex.c.obj
 .debug_abbrev  0x0000225d      0x247 cmake/stm32cubemx/CMakeFiles/STM32_Drivers.dir/__/__/Drivers/STM32G4xx_HAL_Driver/Src/stm32g4xx_ll_usb.c.obj
 .debug_abbrev  0x000024a4      0x2e6 CMakeFiles/stm32g474ceu6.dir/Core/Src/main.c.obj
 .debug_abbrev  0x0000278a      0x16c CMakeFiles/stm32g474ceu6.dir/Core/Src/stm32g4xx_it.c.obj
 .debug_abbrev  0x000028f6      0x282 CMakeFiles/stm32g474ceu6.dir/Core/Src/stm32g4xx_hal_msp.c.obj
 .debug_abbrev  0x00002b78       0xbc CMakeFiles/stm32g474ceu6.dir/Core/Src/sysmem.c.obj
 .debug_abbrev  0x00002c34       0x24 CMakeFiles/stm32g474ceu6.dir/startup_stm32g474xx.s.obj
 .debug_abbrev  0x00002c58      0x16a CMakeFiles/stm32g474ceu6.dir/App/ap/ap.c.obj
 .debug_abbrev  0x00002dc2      0x10b CMakeFiles/stm32g474ceu6.dir/App/common/src/qbuffer.c.obj
 .debug_abbrev  0x00002ecd      0x114 CMakeFiles/stm32g474ceu6.dir/App/hw/hw.c.obj
 .debug_abbrev  0x00002fe1      0x217 CMakeFiles/stm32g474ceu6.dir/App/hw/src/ads1115.c.obj
 .debug_abbrev  0x000031f8      0x342 CMakeFiles/stm32g474ceu6.dir/App/hw/src/i2c.c.obj
 .debug_abbrev  0x0000353a      0x185 CMakeFiles/stm32g474ceu6.dir/App/hw/src/led.c.obj
 .debug_abbrev  0x000036bf      0x28d CMakeFiles/stm32g474ceu6.dir/App/hw/src/uart.c.obj
 .debug_abbrev  0x0000394c      0x228 C:/ST/STM32CubeCLT_1.18.0/GNU-tools-for-STM32/bin/../lib/gcc/arm-none-eabi/13.3.1/../../../../arm-none-eabi/lib/thumb/v7e-m+fp/hard\libg_nano.a(libc_a-vsnprintf.o)
 .debug_abbrev  0x00003b74      0x15e C:/ST/STM32CubeCLT_1.18.0/GNU-tools-for-STM32/bin/../lib/gcc/arm-none-eabi/13.3.1/../../../../arm-none-eabi/lib/thumb/v7e-m+fp/hard\libg_nano.a(libc_a-errno.o)
 .debug_abbrev  0x00003cd2      0x31e C:/ST/STM32CubeCLT_1.18.0/GNU-tools-for-STM32/bin/../lib/gcc/arm-none-eabi/13.3.1/../../../../arm-none-eabi/lib/thumb/v7e-m+fp/hard\libg_nano.a(libc_a-nano-svfprintf.o)
 .debug_abbrev  0x00003ff0      0x28e C:/ST/STM32CubeCLT_1.18.0/GNU-tools-for-STM32/bin/../lib/gcc/arm-none-eabi/13.3.1/../../../../arm-none-eabi/lib/thumb/v7e-m+fp/hard\libg_nano.a(libc_a-nano-vfprintf_i.o)
 .debug_abbrev  0x0000427e       0xac C:/ST/STM32CubeCLT_1.18.0/GNU-tools-for-STM32/bin/../lib/gcc/arm-none-eabi/13.3.1/../../../../arm-none-eabi/lib/thumb/v7e-m+fp/hard\libg_nano.a(libc_a-memmove.o)
 .debug_abbrev  0x0000432a       0x14 C:/ST/STM32CubeCLT_1.18.0/GNU-tools-for-STM32/bin/../lib/gcc/arm-none-eabi/13.3.1/../../../../arm-none-eabi/lib/thumb/v7e-m+fp/hard\libg_nano.a(libc_a-memchr.o)
 .debug_abbrev  0x0000433e       0xc1 C:/ST/STM32CubeCLT_1.18.0/GNU-tools-for-STM32/bin/../lib/gcc/arm-none-eabi/13.3.1/../../../../arm-none-eabi/lib/thumb/v7e-m+fp/hard\libg_nano.a(libc_a-memcpy-stub.o)
 .debug_abbrev  0x000043ff      0x217 C:/ST/STM32CubeCLT_1.18.0/GNU-tools-for-STM32/bin/../lib/gcc/arm-none-eabi/13.3.1/../../../../arm-none-eabi/lib/thumb/v7e-m+fp/hard\libg_nano.a(libc_a-reallocr.o)
 .debug_abbrev  0x00004616      0x196 C:/ST/STM32CubeCLT_1.18.0/GNU-tools-for-STM32/bin/../lib/gcc/arm-none-eabi/13.3.1/../../../../arm-none-eabi/lib/thumb/v7e-m+fp/hard\libg_nano.a(libc_a-msizer.o)

.debug_aranges  0x00000000     0x15b8
 .debug_aranges
                0x00000000       0x28 cmake/stm32cubemx/CMakeFiles/STM32_Drivers.dir/__/__/Core/Src/system_stm32g4xx.c.obj
 .debug_aranges
                0x00000028      0x208 cmake/stm32cubemx/CMakeFiles/STM32_Drivers.dir/__/__/Drivers/STM32G4xx_HAL_Driver/Src/stm32g4xx_hal_fdcan.c.obj
 .debug_aranges
                0x00000230      0x148 cmake/stm32cubemx/CMakeFiles/STM32_Drivers.dir/__/__/Drivers/STM32G4xx_HAL_Driver/Src/stm32g4xx_hal.c.obj
 .debug_aranges
                0x00000378       0x98 cmake/stm32cubemx/CMakeFiles/STM32_Drivers.dir/__/__/Drivers/STM32G4xx_HAL_Driver/Src/stm32g4xx_hal_rcc.c.obj
 .debug_aranges
                0x00000410       0xb0 cmake/stm32cubemx/CMakeFiles/STM32_Drivers.dir/__/__/Drivers/STM32G4xx_HAL_Driver/Src/stm32g4xx_hal_rcc_ex.c.obj
 .debug_aranges
                0x000004c0       0x58 cmake/stm32cubemx/CMakeFiles/STM32_Drivers.dir/__/__/Drivers/STM32G4xx_HAL_Driver/Src/stm32g4xx_hal_gpio.c.obj
 .debug_aranges
                0x00000518       0x90 cmake/stm32cubemx/CMakeFiles/STM32_Drivers.dir/__/__/Drivers/STM32G4xx_HAL_Driver/Src/stm32g4xx_hal_dma.c.obj
 .debug_aranges
                0x000005a8      0x140 cmake/stm32cubemx/CMakeFiles/STM32_Drivers.dir/__/__/Drivers/STM32G4xx_HAL_Driver/Src/stm32g4xx_hal_pwr_ex.c.obj
 .debug_aranges
                0x000006e8      0x128 cmake/stm32cubemx/CMakeFiles/STM32_Drivers.dir/__/__/Drivers/STM32G4xx_HAL_Driver/Src/stm32g4xx_hal_cortex.c.obj