Archive member included to satisfy reference by file (symbol)

C:/ST/STM32CubeCLT_1.18.0/GNU-tools-for-STM32/bin/../lib/gcc/arm-none-eabi/13.3.1/../../../../arm-none-eabi/lib/thumb/v7e-m+fp/hard\libc_nano.a(libc_a-exit.o)
                              C:/ST/STM32CubeCLT_1.18.0/GNU-tools-for-STM32/bin/../lib/gcc/arm-none-eabi/13.3.1/../../../../arm-none-eabi/lib/thumb/v7e-m+fp/hard/crt0.o (exit)
C:/ST/STM32CubeCLT_1.18.0/GNU-tools-for-STM32/bin/../lib/gcc/arm-none-eabi/13.3.1/../../../../arm-none-eabi/lib/thumb/v7e-m+fp/hard\libc_nano.a(libc_a-findfp.o)
                              C:/ST/STM32CubeCLT_1.18.0/GNU-tools-for-STM32/bin/../lib/gcc/arm-none-eabi/13.3.1/../../../../arm-none-eabi/lib/thumb/v7e-m+fp/hard\libc_nano.a(libc_a-exit.o) (__stdio_exit_handler)
C:/ST/STM32CubeCLT_1.18.0/GNU-tools-for-STM32/bin/../lib/gcc/arm-none-eabi/13.3.1/../../../../arm-none-eabi/lib/thumb/v7e-m+fp/hard\libc_nano.a(libc_a-fwalk.o)
                              C:/ST/STM32CubeCLT_1.18.0/GNU-tools-for-STM32/bin/../lib/gcc/arm-none-eabi/13.3.1/../../../../arm-none-eabi/lib/thumb/v7e-m+fp/hard\libc_nano.a(libc_a-findfp.o) (_fwalk_sglue)
C:/ST/STM32CubeCLT_1.18.0/GNU-tools-for-STM32/bin/../lib/gcc/arm-none-eabi/13.3.1/../../../../arm-none-eabi/lib/thumb/v7e-m+fp/hard\libc_nano.a(libc_a-stdio.o)
                              C:/ST/STM32CubeCLT_1.18.0/GNU-tools-for-STM32/bin/../lib/gcc/arm-none-eabi/13.3.1/../../../../arm-none-eabi/lib/thumb/v7e-m+fp/hard\libc_nano.a(libc_a-findfp.o) (__sread)
C:/ST/STM32CubeCLT_1.18.0/GNU-tools-for-STM32/bin/../lib/gcc/arm-none-eabi/13.3.1/../../../../arm-none-eabi/lib/thumb/v7e-m+fp/hard\libc_nano.a(libc_a-memset.o)
                              C:/ST/STM32CubeCLT_1.18.0/GNU-tools-for-STM32/bin/../lib/gcc/arm-none-eabi/13.3.1/../../../../arm-none-eabi/lib/thumb/v7e-m+fp/hard/crt0.o (memset)
C:/ST/STM32CubeCLT_1.18.0/GNU-tools-for-STM32/bin/../lib/gcc/arm-none-eabi/13.3.1/../../../../arm-none-eabi/lib/thumb/v7e-m+fp/hard\libc_nano.a(libc_a-closer.o)
                              C:/ST/STM32CubeCLT_1.18.0/GNU-tools-for-STM32/bin/../lib/gcc/arm-none-eabi/13.3.1/../../../../arm-none-eabi/lib/thumb/v7e-m+fp/hard\libc_nano.a(libc_a-stdio.o) (_close_r)
C:/ST/STM32CubeCLT_1.18.0/GNU-tools-for-STM32/bin/../lib/gcc/arm-none-eabi/13.3.1/../../../../arm-none-eabi/lib/thumb/v7e-m+fp/hard\libc_nano.a(libc_a-reent.o)
                              C:/ST/STM32CubeCLT_1.18.0/GNU-tools-for-STM32/bin/../lib/gcc/arm-none-eabi/13.3.1/../../../../arm-none-eabi/lib/thumb/v7e-m+fp/hard\libc_nano.a(libc_a-closer.o) (errno)
C:/ST/STM32CubeCLT_1.18.0/GNU-tools-for-STM32/bin/../lib/gcc/arm-none-eabi/13.3.1/../../../../arm-none-eabi/lib/thumb/v7e-m+fp/hard\libc_nano.a(libc_a-impure.o)
                              C:/ST/STM32CubeCLT_1.18.0/GNU-tools-for-STM32/bin/../lib/gcc/arm-none-eabi/13.3.1/../../../../arm-none-eabi/lib/thumb/v7e-m+fp/hard\libc_nano.a(libc_a-reent.o) (_impure_ptr)
C:/ST/STM32CubeCLT_1.18.0/GNU-tools-for-STM32/bin/../lib/gcc/arm-none-eabi/13.3.1/../../../../arm-none-eabi/lib/thumb/v7e-m+fp/hard\libc_nano.a(libc_a-lseekr.o)
                              C:/ST/STM32CubeCLT_1.18.0/GNU-tools-for-STM32/bin/../lib/gcc/arm-none-eabi/13.3.1/../../../../arm-none-eabi/lib/thumb/v7e-m+fp/hard\libc_nano.a(libc_a-stdio.o) (_lseek_r)
C:/ST/STM32CubeCLT_1.18.0/GNU-tools-for-STM32/bin/../lib/gcc/arm-none-eabi/13.3.1/../../../../arm-none-eabi/lib/thumb/v7e-m+fp/hard\libc_nano.a(libc_a-readr.o)
                              C:/ST/STM32CubeCLT_1.18.0/GNU-tools-for-STM32/bin/../lib/gcc/arm-none-eabi/13.3.1/../../../../arm-none-eabi/lib/thumb/v7e-m+fp/hard\libc_nano.a(libc_a-stdio.o) (_read_r)
C:/ST/STM32CubeCLT_1.18.0/GNU-tools-for-STM32/bin/../lib/gcc/arm-none-eabi/13.3.1/../../../../arm-none-eabi/lib/thumb/v7e-m+fp/hard\libc_nano.a(libc_a-writer.o)
                              C:/ST/STM32CubeCLT_1.18.0/GNU-tools-for-STM32/bin/../lib/gcc/arm-none-eabi/13.3.1/../../../../arm-none-eabi/lib/thumb/v7e-m+fp/hard\libc_nano.a(libc_a-stdio.o) (_write_r)
C:/ST/STM32CubeCLT_1.18.0/GNU-tools-for-STM32/bin/../lib/gcc/arm-none-eabi/13.3.1/../../../../arm-none-eabi/lib/thumb/v7e-m+fp/hard\libc_nano.a(libc_a-init.o)
                              C:/ST/STM32CubeCLT_1.18.0/GNU-tools-for-STM32/bin/../lib/gcc/arm-none-eabi/13.3.1/../../../../arm-none-eabi/lib/thumb/v7e-m+fp/hard/crt0.o (__libc_init_array)
C:/ST/STM32CubeCLT_1.18.0/GNU-tools-for-STM32/bin/../lib/gcc/arm-none-eabi/13.3.1/../../../../arm-none-eabi/lib/thumb/v7e-m+fp/hard\libc_nano.a(libc_a-lock.o)
                              C:/ST/STM32CubeCLT_1.18.0/GNU-tools-for-STM32/bin/../lib/gcc/arm-none-eabi/13.3.1/../../../../arm-none-eabi/lib/thumb/v7e-m+fp/hard\libc_nano.a(libc_a-findfp.o) (__retarget_lock_init_recursive)
C:/ST/STM32CubeCLT_1.18.0/GNU-tools-for-STM32/bin/../lib/gcc/arm-none-eabi/13.3.1/../../../../arm-none-eabi/lib/thumb/v7e-m+fp/hard\libc_nano.a(libc_a-freer.o)
[...]
Memory Configuration

Name             Origin             Length             Attributes
RAM              0x20000000         0x00020000         xrw
FLASH            0x08000000         0x00080000         xr
*default*        0x00000000         0xffffffff

Linker script and memory map

LOAD C:/ST/STM32CubeCLT_1.18.0/GNU-tools-for-STM32/bin/../lib/gcc/arm-none-eabi/13.3.1/thumb/v7e-m+fp/hard/crti.o
LOAD C:/ST/STM32CubeCLT_1.18.0/GNU-tools-for-STM32/bin/../lib/gcc/arm-none-eabi/13.3.1/thumb/v7e-m+fp/hard/crtbegin.o
LOAD C:/ST/STM32CubeCLT_1.18.0/GNU-tools-for-STM32/bin/../lib/gcc/arm-none-eabi/13.3.1/../../../../arm-none-eabi/lib/thumb/v7e-m+fp/hard/crt0.o
START GROUP
LOAD C:/ST/STM32CubeCLT_1.18.0/GNU-tools-for-STM32/bin/../lib/gcc/arm-none-eabi/13.3.1/../../../../arm-none-eabi/lib/thumb/v7e-m+fp/hard\libc_nano.a
LOAD C:/ST/STM32CubeCLT_1.18.0/GNU-tools-for-STM32/bin/../lib/gcc/arm-none-eabi/13.3.1/../../../../arm-none-eabi/lib/thumb/v7e-m+fp/hard\libm.a
END GROUP
LOAD cmake/stm32cubemx/CMakeFiles/STM32_Drivers.dir/__/__/Core/Src/system_stm32g4xx.c.obj
LOAD cmake/stm32cubemx/CMakeFiles/STM32_Drivers.dir/__/__/Drivers/STM32G4xx_HAL_Driver/Src/stm32g4xx_hal_fdcan.c.obj
LOAD cmake/stm32cubemx/CMakeFiles/STM32_Drivers.dir/__/__/Drivers/STM32G4xx_HAL_Driver/Src/stm32g4xx_hal.c.obj
LOAD cmake/stm32cubemx/CMakeFiles/STM32_Drivers.dir/__/__/Drivers/STM32G4xx_HAL_Driver/Src/stm32g4xx_hal_rcc.c.obj
LOAD cmake/stm32cubemx/CMakeFiles/STM32_Drivers.dir/__/__/Drivers/STM32G4xx_HAL_Driver/Src/stm32g4xx_hal_rcc_ex.c.obj
LOAD cmake/stm32cubemx/CMakeFiles/STM32_Drivers.dir/__/__/Drivers/STM32G4xx_HAL_Driver/Src/stm32g4xx_hal_flash.c.obj
LOAD cmake/stm32cubemx/CMakeFiles/STM32_Drivers.dir/__/__/Drivers/STM32G4xx_HAL_Driver/Src/stm32g4xx_hal_flash_ex.c.obj
LOAD cmake/stm32cubemx/CMakeFiles/STM32_Drivers.dir/__/__/Drivers/STM32G4xx_HAL_Driver/Src/stm32g4xx_hal_flash_ramfunc.c.obj
LOAD cmake/stm32cubemx/CMakeFiles/STM32_Drivers.dir/__/__/Drivers/STM32G4xx_HAL_Driver/Src/stm32g4xx_hal_gpio.c.obj
LOAD cmake/stm32cubemx/CMakeFiles/STM32_Drivers.dir/__/__/Drivers/STM32G4xx_HAL_Driver/Src/stm32g4xx_hal_exti.c.obj
LOAD cmake/stm32cubemx/CMakeFiles/STM32_Drivers.dir/__/__/Drivers/STM32G4xx_HAL_Driver/Src/stm32g4xx_hal_dma.c.obj
LOAD cmake/stm32cubemx/CMakeFiles/STM32_Drivers.dir/__/__/Drivers/STM32G4xx_HAL_Driver/Src/stm32g4xx_hal_dma_ex.c.obj
LOAD cmake/stm32cubemx/CMakeFiles/STM32_Drivers.dir/__/__/Drivers/STM32G4xx_HAL_Driver/Src/stm32g4xx_hal_pwr.c.obj
LOAD cmake/stm32cubemx/CMakeFiles/STM32_Drivers.dir/__/__/Drivers/STM32G4xx_HAL_Driver/Src/stm32g4xx_hal_pwr_ex.c.obj
LOAD cmake/stm32cubemx/CMakeFiles/STM32_Drivers.dir/__/__/Drivers/STM32G4xx_HAL_Driver/Src/stm32g4xx_hal_cortex.c.obj
LOAD cmake/stm32cubemx/CMakeFiles/STM32_Drivers.dir/__/__/Drivers/STM32G4xx_HAL_Driver/Src/stm32g4xx_hal_i2c.c.obj
LOAD cmake/stm32cubemx/CMakeFiles/STM32_Drivers.dir/__/__/Drivers/STM32G4xx_HAL_Driver/Src/stm32g4xx_hal_i2c_ex.c.obj
LOAD cmake/stm32cubemx/CMakeFiles/STM32_Drivers.dir/__/__/Drivers/STM32G4xx_HAL_Driver/Src/stm32g4xx_hal_uart.c.obj
LOAD cmake/stm32cubemx/CMakeFiles/STM32_Drivers.dir/__/__/Drivers/STM32G4xx_HAL_Driver/Src/stm32g4xx_hal_uart_ex.c.obj
LOAD cmake/stm32cubemx/CMakeFiles/STM32_Drivers.dir/__/__/Drivers/STM32G4xx_HAL_Driver/Src/stm32g4xx_hal_pcd.c.obj
LOAD cmake/stm32cubemx/CMakeFiles/STM32_Drivers.dir/__/__/Drivers/STM32G4xx_HAL_Driver/Src/stm32g4xx_hal_pcd_ex.c.obj
LOAD cmake/stm32cubemx/CMakeFiles/STM32_Drivers.dir/__/__/Drivers/STM32G4xx_HAL_Driver/Src/stm32g4xx_ll_usb.c.obj
LOAD CMakeFiles/stm32g474ceu6.dir/Core/Src/main.c.obj
LOAD CMakeFiles/stm32g474ceu6.dir/Core/Src/stm32g4xx_it.c.obj
LOAD CMakeFiles/stm32g474ceu6.dir/Core/Src/stm32g4xx_hal_msp.c.obj
LOAD CMakeFiles/stm32g474ceu6.dir/Core/Src/sysmem.c.obj
LOAD CMakeFiles/stm32g474ceu6.dir/Core/Src/syscalls.c.obj
LOAD CMakeFiles/stm32g474ceu6.dir/startup_stm32g474xx.s.obj
LOAD CMakeFiles/stm32g474ceu6.dir/App/ap/ap.c.obj
LOAD CMakeFiles/stm32g474ceu6.dir/App/hw/hw.c.obj
LOAD CMakeFiles/stm32g474ceu6.dir/App/hw/src/i2c.c.obj
LOAD CMakeFiles/stm32g474ceu6.dir/App/hw/src/led.c.obj
START GROUP
LOAD C:/ST/STM32CubeCLT_1.18.0/GNU-tools-for-STM32/bin/../lib/gcc/arm-none-eabi/13.3.1/thumb/v7e-m+fp/hard\libgcc.a
LOAD C:/ST/STM32CubeCLT_1.18.0/GNU-tools-for-STM32/bin/../lib/gcc/arm-none-eabi/13.3.1/../../../../arm-none-eabi/lib/thumb/v7e-m+fp/hard\libg_nano.a
LOAD C:/ST/STM32CubeCLT_1.18.0/GNU-tools-for-STM32/bin/../lib/gcc/arm-none-eabi/13.3.1/../../../../arm-none-eabi/lib/thumb/v7e-m+fp/hard\libc_nano.a
END GROUP
START GROUP
LOAD C:/ST/STM32CubeCLT_1.18.0/GNU-tools-for-STM32/bin/../lib/gcc/arm-none-eabi/13.3.1/thumb/v7e-m+fp/hard\libgcc.a
LOAD C:/ST/STM32CubeCLT_1.18.0/GNU-tools-for-STM32/bin/../lib/gcc/arm-none-eabi/13.3.1/../../../../arm-none-eabi/lib/thumb/v7e-m+fp/hard\libc_nano.a
END GROUP
LOAD C:/ST/STM32CubeCLT_1.18.0/GNU-tools-for-STM32/bin/../lib/gcc/arm-none-eabi/13.3.1/thumb/v7e-m+fp/hard/crtend.o
LOAD C:/ST/STM32CubeCLT_1.18.0/GNU-tools-for-STM32/bin/../lib/gcc/arm-none-eabi/13.3.1/thumb/v7e-m+fp/hard/crtn.o
                0x20020000                        _estack = (ORIGIN (RAM) + LENGTH (RAM))
                0x00000200                        _Min_Heap_Size = 0x200
                0x00000400                        _Min_Stack_Size = 0x400

.isr_vector     0x08000000      0x1d8
                0x08000000                        . = ALIGN (0x4)
 *(.isr_vector)
 .isr_vector    0x08000000      0x1d8 CMakeFiles/stm32g474ceu6.dir/startup_stm32g474xx.s.obj
                0x08000000                g_pfnVectors
                0x080001d8                        . = ALIGN (0x4)

.text           0x080001d8     0x4038
                0x080001d8                        . = ALIGN (0x4)
 *(.text)
 .text          0x080001d8       0x40 C:/ST/STM32CubeCLT_1.18.0/GNU-tools-for-STM32/bin/../lib/gcc/arm-none-eabi/13.3.1/thumb/v7e-m+fp/hard/crtbegin.o
 .text          0x08000218       0x30 C:/ST/STM32CubeCLT_1.18.0/GNU-tools-for-STM32/bin/../lib/gcc/arm-none-eabi/13.3.1/thumb/v7e-m+fp/hard\libgcc.a(_aeabi_uldivmod.o)
                0x08000218                __aeabi_uldivmod
 .text          0x08000248      0x2f8 C:/ST/STM32CubeCLT_1.18.0/GNU-tools-for-STM32/bin/../lib/gcc/arm-none-eabi/13.3.1/thumb/v7e-m+fp/hard\libgcc.a(_udivmoddi4.o)
                0x08000248                __udivmoddi4
 .text          0x08000540        0x4 C:/ST/STM32CubeCLT_1.18.0/GNU-tools-for-STM32/bin/../lib/gcc/arm-none-eabi/13.3.1/thumb/v7e-m+fp/hard\libgcc.a(_dvmd_tls.o)
                0x08000540                __aeabi_idiv0
                0x08000540                __aeabi_ldiv0
 *(.text*)
 .text.memset   0x08000544       0x10 C:/ST/STM32CubeCLT_1.18.0/GNU-tools-for-STM32/bin/../lib/gcc/arm-none-eabi/13.3.1/../../../../arm-none-eabi/lib/thumb/v7e-m+fp/hard\libc_nano.a(libc_a-memset.o)
                0x08000544                memset
 .text.__libc_init_array
                0x08000554       0x48 C:/ST/STM32CubeCLT_1.18.0/GNU-tools-for-STM32/bin/../lib/gcc/arm-none-eabi/13.3.1/../../../../arm-none-eabi/lib/thumb/v7e-m+fp/hard\libc_nano.a(libc_a-init.o)
                0x08000554                __libc_init_array
 .text.SystemInit
                0x0800059c       0x24 cmake/stm32cubemx/CMakeFiles/STM32_Drivers.dir/__/__/Core/Src/system_stm32g4xx.c.obj
                0x0800059c                SystemInit
 .text.HAL_FDCAN_Init
                0x080005c0      0x2b4 cmake/stm32cubemx/CMakeFiles/STM32_Drivers.dir/__/__/Drivers/STM32G4xx_HAL_Driver/Src/stm32g4xx_hal_fdcan.c.obj
                0x080005c0                HAL_FDCAN_Init
 .text.FDCAN_CalcultateRamBlockAddresses
                0x08000874       0xd8 cmake/stm32cubemx/CMakeFiles/STM32_Drivers.dir/__/__/Drivers/STM32G4xx_HAL_Driver/Src/stm32g4xx_hal_fdcan.c.obj
 .text.HAL_Init
                0x0800094c       0x30 cmake/stm32cubemx/CMakeFiles/STM32_Drivers.dir/__/__/Drivers/STM32G4xx_HAL_Driver/Src/stm32g4xx_hal.c.obj
                0x0800094c                HAL_Init
 .text.HAL_InitTick
                0x0800097c       0x74 cmake/stm32cubemx/CMakeFiles/STM32_Drivers.dir/__/__/Drivers/STM32G4xx_HAL_Driver/Src/stm32g4xx_hal.c.obj
                0x0800097c                HAL_InitTick
 .text.HAL_IncTick
                0x080009f0       0x24 cmake/stm32cubemx/CMakeFiles/STM32_Drivers.dir/__/__/Drivers/STM32G4xx_HAL_Driver/Src/stm32g4xx_hal.c.obj
                0x080009f0                HAL_IncTick
 .text.HAL_GetTick
                0x08000a14       0x18 cmake/stm32cubemx/CMakeFiles/STM32_Drivers.dir/__/__/Drivers/STM32G4xx_HAL_Driver/Src/stm32g4xx_hal.c.obj
                0x08000a14                HAL_GetTick
 .text.HAL_RCC_OscConfig
                0x08000a2c      0x624 cmake/stm32cubemx/CMakeFiles/STM32_Drivers.dir/__/__/Drivers/STM32G4xx_HAL_Driver/Src/stm32g4xx_hal_rcc.c.obj
                0x08000a2c                HAL_RCC_OscConfig
 .text.HAL_RCC_ClockConfig
                0x08001050      0x278 cmake/stm32cubemx/CMakeFiles/STM32_Drivers.dir/__/__/Drivers/STM32G4xx_HAL_Driver/Src/stm32g4xx_hal_rcc.c.obj
                0x08001050                HAL_RCC_ClockConfig
 .text.HAL_RCC_GetSysClockFreq
                0x080012c8       0xc4 cmake/stm32cubemx/CMakeFiles/STM32_Drivers.dir/__/__/Drivers/STM32G4xx_HAL_Driver/Src/stm32g4xx_hal_rcc.c.obj
                0x080012c8                HAL_RCC_GetSysClockFreq
 .text.HAL_RCC_GetHCLKFreq
                0x0800138c       0x18 cmake/stm32cubemx/CMakeFiles/STM32_Drivers.dir/__/__/Drivers/STM32G4xx_HAL_Driver/Src/stm32g4xx_hal_rcc.c.obj
                0x0800138c                HAL_RCC_GetHCLKFreq
 .text.HAL_RCC_GetPCLK1Freq
                0x080013a4       0x2c cmake/stm32cubemx/CMakeFiles/STM32_Drivers.dir/__/__/Drivers/STM32G4xx_HAL_Driver/Src/stm32g4xx_hal_rcc.c.obj
                0x080013a4                HAL_RCC_GetPCLK1Freq
 .text.HAL_RCC_GetPCLK2Freq
                0x080013d0       0x2c cmake/stm32cubemx/CMakeFiles/STM32_Drivers.dir/__/__/Drivers/STM32G4xx_HAL_Driver/Src/stm32g4xx_hal_rcc.c.obj
                0x080013d0                HAL_RCC_GetPCLK2Freq
 .text.RCC_GetSysClockFreqFromPLLSource
                0x080013fc       0x8c cmake/stm32cubemx/CMakeFiles/STM32_Drivers.dir/__/__/Drivers/STM32G4xx_HAL_Driver/Src/stm32g4xx_hal_rcc.c.obj
 .text.HAL_RCCEx_PeriphCLKConfig
                0x08001488      0x49c cmake/stm32cubemx/CMakeFiles/STM32_Drivers.dir/__/__/Drivers/STM32G4xx_HAL_Driver/Src/stm32g4xx_hal_rcc_ex.c.obj
                0x08001488                HAL_RCCEx_PeriphCLKConfig
 .text.HAL_GPIO_Init
                0x08001924      0x304 cmake/stm32cubemx/CMakeFiles/STM32_Drivers.dir/__/__/Drivers/STM32G4xx_HAL_Driver/Src/stm32g4xx_hal_gpio.c.obj
                0x08001924                HAL_GPIO_Init
 .text.HAL_GPIO_DeInit
                0x08001c28      0x1c4 cmake/stm32cubemx/CMakeFiles/STM32_Drivers.dir/__/__/Drivers/STM32G4xx_HAL_Driver/Src/stm32g4xx_hal_gpio.c.obj
                0x08001c28                HAL_GPIO_DeInit
 .text.HAL_GPIO_WritePin
                0x08001dec       0x30 cmake/stm32cubemx/CMakeFiles/STM32_Drivers.dir/__/__/Drivers/STM32G4xx_HAL_Driver/Src/stm32g4xx_hal_gpio.c.obj
                0x08001dec                HAL_GPIO_WritePin
 .text.HAL_GPIO_TogglePin
                0x08001e1c       0x34 cmake/stm32cubemx/CMakeFiles/STM32_Drivers.dir/__/__/Drivers/STM32G4xx_HAL_Driver/Src/stm32g4xx_hal_gpio.c.obj
                0x08001e1c                HAL_GPIO_TogglePin
 .text.HAL_PWREx_ControlVoltageScaling
                0x08001e50      0x148 cmake/stm32cubemx/CMakeFiles/STM32_Drivers.dir/__/__/Drivers/STM32G4xx_HAL_Driver/Src/stm32g4xx_hal_pwr_ex.c.obj
                0x08001e50                HAL_PWREx_ControlVoltageScaling
 .text.HAL_PWREx_DisableUCPDDeadBattery
                0x08001f98       0x20 cmake/stm32cubemx/CMakeFiles/STM32_Drivers.dir/__/__/Drivers/STM32G4xx_HAL_Driver/Src/stm32g4xx_hal_pwr_ex.c.obj
                0x08001f98                HAL_PWREx_DisableUCPDDeadBattery
 .text.__NVIC_SetPriorityGrouping
                0x08001fb8       0x48 cmake/stm32cubemx/CMakeFiles/STM32_Drivers.dir/__/__/Drivers/STM32G4xx_HAL_Driver/Src/stm32g4xx_hal_cortex.c.obj
 .text.__NVIC_GetPriorityGrouping
                0x08002000       0x1c cmake/stm32cubemx/CMakeFiles/STM32_Drivers.dir/__/__/Drivers/STM32G4xx_HAL_Driver/Src/stm32g4xx_hal_cortex.c.obj
 .text.__NVIC_SetPriority
                0x0800201c       0x54 cmake/stm32cubemx/CMakeFiles/STM32_Drivers.dir/__/__/Drivers/STM32G4xx_HAL_Driver/Src/stm32g4xx_hal_cortex.c.obj
 .text.NVIC_EncodePriority
                0x08002070       0x66 cmake/stm32cubemx/CMakeFiles/STM32_Drivers.dir/__/__/Drivers/STM32G4xx_HAL_Driver/Src/stm32g4xx_hal_cortex.c.obj
 *fill*         0x080020d6        0x2 
 .text.SysTick_Config
                0x080020d8       0x44 cmake/stm32cubemx/CMakeFiles/STM32_Drivers.dir/__/__/Drivers/STM32G4xx_HAL_Driver/Src/stm32g4xx_hal_cortex.c.obj
 .text.HAL_NVIC_SetPriorityGrouping
                0x0800211c       0x16 cmake/stm32cubemx/CMakeFiles/STM32_Drivers.dir/__/__/Drivers/STM32G4xx_HAL_Driver/Src/stm32g4xx_hal_cortex.c.obj
                0x0800211c                HAL_NVIC_SetPriorityGrouping
 .text.HAL_NVIC_SetPriority
                0x08002132       0x34 cmake/stm32cubemx/CMakeFiles/STM32_Drivers.dir/__/__/Drivers/STM32G4xx_HAL_Driver/Src/stm32g4xx_hal_cortex.c.obj
                0x08002132                HAL_NVIC_SetPriority
 .text.HAL_SYSTICK_Config
                0x08002166       0x18 cmake/stm32cubemx/CMakeFiles/STM32_Drivers.dir/__/__/Drivers/STM32G4xx_HAL_Driver/Src/stm32g4xx_hal_cortex.c.obj
                0x08002166                HAL_SYSTICK_Config
 .text.HAL_I2C_Init
                0x0800217e      0x136 cmake/stm32cubemx/CMakeFiles/STM32_Drivers.dir/__/__/Drivers/STM32G4xx_HAL_Driver/Src/stm32g4xx_hal_i2c.c.obj
                0x0800217e                HAL_I2C_Init
 .text.HAL_I2C_DeInit
                0x080022b4       0x5e cmake/stm32cubemx/CMakeFiles/STM32_Drivers.dir/__/__/Drivers/STM32G4xx_HAL_Driver/Src/stm32g4xx_hal_i2c.c.obj
                0x080022b4                HAL_I2C_DeInit
 .text.HAL_I2CEx_ConfigAnalogFilter
                0x08002312       0x96 cmake/stm32cubemx/CMakeFiles/STM32_Drivers.dir/__/__/Drivers/STM32G4xx_HAL_Driver/Src/stm32g4xx_hal_i2c_ex.c.obj
                0x08002312                HAL_I2CEx_ConfigAnalogFilter
 .text.HAL_I2CEx_ConfigDigitalFilter
                0x080023a8       0x98 cmake/stm32cubemx/CMakeFiles/STM32_Drivers.dir/__/__/Drivers/STM32G4xx_HAL_Driver/Src/stm32g4xx_hal_i2c_ex.c.obj
                0x080023a8                HAL_I2CEx_ConfigDigitalFilter
 .text.HAL_UART_Init
                0x08002440       0xa0 cmake/stm32cubemx/CMakeFiles/STM32_Drivers.dir/__/__/Drivers/STM32G4xx_HAL_Driver/Src/stm32g4xx_hal_uart.c.obj
                0x08002440                HAL_UART_Init
 .text.UART_SetConfig
                0x080024e0      0x5f8 cmake/stm32cubemx/CMakeFiles/STM32_Drivers.dir/__/__/Drivers/STM32G4xx_HAL_Driver/Src/stm32g4xx_hal_uart.c.obj
                0x080024e0                UART_SetConfig
 .text.UART_AdvFeatureConfig
                0x08002ad8      0x144 cmake/stm32cubemx/CMakeFiles/STM32_Drivers.dir/__/__/Drivers/STM32G4xx_HAL_Driver/Src/stm32g4xx_hal_uart.c.obj
                0x08002ad8                UART_AdvFeatureConfig
 .text.UART_CheckIdleState
                0x08002c1c      0x154 cmake/stm32cubemx/CMakeFiles/STM32_Drivers.dir/__/__/Drivers/STM32G4xx_HAL_Driver/Src/stm32g4xx_hal_uart.c.obj
                0x08002c1c                UART_CheckIdleState
 .text.UART_WaitOnFlagUntilTimeout
                0x08002d70       0xda cmake/stm32cubemx/CMakeFiles/STM32_Drivers.dir/__/__/Drivers/STM32G4xx_HAL_Driver/Src/stm32g4xx_hal_uart.c.obj
                0x08002d70                UART_WaitOnFlagUntilTimeout
 .text.UART_EndRxTransfer
                0x08002e4a       0xcc cmake/stm32cubemx/CMakeFiles/STM32_Drivers.dir/__/__/Drivers/STM32G4xx_HAL_Driver/Src/stm32g4xx_hal_uart.c.obj
 .text.HAL_RS485Ex_Init
                0x08002f16       0xd2 cmake/stm32cubemx/CMakeFiles/STM32_Drivers.dir/__/__/Drivers/STM32G4xx_HAL_Driver/Src/stm32g4xx_hal_uart_ex.c.obj
                0x08002f16                HAL_RS485Ex_Init
 .text.HAL_UARTEx_DisableFifoMode
                0x08002fe8       0x72 cmake/stm32cubemx/CMakeFiles/STM32_Drivers.dir/__/__/Drivers/STM32G4xx_HAL_Driver/Src/stm32g4xx_hal_uart_ex.c.obj
                0x08002fe8                HAL_UARTEx_DisableFifoMode
 .text.HAL_UARTEx_SetTxFifoThreshold
                0x0800305a       0x7c cmake/stm32cubemx/CMakeFiles/STM32_Drivers.dir/__/__/Drivers/STM32G4xx_HAL_Driver/Src/stm32g4xx_hal_uart_ex.c.obj
                0x0800305a                HAL_UARTEx_SetTxFifoThreshold
 .text.HAL_UARTEx_SetRxFifoThreshold
                0x080030d6       0x7c cmake/stm32cubemx/CMakeFiles/STM32_Drivers.dir/__/__/Drivers/STM32G4xx_HAL_Driver/Src/stm32g4xx_hal_uart_ex.c.obj
                0x080030d6                HAL_UARTEx_SetRxFifoThreshold
 *fill*         0x08003152        0x2 
 .text.UARTEx_SetNbDataToProcess
                0x08003154       0x9c cmake/stm32cubemx/CMakeFiles/STM32_Drivers.dir/__/__/Drivers/STM32G4xx_HAL_Driver/Src/stm32g4xx_hal_uart_ex.c.obj
 .text.HAL_PCD_Init
                0x080031f0      0x19c cmake/stm32cubemx/CMakeFiles/STM32_Drivers.dir/__/__/Drivers/STM32G4xx_HAL_Driver/Src/stm32g4xx_hal_pcd.c.obj
                0x080031f0                HAL_PCD_Init
 .text.HAL_PCDEx_ActivateLPM
                0x0800338c       0x54 cmake/stm32cubemx/CMakeFiles/STM32_Drivers.dir/__/__/Drivers/STM32G4xx_HAL_Driver/Src/stm32g4xx_hal_pcd_ex.c.obj
                0x0800338c                HAL_PCDEx_ActivateLPM
 .text.USB_DisableGlobalInt
                0x080033e0       0x36 cmake/stm32cubemx/CMakeFiles/STM32_Drivers.dir/__/__/Drivers/STM32G4xx_HAL_Driver/Src/stm32g4xx_ll_usb.c.obj
                0x080033e0                USB_DisableGlobalInt
 .text.USB_DevInit
                0x08003416       0x3c cmake/stm32cubemx/CMakeFiles/STM32_Drivers.dir/__/__/Drivers/STM32G4xx_HAL_Driver/Src/stm32g4xx_ll_usb.c.obj
                0x08003416                USB_DevInit
 .text.main     0x08003452       0x38 CMakeFiles/stm32g474ceu6.dir/Core/Src/main.c.obj
                0x08003452                main
 .text.SystemClock_Config
                0x0800348a       0x96 CMakeFiles/stm32g474ceu6.dir/Core/Src/main.c.obj
                0x0800348a                SystemClock_Config
 .text.MX_FDCAN2_Init
                0x08003520       0x8c CMakeFiles/stm32g474ceu6.dir/Core/Src/main.c.obj
 .text.MX_I2C1_Init
                0x080035ac       0x80 CMakeFiles/stm32g474ceu6.dir/Core/Src/main.c.obj
 .text.MX_UART4_Init
                0x0800362c       0x98 CMakeFiles/stm32g474ceu6.dir/Core/Src/main.c.obj
 .text.MX_USART2_UART_Init
                0x080036c4       0xa0 CMakeFiles/stm32g474ceu6.dir/Core/Src/main.c.obj
 .text.MX_USART3_UART_Init
                0x08003764       0x98 CMakeFiles/stm32g474ceu6.dir/Core/Src/main.c.obj
 .text.MX_USB_PCD_Init
                0x080037fc       0x50 CMakeFiles/stm32g474ceu6.dir/Core/Src/main.c.obj
 .text.MX_GPIO_Init
                0x0800384c       0xc8 CMakeFiles/stm32g474ceu6.dir/Core/Src/main.c.obj
 .text.Error_Handler
                0x08003914        0xc CMakeFiles/stm32g474ceu6.dir/Core/Src/main.c.obj
                0x08003914                Error_Handler
 .text.NMI_Handler
                0x08003920        0x8 CMakeFiles/stm32g474ceu6.dir/Core/Src/stm32g4xx_it.c.obj
                0x08003920                NMI_Handler
 .text.HardFault_Handler
                0x08003928        0x8 CMakeFiles/stm32g474ceu6.dir/Core/Src/stm32g4xx_it.c.obj
                0x08003928                HardFault_Handler
 .text.MemManage_Handler
                0x08003930        0x8 CMakeFiles/stm32g474ceu6.dir/Core/Src/stm32g4xx_it.c.obj
                0x08003930                MemManage_Handler
 .text.BusFault_Handler
                0x08003938        0x8 CMakeFiles/stm32g474ceu6.dir/Core/Src/stm32g4xx_it.c.obj
                0x08003938                BusFault_Handler
 .text.UsageFault_Handler
                0x08003940        0x8 CMakeFiles/stm32g474ceu6.dir/Core/Src/stm32g4xx_it.c.obj
                0x08003940                UsageFault_Handler
 .text.SVC_Handler
                0x08003948        0xe CMakeFiles/stm32g474ceu6.dir/Core/Src/stm32g4xx_it.c.obj
                0x08003948                SVC_Handler
 .text.DebugMon_Handler
                0x08003956        0xe CMakeFiles/stm32g474ceu6.dir/Core/Src/stm32g4xx_it.c.obj
                0x08003956                DebugMon_Handler
 .text.PendSV_Handler
                0x08003964        0xe CMakeFiles/stm32g474ceu6.dir/Core/Src/stm32g4xx_it.c.obj
                0x08003964                PendSV_Handler
 .text.SysTick_Handler
                0x08003972        0xc CMakeFiles/stm32g474ceu6.dir/Core/Src/stm32g4xx_it.c.obj
                0x08003972                SysTick_Handler
 *fill*         0x0800397e        0x2 
 .text.HAL_MspInit
                0x08003980       0x48 CMakeFiles/stm32g474ceu6.dir/Core/Src/stm32g4xx_hal_msp.c.obj
                0x08003980                HAL_MspInit
 .text.HAL_FDCAN_MspInit
                0x080039c8       0xb8 CMakeFiles/stm32g474ceu6.dir/Core/Src/stm32g4xx_hal_msp.c.obj
                0x080039c8                HAL_FDCAN_MspInit
 .text.HAL_I2C_MspInit
                0x08003a80       0xec CMakeFiles/stm32g474ceu6.dir/Core/Src/stm32g4xx_hal_msp.c.obj
                0x08003a80                HAL_I2C_MspInit
 .text.HAL_I2C_MspDeInit
                0x08003b6c       0x48 CMakeFiles/stm32g474ceu6.dir/Core/Src/stm32g4xx_hal_msp.c.obj
                0x08003b6c                HAL_I2C_MspDeInit
 .text.HAL_UART_MspInit
                0x08003bb4      0x1c0 CMakeFiles/stm32g474ceu6.dir/Core/Src/stm32g4xx_hal_msp.c.obj
                0x08003bb4                HAL_UART_MspInit
 .text.HAL_PCD_MspInit
                0x08003d74       0x68 CMakeFiles/stm32g474ceu6.dir/Core/Src/stm32g4xx_hal_msp.c.obj
                0x08003d74                HAL_PCD_MspInit
 .text.Reset_Handler
                0x08003ddc       0x50 CMakeFiles/stm32g474ceu6.dir/startup_stm32g474xx.s.obj
                0x08003ddc                Reset_Handler
 .text.Default_Handler
                0x08003e2c        0x2 CMakeFiles/stm32g474ceu6.dir/startup_stm32g474xx.s.obj
                0x08003e2c                RTC_Alarm_IRQHandler
                0x08003e2c                EXTI2_IRQHandler
                0x08003e2c                TIM8_TRG_COM_IRQHandler
                0x08003e2c                TIM8_CC_IRQHandler
                0x08003e2c                HRTIM1_Master_IRQHandler
                0x08003e2c                SPI4_IRQHandler
                0x08003e2c                FDCAN3_IT0_IRQHandler
                0x08003e2c                TIM1_CC_IRQHandler
                0x08003e2c                HRTIM1_FLT_IRQHandler
                0x08003e2c                HRTIM1_TIMF_IRQHandler
                0x08003e2c                USB_HP_IRQHandler
                0x08003e2c                CORDIC_IRQHandler
                0x08003e2c                HRTIM1_TIMD_IRQHandler
                0x08003e2c                DMA2_Channel8_IRQHandler
                0x08003e2c                EXTI3_IRQHandler
                0x08003e2c                I2C3_ER_IRQHandler
                0x08003e2c                EXTI0_IRQHandler
                0x08003e2c                I2C2_EV_IRQHandler
                0x08003e2c                FPU_IRQHandler
                0x08003e2c                FDCAN1_IT1_IRQHandler
                0x08003e2c                TIM1_UP_TIM16_IRQHandler
                0x08003e2c                ADC1_2_IRQHandler
                0x08003e2c                HRTIM1_TIME_IRQHandler
                0x08003e2c                SPI1_IRQHandler
                0x08003e2c                TIM6_DAC_IRQHandler
                0x08003e2c                HRTIM1_TIMC_IRQHandler
                0x08003e2c                TIM8_UP_IRQHandler
                0x08003e2c                DMA2_Channel2_IRQHandler
                0x08003e2c                DMA1_Channel4_IRQHandler
                0x08003e2c                TIM20_TRG_COM_IRQHandler
                0x08003e2c                USART3_IRQHandler
                0x08003e2c                DMA1_Channel7_IRQHandler
                0x08003e2c                UART5_IRQHandler
                0x08003e2c                ADC3_IRQHandler
                0x08003e2c                TIM4_IRQHandler
                0x08003e2c                DMA2_Channel1_IRQHandler
                0x08003e2c                QUADSPI_IRQHandler
                0x08003e2c                I2C1_EV_IRQHandler
                0x08003e2c                DMA1_Channel6_IRQHandler
                0x08003e2c                UART4_IRQHandler
                0x08003e2c                DMA2_Channel4_IRQHandler
                0x08003e2c                TIM3_IRQHandler
                0x08003e2c                RCC_IRQHandler
                0x08003e2c                TIM20_UP_IRQHandler
                0x08003e2c                DMA1_Channel1_IRQHandler
                0x08003e2c                Default_Handler
                0x08003e2c                DMA2_Channel7_IRQHandler
                0x08003e2c                RTC_TAMP_LSECSS_IRQHandler
                0x08003e2c                FMAC_IRQHandler
                0x08003e2c                EXTI15_10_IRQHandler
                0x08003e2c                DMA1_Channel8_IRQHandler
                0x08003e2c                HRTIM1_TIMA_IRQHandler
                0x08003e2c                TIM7_DAC_IRQHandler
                0x08003e2c                FDCAN3_IT1_IRQHandler
                0x08003e2c                TIM5_IRQHandler
                0x08003e2c                UCPD1_IRQHandler
                0x08003e2c                I2C3_EV_IRQHandler
                0x08003e2c                EXTI9_5_IRQHandler
                0x08003e2c                RTC_WKUP_IRQHandler
                0x08003e2c                PVD_PVM_IRQHandler
                0x08003e2c                SPI2_IRQHandler
                0x08003e2c                ADC5_IRQHandler
                0x08003e2c                DMA2_Channel5_IRQHandler
                0x08003e2c                CRS_IRQHandler
                0x08003e2c                DMA1_Channel5_IRQHandler
                0x08003e2c                USB_LP_IRQHandler
                0x08003e2c                EXTI4_IRQHandler
                0x08003e2c                RNG_IRQHandler
                0x08003e2c                HRTIM1_TIMB_IRQHandler
                0x08003e2c                TIM1_TRG_COM_TIM17_IRQHandler
                0x08003e2c                FDCAN2_IT1_IRQHandler
                0x08003e2c                DMA1_Channel3_IRQHandler
                0x08003e2c                ADC4_IRQHandler
                0x08003e2c                WWDG_IRQHandler
                0x08003e2c                I2C4_EV_IRQHandler
                0x08003e2c                FDCAN2_IT0_IRQHandler
                0x08003e2c                LPUART1_IRQHandler
                0x08003e2c                DMA2_Channel6_IRQHandler
                0x08003e2c                FDCAN1_IT0_IRQHandler
                0x08003e2c                TIM2_IRQHandler
                0x08003e2c                COMP7_IRQHandler
                0x08003e2c                COMP1_2_3_IRQHandler
                0x08003e2c                EXTI1_IRQHandler
                0x08003e2c                USART2_IRQHandler
                0x08003e2c                COMP4_5_6_IRQHandler
                0x08003e2c                TIM20_BRK_IRQHandler
                0x08003e2c                I2C2_ER_IRQHandler
                0x08003e2c                DMA1_Channel2_IRQHandler
                0x08003e2c                TIM8_BRK_IRQHandler
                0x08003e2c                FLASH_IRQHandler
                0x08003e2c                TIM20_CC_IRQHandler
                0x08003e2c                USART1_IRQHandler
                0x08003e2c                SPI3_IRQHandler
                0x08003e2c                I2C1_ER_IRQHandler
                0x08003e2c                FMC_IRQHandler
                0x08003e2c                LPTIM1_IRQHandler
                0x08003e2c                DMAMUX_OVR_IRQHandler
                0x08003e2c                I2C4_ER_IRQHandler
                0x08003e2c                USBWakeUp_IRQHandler
                0x08003e2c                SAI1_IRQHandler
                0x08003e2c                DMA2_Channel3_IRQHandler
                0x08003e2c                TIM1_BRK_TIM15_IRQHandler
 .text.apInit   0x08003e2e       0x10 CMakeFiles/stm32g474ceu6.dir/App/ap/ap.c.obj
                0x08003e2e                apInit
 .text.apMain   0x08003e3e       0x2e CMakeFiles/stm32g474ceu6.dir/App/ap/ap.c.obj
                0x08003e3e                apMain
 .text.hwInit   0x08003e6c       0x12 CMakeFiles/stm32g474ceu6.dir/App/hw/hw.c.obj
                0x08003e6c                hwInit
 .text.millis   0x08003e7e        0xe CMakeFiles/stm32g474ceu6.dir/App/hw/hw.c.obj
                0x08003e7e                millis
 .text.i2cInit  0x08003e8c       0x5c CMakeFiles/stm32g474ceu6.dir/App/hw/src/i2c.c.obj
                0x08003e8c                i2cInit
 .text.i2cBegin
                0x08003ee8       0xcc CMakeFiles/stm32g474ceu6.dir/App/hw/src/i2c.c.obj
                0x08003ee8                i2cBegin
 .text.i2cGetTimming
                0x08003fb4       0x40 CMakeFiles/stm32g474ceu6.dir/App/hw/src/i2c.c.obj
 .text.i2cReset
                0x08003ff4      0x12c CMakeFiles/stm32g474ceu6.dir/App/hw/src/i2c.c.obj
                0x08003ff4                i2cReset
 .text.delayUs  0x08004120       0x32 CMakeFiles/stm32g474ceu6.dir/App/hw/src/i2c.c.obj
 .text.ledInit  0x08004152       0x2c CMakeFiles/stm32g474ceu6.dir/App/hw/src/led.c.obj
                0x08004152                ledInit
 *fill*         0x0800417e        0x2 
 .text.ledOff   0x08004180       0x40 CMakeFiles/stm32g474ceu6.dir/App/hw/src/led.c.obj
                0x08004180                ledOff
 .text.ledToggle
                0x080041c0       0x38 CMakeFiles/stm32g474ceu6.dir/App/hw/src/led.c.obj
                0x080041c0                ledToggle
 *(.glue_7)
 .glue_7        0x080041f8        0x0 linker stubs
 *(.glue_7t)
 .glue_7t       0x080041f8        0x0 linker stubs
 *(.eh_frame)
 .eh_frame      0x080041f8        0x0 C:/ST/STM32CubeCLT_1.18.0/GNU-tools-for-STM32/bin/../lib/gcc/arm-none-eabi/13.3.1/thumb/v7e-m+fp/hard/crtbegin.o
 *(.init)
 .init          0x080041f8        0x4 C:/ST/STM32CubeCLT_1.18.0/GNU-tools-for-STM32/bin/../lib/gcc/arm-none-eabi/13.3.1/thumb/v7e-m+fp/hard/crti.o
                0x080041f8                _init
 .init          0x080041fc        0x8 C:/ST/STM32CubeCLT_1.18.0/GNU-tools-for-STM32/bin/../lib/gcc/arm-none-eabi/13.3.1/thumb/v7e-m+fp/hard/crtn.o
 *(.fini)
 .fini          0x08004204        0x4 C:/ST/STM32CubeCLT_1.18.0/GNU-tools-for-STM32/bin/../lib/gcc/arm-none-eabi/13.3.1/thumb/v7e-m+fp/hard/crti.o
                0x08004204                _fini
 .fini          0x08004208        0x8 C:/ST/STM32CubeCLT_1.18.0/GNU-tools-for-STM32/bin/../lib/gcc/arm-none-eabi/13.3.1/thumb/v7e-m+fp/hard/crtn.o
                0x08004210                        . = ALIGN (0x4)
                0x08004210                        _etext = .

.vfp11_veneer   0x08004210        0x0
 .vfp11_veneer  0x08004210        0x0 linker stubs

.v4_bx          0x08004210        0x0
 .v4_bx         0x08004210        0x0 linker stubs

.iplt           0x08004210        0x0
 .iplt          0x08004210        0x0 C:/ST/STM32CubeCLT_1.18.0/GNU-tools-for-STM32/bin/../lib/gcc/arm-none-eabi/13.3.1/thumb/v7e-m+fp/hard/crtbegin.o

.rodata         0x08004210       0x40
                0x08004210                        . = ALIGN (0x4)
 *(.rodata)
 *(.rodata*)
 .rodata.AHBPrescTable
                0x08004210       0x10 cmake/stm32cubemx/CMakeFiles/STM32_Drivers.dir/__/__/Core/Src/system_stm32g4xx.c.obj
                0x08004210                AHBPrescTable
 .rodata.APBPrescTable
                0x08004220        0x8 cmake/stm32cubemx/CMakeFiles/STM32_Drivers.dir/__/__/Core/Src/system_stm32g4xx.c.obj
                0x08004220                APBPrescTable
 .rodata.UARTPrescTable
                0x08004228       0x18 cmake/stm32cubemx/CMakeFiles/STM32_Drivers.dir/__/__/Drivers/STM32G4xx_HAL_Driver/Src/stm32g4xx_hal_uart.c.obj
                0x08004228                UARTPrescTable
 .rodata.numerator.1
                0x08004240        0x8 cmake/stm32cubemx/CMakeFiles/STM32_Drivers.dir/__/__/Drivers/STM32G4xx_HAL_Driver/Src/stm32g4xx_hal_uart_ex.c.obj
 .rodata.denominator.0
                0x08004248        0x8 cmake/stm32cubemx/CMakeFiles/STM32_Drivers.dir/__/__/Drivers/STM32G4xx_HAL_Driver/Src/stm32g4xx_hal_uart_ex.c.obj
                0x08004250                        . = ALIGN (0x4)

.ARM.extab      0x08004250        0x0
                0x08004250                        . = ALIGN (0x4)
 *(.ARM.extab* .gnu.linkonce.armextab.*)
                0x08004250                        . = ALIGN (0x4)

.ARM            0x08004250        0x8
                0x08004250                        . = ALIGN (0x4)
                0x08004250                        __exidx_start = .
 *(.ARM.exidx*)
 .ARM.exidx     0x08004250        0x8 C:/ST/STM32CubeCLT_1.18.0/GNU-tools-for-STM32/bin/../lib/gcc/arm-none-eabi/13.3.1/thumb/v7e-m+fp/hard\libgcc.a(_udivmoddi4.o)
                0x08004258                        __exidx_end = .
                0x08004258                        . = ALIGN (0x4)

.preinit_array  0x08004258        0x0
                0x08004258                        . = ALIGN (0x4)
                0x08004258                        PROVIDE (__preinit_array_start = .)
 *(.preinit_array*)
                0x08004258                        PROVIDE (__preinit_array_end = .)
                0x08004258                        . = ALIGN (0x4)

.init_array     0x08004258        0x4
                0x08004258                        . = ALIGN (0x4)
                0x08004258                        PROVIDE (__init_array_start = .)
 *(SORT_BY_NAME(.init_array.*))
 *(.init_array*)
 .init_array    0x08004258        0x4 C:/ST/STM32CubeCLT_1.18.0/GNU-tools-for-STM32/bin/../lib/gcc/arm-none-eabi/13.3.1/thumb/v7e-m+fp/hard/crtbegin.o
                0x0800425c                        PROVIDE (__init_array_end = .)
                0x0800425c                        . = ALIGN (0x4)

.fini_array     0x0800425c        0x4
                0x0800425c                        . = ALIGN (0x4)
                [!provide]                        PROVIDE (__fini_array_start = .)
 *(SORT_BY_NAME(.fini_array.*))
 *(.fini_array*)
 .fini_array    0x0800425c        0x4 C:/ST/STM32CubeCLT_1.18.0/GNU-tools-for-STM32/bin/../lib/gcc/arm-none-eabi/13.3.1/thumb/v7e-m+fp/hard/crtbegin.o
                [!provide]                        PROVIDE (__fini_array_end = .)
                0x08004260                        . = ALIGN (0x4)
                0x08004260                        _sidata = LOADADDR (.data)

.rel.dyn        0x08004260        0x0
 .rel.iplt      0x08004260        0x0 C:/ST/STM32CubeCLT_1.18.0/GNU-tools-for-STM32/bin/../lib/gcc/arm-none-eabi/13.3.1/thumb/v7e-m+fp/hard/crtbegin.o

.data           0x20000000       0x2c load address 0x08004260
                0x20000000                        . = ALIGN (0x4)
                0x20000000                        _sdata = .
 *(.data)
 *(.data*)
 .data.SystemCoreClock
                0x20000000        0x4 cmake/stm32cubemx/CMakeFiles/STM32_Drivers.dir/__/__/Core/Src/system_stm32g4xx.c.obj
                0x20000000                SystemCoreClock
 .data.uwTickPrio
                0x20000004        0x4 cmake/stm32cubemx/CMakeFiles/STM32_Drivers.dir/__/__/Drivers/STM32G4xx_HAL_Driver/Src/stm32g4xx_hal.c.obj
                0x20000004                uwTickPrio
 .data.uwTickFreq
                0x20000008        0x4 cmake/stm32cubemx/CMakeFiles/STM32_Drivers.dir/__/__/Drivers/STM32G4xx_HAL_Driver/Src/stm32g4xx_hal.c.obj
                0x20000008                uwTickFreq
 .data.i2c_tbl  0x2000000c       0x18 CMakeFiles/stm32g474ceu6.dir/App/hw/src/i2c.c.obj
 .data.led_tbl  0x20000024        0x8 CMakeFiles/stm32g474ceu6.dir/App/hw/src/led.c.obj
 *(.RamFunc)
 *(.RamFunc*)
                0x2000002c                        . = ALIGN (0x4)
                0x2000002c                        _edata = .

.igot.plt       0x2000002c        0x0 load address 0x0800428c
 .igot.plt      0x2000002c        0x0 C:/ST/STM32CubeCLT_1.18.0/GNU-tools-for-STM32/bin/../lib/gcc/arm-none-eabi/13.3.1/thumb/v7e-m+fp/hard/crtbegin.o
                0x2000002c                        . = ALIGN (0x4)

.bss            0x2000002c      0x584 load address 0x0800428c
                0x2000002c                        _sbss = .
                0x2000002c                        __bss_start__ = _sbss
 *(.bss)
 .bss           0x2000002c       0x1c C:/ST/STM32CubeCLT_1.18.0/GNU-tools-for-STM32/bin/../lib/gcc/arm-none-eabi/13.3.1/thumb/v7e-m+fp/hard/crtbegin.o
 *(.bss*)
 .bss.uwTick    0x20000048        0x4 cmake/stm32cubemx/CMakeFiles/STM32_Drivers.dir/__/__/Drivers/STM32G4xx_HAL_Driver/Src/stm32g4xx_hal.c.obj
                0x20000048                uwTick
 .bss.hfdcan2   0x2000004c       0x64 CMakeFiles/stm32g474ceu6.dir/Core/Src/main.c.obj
                0x2000004c                hfdcan2
 .bss.hi2c1     0x200000b0       0x54 CMakeFiles/stm32g474ceu6.dir/Core/Src/main.c.obj
                0x200000b0                hi2c1
 .bss.huart4    0x20000104       0x94 CMakeFiles/stm32g474ceu6.dir/Core/Src/main.c.obj
                0x20000104                huart4
 .bss.huart2    0x20000198       0x94 CMakeFiles/stm32g474ceu6.dir/Core/Src/main.c.obj
                0x20000198                huart2
 .bss.huart3    0x2000022c       0x94 CMakeFiles/stm32g474ceu6.dir/Core/Src/main.c.obj
                0x2000022c                huart3
 .bss.hpcd_USB_FS
                0x200002c0      0x2dc CMakeFiles/stm32g474ceu6.dir/Core/Src/main.c.obj
                0x200002c0                hpcd_USB_FS
 .bss.i2c_timeout
                0x2000059c        0x4 CMakeFiles/stm32g474ceu6.dir/App/hw/src/i2c.c.obj
 .bss.i2c_errcount
                0x200005a0        0x4 CMakeFiles/stm32g474ceu6.dir/App/hw/src/i2c.c.obj
 .bss.i2c_freq  0x200005a4        0x4 CMakeFiles/stm32g474ceu6.dir/App/hw/src/i2c.c.obj
 .bss.is_init   0x200005a8        0x1 CMakeFiles/stm32g474ceu6.dir/App/hw/src/i2c.c.obj
 *fill*         0x200005a9        0x3 
 .bss.is_begin  0x200005ac        0x1 CMakeFiles/stm32g474ceu6.dir/App/hw/src/i2c.c.obj
 *(COMMON)
                0x200005b0                        . = ALIGN (0x4)
 *fill*         0x200005ad        0x3 
                0x200005b0                        _ebss = .
                0x200005b0                        __bss_end__ = _ebss

._user_heap_stack
                0x200005b0      0x600 load address 0x0800428c
                0x200005b0                        . = ALIGN (0x8)
                [!provide]                        PROVIDE (end = .)
                0x200005b0                        PROVIDE (_end = .)
                0x200007b0                        . = (. + _Min_Heap_Size)
 *fill*         0x200005b0      0x200 
                0x20000bb0                        . = (. + _Min_Stack_Size)
 *fill*         0x200007b0      0x400 
                0x20000bb0                        . = ALIGN (0x8)

/DISCARD/
 libc.a(*)
 libm.a(*)
 libgcc.a(*)
OUTPUT(stm32g474ceu6.elf elf32-littlearm)
LOAD linker stubs
LOAD C:/ST/STM32CubeCLT_1.18.0/GNU-tools-for-STM32/bin/../lib/gcc/arm-none-eabi/13.3.1/../../../../arm-none-eabi/lib/thumb/v7e-m+fp/hard\libc.a
LOAD C:/ST/STM32CubeCLT_1.18.0/GNU-tools-for-STM32/bin/../lib/gcc/arm-none-eabi/13.3.1/../../../../arm-none-eabi/lib/thumb/v7e-m+fp/hard\libm.a
LOAD C:/ST/STM32CubeCLT_1.18.0/GNU-tools-for-STM32/bin/../lib/gcc/arm-none-eabi/13.3.1/thumb/v7e-m+fp/hard\libgcc.a

.ARM.attributes
                0x00000000       0x30
 .ARM.attributes
                0x00000000       0x22 C:/ST/STM32CubeCLT_1.18.0/GNU-tools-for-STM32/bin/../lib/gcc/arm-none-eabi/13.3.1/thumb/v7e-m+fp/hard/crti.o
 .ARM.attributes
                0x00000022       0x34 C:/ST/STM32CubeCLT_1.18.0/GNU-tools-for-STM32/bin/../lib/gcc/arm-none-eabi/13.3.1/thumb/v7e-m+fp/hard/crtbegin.o
 .ARM.attributes
                0x00000056       0x34 C:/ST/STM32CubeCLT_1.18.0/GNU-tools-for-STM32/bin/../lib/gcc/arm-none-eabi/13.3.1/../../../../arm-none-eabi/lib/thumb/v7e-m+fp/hard\libc_nano.a(libc_a-memset.o)
 .ARM.attributes
                0x0000008a       0x34 C:/ST/STM32CubeCLT_1.18.0/GNU-tools-for-STM32/bin/../lib/gcc/arm-none-eabi/13.3.1/../../../../arm-none-eabi/lib/thumb/v7e-m+fp/hard\libc_nano.a(libc_a-init.o)
 .ARM.attributes
                0x000000be       0x34 cmake/stm32cubemx/CMakeFiles/STM32_Drivers.dir/__/__/Core/Src/system_stm32g4xx.c.obj
 .ARM.attributes
                0x000000f2       0x34 cmake/stm32cubemx/CMakeFiles/STM32_Drivers.dir/__/__/Drivers/STM32G4xx_HAL_Driver/Src/stm32g4xx_hal_fdcan.c.obj
 .ARM.attributes
                0x00000126       0x34 cmake/stm32cubemx/CMakeFiles/STM32_Drivers.dir/__/__/Drivers/STM32G4xx_HAL_Driver/Src/stm32g4xx_hal.c.obj
 .ARM.attributes
                0x0000015a       0x34 cmake/stm32cubemx/CMakeFiles/STM32_Drivers.dir/__/__/Drivers/STM32G4xx_HAL_Driver/Src/stm32g4xx_hal_rcc.c.obj
 .ARM.attributes
                0x0000018e       0x34 cmake/stm32cubemx/CMakeFiles/STM32_Drivers.dir/__/__/Drivers/STM32G4xx_HAL_Driver/Src/stm32g4xx_hal_rcc_ex.c.obj
 .ARM.attributes
                0x000001c2       0x34 cmake/stm32cubemx/CMakeFiles/STM32_Drivers.dir/__/__/Drivers/STM32G4xx_HAL_Driver/Src/stm32g4xx_hal_gpio.c.obj
 .ARM.attributes
                0x000001f6       0x34 cmake/stm32cubemx/CMakeFiles/STM32_Drivers.dir/__/__/Drivers/STM32G4xx_HAL_Driver/Src/stm32g4xx_hal_pwr_ex.c.obj
 .ARM.attributes
                0x0000022a       0x34 cmake/stm32cubemx/CMakeFiles/STM32_Drivers.dir/__/__/Drivers/STM32G4xx_HAL_Driver/Src/stm32g4xx_hal_cortex.c.obj
 .ARM.attributes
                0x0000025e       0x34 cmake/stm32cubemx/CMakeFiles/STM32_Drivers.dir/__/__/Drivers/STM32G4xx_HAL_Driver/Src/stm32g4xx_hal_i2c.c.obj
 .ARM.attributes
                0x00000292       0x34 cmake/stm32cubemx/CMakeFiles/STM32_Drivers.dir/__/__/Drivers/STM32G4xx_HAL_Driver/Src/stm32g4xx_hal_i2c_ex.c.obj
 .ARM.attributes
                0x000002c6       0x34 cmake/stm32cubemx/CMakeFiles/STM32_Drivers.dir/__/__/Drivers/STM32G4xx_HAL_Driver/Src/stm32g4xx_hal_uart.c.obj
 .ARM.attributes
                0x000002fa       0x34 cmake/stm32cubemx/CMakeFiles/STM32_Drivers.dir/__/__/Drivers/STM32G4xx_HAL_Driver/Src/stm32g4xx_hal_uart_ex.c.obj
 .ARM.attributes
                0x0000032e       0x34 cmake/stm32cubemx/CMakeFiles/STM32_Drivers.dir/__/__/Drivers/STM32G4xx_HAL_Driver/Src/stm32g4xx_hal_pcd.c.obj
 .ARM.attributes
                0x00000362       0x34 cmake/stm32cubemx/CMakeFiles/STM32_Drivers.dir/__/__/Drivers/STM32G4xx_HAL_Driver/Src/stm32g4xx_hal_pcd_ex.c.obj
 .ARM.attributes
                0x00000396       0x34 cmake/stm32cubemx/CMakeFiles/STM32_Drivers.dir/__/__/Drivers/STM32G4xx_HAL_Driver/Src/stm32g4xx_ll_usb.c.obj
 .ARM.attributes
                0x000003ca       0x34 CMakeFiles/stm32g474ceu6.dir/Core/Src/main.c.obj
 .ARM.attributes
                0x000003fe       0x34 CMakeFiles/stm32g474ceu6.dir/Core/Src/stm32g4xx_it.c.obj
 .ARM.attributes
                0x00000432       0x34 CMakeFiles/stm32g474ceu6.dir/Core/Src/stm32g4xx_hal_msp.c.obj
 .ARM.attributes
                0x00000466       0x21 CMakeFiles/stm32g474ceu6.dir/startup_stm32g474xx.s.obj
 .ARM.attributes
                0x00000487       0x34 CMakeFiles/stm32g474ceu6.dir/App/ap/ap.c.obj
 .ARM.attributes
                0x000004bb       0x34 CMakeFiles/stm32g474ceu6.dir/App/hw/hw.c.obj
 .ARM.attributes
                0x000004ef       0x34 CMakeFiles/stm32g474ceu6.dir/App/hw/src/i2c.c.obj
 .ARM.attributes
                0x00000523       0x34 CMakeFiles/stm32g474ceu6.dir/App/hw/src/led.c.obj
 .ARM.attributes
                0x00000557       0x22 C:/ST/STM32CubeCLT_1.18.0/GNU-tools-for-STM32/bin/../lib/gcc/arm-none-eabi/13.3.1/thumb/v7e-m+fp/hard\libgcc.a(_aeabi_uldivmod.o)
 .ARM.attributes
                0x00000579       0x34 C:/ST/STM32CubeCLT_1.18.0/GNU-tools-for-STM32/bin/../lib/gcc/arm-none-eabi/13.3.1/thumb/v7e-m+fp/hard\libgcc.a(_udivmoddi4.o)
 .ARM.attributes
                0x000005ad       0x22 C:/ST/STM32CubeCLT_1.18.0/GNU-tools-for-STM32/bin/../lib/gcc/arm-none-eabi/13.3.1/thumb/v7e-m+fp/hard\libgcc.a(_dvmd_tls.o)
 .ARM.attributes
                0x000005cf       0x22 C:/ST/STM32CubeCLT_1.18.0/GNU-tools-for-STM32/bin/../lib/gcc/arm-none-eabi/13.3.1/thumb/v7e-m+fp/hard/crtn.o

.comment        0x00000000       0x43
 .comment       0x00000000       0x43 cmake/stm32cubemx/CMakeFiles/STM32_Drivers.dir/__/__/Core/Src/system_stm32g4xx.c.obj
                                 0x44 (size before relaxing)
 .comment       0x00000043       0x44 cmake/stm32cubemx/CMakeFiles/STM32_Drivers.dir/__/__/Drivers/STM32G4xx_HAL_Driver/Src/stm32g4xx_hal_fdcan.c.obj
 .comment       0x00000043       0x44 cmake/stm32cubemx/CMakeFiles/STM32_Drivers.dir/__/__/Drivers/STM32G4xx_HAL_Driver/Src/stm32g4xx_hal.c.obj
 .comment       0x00000043       0x44 cmake/stm32cubemx/CMakeFiles/STM32_Drivers.dir/__/__/Drivers/STM32G4xx_HAL_Driver/Src/stm32g4xx_hal_rcc.c.obj
 .comment       0x00000043       0x44 cmake/stm32cubemx/CMakeFiles/STM32_Drivers.dir/__/__/Drivers/STM32G4xx_HAL_Driver/Src/stm32g4xx_hal_rcc_ex.c.obj
 .comment       0x00000043       0x44 cmake/stm32cubemx/CMakeFiles/STM32_Drivers.dir/__/__/Drivers/STM32G4xx_HAL_Driver/Src/stm32g4xx_hal_gpio.c.obj
 .comment       0x00000043       0x44 cmake/stm32cubemx/CMakeFiles/STM32_Drivers.dir/__/__/Drivers/STM32G4xx_HAL_Driver/Src/stm32g4xx_hal_pwr_ex.c.obj
 .comment       0x00000043       0x44 cmake/stm32cubemx/CMakeFiles/STM32_Drivers.dir/__/__/Drivers/STM32G4xx_HAL_Driver/Src/stm32g4xx_hal_cortex.c.obj
 .comment       0x00000043       0x44 cmake/stm32cubemx/CMakeFiles/STM32_Drivers.dir/__/__/Drivers/STM32G4xx_HAL_Driver/Src/stm32g4xx_hal_i2c.c.obj
 .comment       0x00000043       0x44 cmake/stm32cubemx/CMakeFiles/STM32_Drivers.dir/__/__/Drivers/STM32G4xx_HAL_Driver/Src/stm32g4xx_hal_i2c_ex.c.obj
 .comment       0x00000043       0x44 cmake/stm32cubemx/CMakeFiles/STM32_Drivers.dir/__/__/Drivers/STM32G4xx_HAL_Driver/Src/stm32g4xx_hal_uart.c.obj
 .comment       0x00000043       0x44 cmake/stm32cubemx/CMakeFiles/STM32_Drivers.dir/__/__/Drivers/STM32G4xx_HAL_Driver/Src/stm32g4xx_hal_uart_ex.c.obj
 .comment       0x00000043       0x44 cmake/stm32cubemx/CMakeFiles/STM32_Drivers.dir/__/__/Drivers/STM32G4xx_HAL_Driver/Src/stm32g4xx_hal_pcd.c.obj
 .comment       0x00000043       0x44 cmake/stm32cubemx/CMakeFiles/STM32_Drivers.dir/__/__/Drivers/STM32G4xx_HAL_Driver/Src/stm32g4xx_hal_pcd_ex.c.obj
 .comment       0x00000043       0x44 cmake/stm32cubemx/CMakeFiles/STM32_Drivers.dir/__/__/Drivers/STM32G4xx_HAL_Driver/Src/stm32g4xx_ll_usb.c.obj
 .comment       0x00000043       0x44 CMakeFiles/stm32g474ceu6.dir/Core/Src/main.c.obj
 .comment       0x00000043       0x44 CMakeFiles/stm32g474ceu6.dir/Core/Src/stm32g4xx_it.c.obj
 .comment       0x00000043       0x44 CMakeFiles/stm32g474ceu6.dir/Core/Src/stm32g4xx_hal_msp.c.obj
 .comment       0x00000043       0x44 CMakeFiles/stm32g474ceu6.dir/App/ap/ap.c.obj
 .comment       0x00000043       0x44 CMakeFiles/stm32g474ceu6.dir/App/hw/hw.c.obj
 .comment       0x00000043       0x44 CMakeFiles/stm32g474ceu6.dir/App/hw/src/i2c.c.obj
 .comment       0x00000043       0x44 CMakeFiles/stm32g474ceu6.dir/App/hw/src/led.c.obj

.debug_frame    0x00000000     0x4cd0
 .debug_frame   0x00000000       0x20 C:/ST/STM32CubeCLT_1.18.0/GNU-tools-for-STM32/bin/../lib/gcc/arm-none-eabi/13.3.1/../../../../arm-none-eabi/lib/thumb/v7e-m+fp/hard\libc_nano.a(libc_a-memset.o)
 .debug_frame   0x00000020       0x2c C:/ST/STM32CubeCLT_1.18.0/GNU-tools-for-STM32/bin/../lib/gcc/arm-none-eabi/13.3.1/../../../../arm-none-eabi/lib/thumb/v7e-m+fp/hard\libc_nano.a(libc_a-init.o)
 .debug_frame   0x0000004c       0x58 cmake/stm32cubemx/CMakeFiles/STM32_Drivers.dir/__/__/Core/Src/system_stm32g4xx.c.obj
 .debug_frame   0x000000a4      0x9b0 cmake/stm32cubemx/CMakeFiles/STM32_Drivers.dir/__/__/Drivers/STM32G4xx_HAL_Driver/Src/stm32g4xx_hal_fdcan.c.obj
 .debug_frame   0x00000a54      0x500 cmake/stm32cubemx/CMakeFiles/STM32_Drivers.dir/__/__/Drivers/STM32G4xx_HAL_Driver/Src/stm32g4xx_hal.c.obj
 .debug_frame   0x00000f54      0x23c cmake/stm32cubemx/CMakeFiles/STM32_Drivers.dir/__/__/Drivers/STM32G4xx_HAL_Driver/Src/stm32g4xx_hal_rcc.c.obj
 .debug_frame   0x00001190      0x2ac cmake/stm32cubemx/CMakeFiles/STM32_Drivers.dir/__/__/Drivers/STM32G4xx_HAL_Driver/Src/stm32g4xx_hal_rcc_ex.c.obj
 .debug_frame   0x0000143c      0x14c cmake/stm32cubemx/CMakeFiles/STM32_Drivers.dir/__/__/Drivers/STM32G4xx_HAL_Driver/Src/stm32g4xx_hal_gpio.c.obj
 .debug_frame   0x00001588      0x4fc cmake/stm32cubemx/CMakeFiles/STM32_Drivers.dir/__/__/Drivers/STM32G4xx_HAL_Driver/Src/stm32g4xx_hal_pwr_ex.c.obj
 .debug_frame   0x00001a84      0x4e8 cmake/stm32cubemx/CMakeFiles/STM32_Drivers.dir/__/__/Drivers/STM32G4xx_HAL_Driver/Src/stm32g4xx_hal_cortex.c.obj
 .debug_frame   0x00001f6c      0xc38 cmake/stm32cubemx/CMakeFiles/STM32_Drivers.dir/__/__/Drivers/STM32G4xx_HAL_Driver/Src/stm32g4xx_hal_i2c.c.obj
 .debug_frame   0x00002ba4      0x100 cmake/stm32cubemx/CMakeFiles/STM32_Drivers.dir/__/__/Drivers/STM32G4xx_HAL_Driver/Src/stm32g4xx_hal_i2c_ex.c.obj
 .debug_frame   0x00002ca4      0xa94 cmake/stm32cubemx/CMakeFiles/STM32_Drivers.dir/__/__/Drivers/STM32G4xx_HAL_Driver/Src/stm32g4xx_hal_uart.c.obj
 .debug_frame   0x00003738      0x2c0 cmake/stm32cubemx/CMakeFiles/STM32_Drivers.dir/__/__/Drivers/STM32G4xx_HAL_Driver/Src/stm32g4xx_hal_uart_ex.c.obj
 .debug_frame   0x000039f8      0x56c cmake/stm32cubemx/CMakeFiles/STM32_Drivers.dir/__/__/Drivers/STM32G4xx_HAL_Driver/Src/stm32g4xx_hal_pcd.c.obj
 .debug_frame   0x00003f64      0x14c cmake/stm32cubemx/CMakeFiles/STM32_Drivers.dir/__/__/Drivers/STM32G4xx_HAL_Driver/Src/stm32g4xx_hal_pcd_ex.c.obj
 .debug_frame   0x000040b0      0x380 cmake/stm32cubemx/CMakeFiles/STM32_Drivers.dir/__/__/Drivers/STM32G4xx_HAL_Driver/Src/stm32g4xx_ll_usb.c.obj
 .debug_frame   0x00004430      0x134 CMakeFiles/stm32g474ceu6.dir/Core/Src/main.c.obj
 .debug_frame   0x00004564      0x104 CMakeFiles/stm32g474ceu6.dir/Core/Src/stm32g4xx_it.c.obj
 .debug_frame   0x00004668      0x164 CMakeFiles/stm32g474ceu6.dir/Core/Src/stm32g4xx_hal_msp.c.obj
 .debug_frame   0x000047cc       0x4c CMakeFiles/stm32g474ceu6.dir/App/ap/ap.c.obj
 .debug_frame   0x00004818       0x6c CMakeFiles/stm32g474ceu6.dir/App/hw/hw.c.obj
 .debug_frame   0x00004884      0x34c CMakeFiles/stm32g474ceu6.dir/App/hw/src/i2c.c.obj
 .debug_frame   0x00004bd0       0xa0 CMakeFiles/stm32g474ceu6.dir/App/hw/src/led.c.obj
 .debug_frame   0x00004c70       0x2c C:/ST/STM32CubeCLT_1.18.0/GNU-tools-for-STM32/bin/../lib/gcc/arm-none-eabi/13.3.1/thumb/v7e-m+fp/hard\libgcc.a(_aeabi_uldivmod.o)
 .debug_frame   0x00004c9c       0x34 C:/ST/STM32CubeCLT_1.18.0/GNU-tools-for-STM32/bin/../lib/gcc/arm-none-eabi/13.3.1/thumb/v7e-m+fp/hard\libgcc.a(_udivmoddi4.o)

.debug_info     0x00000000    0x1698d
 .debug_info    0x00000000      0x58e cmake/stm32cubemx/CMakeFiles/STM32_Drivers.dir/__/__/Core/Src/system_stm32g4xx.c.obj
 .debug_info    0x0000058e     0x18bb cmake/stm32cubemx/CMakeFiles/STM32_Drivers.dir/__/__/Drivers/STM32G4xx_HAL_Driver/Src/stm32g4xx_hal_fdcan.c.obj
 .debug_info    0x00001e49      0xb95 cmake/stm32cubemx/CMakeFiles/STM32_Drivers.dir/__/__/Drivers/STM32G4xx_HAL_Driver/Src/stm32g4xx_hal.c.obj
 .debug_info    0x000029de      0xbe0 cmake/stm32cubemx/CMakeFiles/STM32_Drivers.dir/__/__/Drivers/STM32G4xx_HAL_Driver/Src/stm32g4xx_hal_rcc.c.obj
 .debug_info    0x000035be      0xc45 cmake/stm32cubemx/CMakeFiles/STM32_Drivers.dir/__/__/Drivers/STM32G4xx_HAL_Driver/Src/stm32g4xx_hal_rcc_ex.c.obj
 .debug_info    0x00004203      0x763 cmake/stm32cubemx/CMakeFiles/STM32_Drivers.dir/__/__/Drivers/STM32G4xx_HAL_Driver/Src/stm32g4xx_hal_gpio.c.obj
 .debug_info    0x00004966      0x93f cmake/stm32cubemx/CMakeFiles/STM32_Drivers.dir/__/__/Drivers/STM32G4xx_HAL_Driver/Src/stm32g4xx_hal_pwr_ex.c.obj
 .debug_info    0x000052a5      0xdf9 cmake/stm32cubemx/CMakeFiles/STM32_Drivers.dir/__/__/Drivers/STM32G4xx_HAL_Driver/Src/stm32g4xx_hal_cortex.c.obj
 .debug_info    0x0000609e     0x21ea cmake/stm32cubemx/CMakeFiles/STM32_Drivers.dir/__/__/Drivers/STM32G4xx_HAL_Driver/Src/stm32g4xx_hal_i2c.c.obj
 .debug_info    0x00008288      0xad6 cmake/stm32cubemx/CMakeFiles/STM32_Drivers.dir/__/__/Drivers/STM32G4xx_HAL_Driver/Src/stm32g4xx_hal_i2c_ex.c.obj
 .debug_info    0x00008d5e     0x481e cmake/stm32cubemx/CMakeFiles/STM32_Drivers.dir/__/__/Drivers/STM32G4xx_HAL_Driver/Src/stm32g4xx_hal_uart.c.obj
 .debug_info    0x0000d57c      0xfdd cmake/stm32cubemx/CMakeFiles/STM32_Drivers.dir/__/__/Drivers/STM32G4xx_HAL_Driver/Src/stm32g4xx_hal_uart_ex.c.obj
 .debug_info    0x0000e559     0x1610 cmake/stm32cubemx/CMakeFiles/STM32_Drivers.dir/__/__/Drivers/STM32G4xx_HAL_Driver/Src/stm32g4xx_hal_pcd.c.obj
 .debug_info    0x0000fb69      0x80a cmake/stm32cubemx/CMakeFiles/STM32_Drivers.dir/__/__/Drivers/STM32G4xx_HAL_Driver/Src/stm32g4xx_hal_pcd_ex.c.obj
 .debug_info    0x00010373     0x1577 cmake/stm32cubemx/CMakeFiles/STM32_Drivers.dir/__/__/Drivers/STM32G4xx_HAL_Driver/Src/stm32g4xx_ll_usb.c.obj
 .debug_info    0x000118ea     0x1c38 CMakeFiles/stm32g474ceu6.dir/Core/Src/main.c.obj
 .debug_info    0x00013522      0x113 CMakeFiles/stm32g474ceu6.dir/Core/Src/stm32g4xx_it.c.obj
 .debug_info    0x00013635     0x1bec CMakeFiles/stm32g474ceu6.dir/Core/Src/stm32g4xx_hal_msp.c.obj
 .debug_info    0x00015221       0x30 CMakeFiles/stm32g474ceu6.dir/startup_stm32g474xx.s.obj
 .debug_info    0x00015251      0x14f CMakeFiles/stm32g474ceu6.dir/App/ap/ap.c.obj
 .debug_info    0x000153a0      0x123 CMakeFiles/stm32g474ceu6.dir/App/hw/hw.c.obj
 .debug_info    0x000154c3     0x11f6 CMakeFiles/stm32g474ceu6.dir/App/hw/src/i2c.c.obj
 .debug_info    0x000166b9      0x2d4 CMakeFiles/stm32g474ceu6.dir/App/hw/src/led.c.obj

.debug_abbrev   0x00000000     0x2f35
 .debug_abbrev  0x00000000      0x11a cmake/stm32cubemx/CMakeFiles/STM32_Drivers.dir/__/__/Core/Src/system_stm32g4xx.c.obj
 .debug_abbrev  0x0000011a      0x1e7 cmake/stm32cubemx/CMakeFiles/STM32_Drivers.dir/__/__/Drivers/STM32G4xx_HAL_Driver/Src/stm32g4xx_hal_fdcan.c.obj
 .debug_abbrev  0x00000301      0x271 cmake/stm32cubemx/CMakeFiles/STM32_Drivers.dir/__/__/Drivers/STM32G4xx_HAL_Driver/Src/stm32g4xx_hal.c.obj
 .debug_abbrev  0x00000572      0x2c9 cmake/stm32cubemx/CMakeFiles/STM32_Drivers.dir/__/__/Drivers/STM32G4xx_HAL_Driver/Src/stm32g4xx_hal_rcc.c.obj
 .debug_abbrev  0x0000083b      0x258 cmake/stm32cubemx/CMakeFiles/STM32_Drivers.dir/__/__/Drivers/STM32G4xx_HAL_Driver/Src/stm32g4xx_hal_rcc_ex.c.obj
 .debug_abbrev  0x00000a93      0x1cb cmake/stm32cubemx/CMakeFiles/STM32_Drivers.dir/__/__/Drivers/STM32G4xx_HAL_Driver/Src/stm32g4xx_hal_gpio.c.obj
 .debug_abbrev  0x00000c5e      0x22c cmake/stm32cubemx/CMakeFiles/STM32_Drivers.dir/__/__/Drivers/STM32G4xx_HAL_Driver/Src/stm32g4xx_hal_pwr_ex.c.obj
 .debug_abbrev  0x00000e8a      0x31c cmake/stm32cubemx/CMakeFiles/STM32_Drivers.dir/__/__/Drivers/STM32G4xx_HAL_Driver/Src/stm32g4xx_hal_cortex.c.obj
 .debug_abbrev  0x000011a6      0x25e cmake/stm32cubemx/CMakeFiles/STM32_Drivers.dir/__/__/Drivers/STM32G4xx_HAL_Driver/Src/stm32g4xx_hal_i2c.c.obj
 .debug_abbrev  0x00001404      0x1c0 cmake/stm32cubemx/CMakeFiles/STM32_Drivers.dir/__/__/Drivers/STM32G4xx_HAL_Driver/Src/stm32g4xx_hal_i2c_ex.c.obj
 .debug_abbrev  0x000015c4      0x304 cmake/stm32cubemx/CMakeFiles/STM32_Drivers.dir/__/__/Drivers/STM32G4xx_HAL_Driver/Src/stm32g4xx_hal_uart.c.obj
 .debug_abbrev  0x000018c8      0x2d2 cmake/stm32cubemx/CMakeFiles/STM32_Drivers.dir/__/__/Drivers/STM32G4xx_HAL_Driver/Src/stm32g4xx_hal_uart_ex.c.obj
 .debug_abbrev  0x00001b9a      0x2b9 cmake/stm32cubemx/CMakeFiles/STM32_Drivers.dir/__/__/Drivers/STM32G4xx_HAL_Driver/Src/stm32g4xx_hal_pcd.c.obj
 .debug_abbrev  0x00001e53      0x228 cmake/stm32cubemx/CMakeFiles/STM32_Drivers.dir/__/__/Drivers/STM32G4xx_HAL_Driver/Src/stm32g4xx_hal_pcd_ex.c.obj
 .debug_abbrev  0x0000207b      0x247 cmake/stm32cubemx/CMakeFiles/STM32_Drivers.dir/__/__/Drivers/STM32G4xx_HAL_Driver/Src/stm32g4xx_ll_usb.c.obj
 .debug_abbrev  0x000022c2      0x2de CMakeFiles/stm32g474ceu6.dir/Core/Src/main.c.obj
 .debug_abbrev  0x000025a0       0x73 CMakeFiles/stm32g474ceu6.dir/Core/Src/stm32g4xx_it.c.obj
 .debug_abbrev  0x00002613      0x26c CMakeFiles/stm32g474ceu6.dir/Core/Src/stm32g4xx_hal_msp.c.obj
 .debug_abbrev  0x0000287f       0x24 CMakeFiles/stm32g474ceu6.dir/startup_stm32g474xx.s.obj
 .debug_abbrev  0x000028a3       0xe5 CMakeFiles/stm32g474ceu6.dir/App/ap/ap.c.obj
 .debug_abbrev  0x00002988       0xca CMakeFiles/stm32g474ceu6.dir/App/hw/hw.c.obj
 .debug_abbrev  0x00002a52      0x35e CMakeFiles/stm32g474ceu6.dir/App/hw/src/i2c.c.obj
 .debug_abbrev  0x00002db0      0x185 CMakeFiles/stm32g474ceu6.dir/App/hw/src/led.c.obj

.debug_aranges  0x00000000     0x1258
 .debug_aranges
                0x00000000       0x28 cmake/stm32cubemx/CMakeFiles/STM32_Drivers.dir/__/__/Core/Src/system_stm32g4xx.c.obj
 .debug_aranges
                0x00000028      0x208 cmake/stm32cubemx/CMakeFiles/STM32_Drivers.dir/__/__/Drivers/STM32G4xx_HAL_Driver/Src/stm32g4xx_hal_fdcan.c.obj
 .debug_aranges
                0x00000230      0x148 cmake/stm32cubemx/CMakeFiles/STM32_Drivers.dir/__/__/Drivers/STM32G4xx_HAL_Driver/Src/stm32g4xx_hal.c.obj
 .debug_aranges
                0x00000378       0x98 cmake/stm32cubemx/CMakeFiles/STM32_Drivers.dir/__/__/Drivers/STM32G4xx_HAL_Driver/Src/stm32g4xx_hal_rcc.c.obj
 .debug_aranges
                0x00000410       0xb0 cmake/stm32cubemx/CMakeFiles/STM32_Drivers.dir/__/__/Drivers/STM32G4xx_HAL_Driver/Src/stm32g4xx_hal_rcc_ex.c.obj
 .debug_aranges
                0x000004c0       0x58 cmake/stm32cubemx/CMakeFiles/STM32_Drivers.dir/__/__/Drivers/STM32G4xx_HAL_Driver/Src/stm32g4xx_hal_gpio.c.obj
 .debug_aranges
                0x00000518      0x140 cmake/stm32cubemx/CMakeFiles/STM32_Drivers.dir/__/__/Drivers/STM32G4xx_HAL_Driver/Src/stm32g4xx_hal_pwr_ex.c.obj
 .debug_aranges
                0x00000658      0x128 cmake/stm32cubemx/CMakeFiles/STM32_Drivers.dir/__/__/Drivers/STM32G4xx_HAL_Driver/Src/stm32g4xx_hal_cortex.c.obj
 .debug_aranges
                0x00000780      0x2a0 cmake/stm32cubemx/CMakeFiles/STM32_Drivers.dir/__/__/Drivers/STM32G4xx_HAL_Driver/Src/stm32g4xx_hal_i2c.c.obj
 .debug_aranges
                0x00000a20       0x48 cmake/stm32cubemx/CMakeFiles/STM32_Drivers.dir/__/__/Drivers/STM32G4xx_HAL_Driver/Src/stm32g4xx_hal_i2c_ex.c.obj
 .debug_aranges
                0x00000a68      0x248 cmake/stm32cubemx/CMakeFiles/STM32_Drivers.dir/__/__/Drivers/STM32G4xx_HAL_Driver/Src/stm32g4xx_hal_uart.c.obj
 .debug_aranges
                0x00000cb0       0xa8 cmake/stm32cubemx/CMakeFiles/STM32_Drivers.dir/__/__/Drivers/STM32G4xx_HAL_Driver/Src/stm32g4xx_hal_uart_ex.c.obj
 .debug_aranges
                0x00000d58      0x138 cmake/stm32cubemx/CMakeFiles/STM32_Drivers.dir/__/__/Drivers/STM32G4xx_HAL_Driver/Src/stm32g4xx_hal_pcd.c.obj
 .debug_aranges
                0x00000e90       0x58 cmake/stm32cubemx/CMakeFiles/STM32_Drivers.dir/__/__/Drivers/STM32G4xx_HAL_Driver/Src/stm32g4xx_hal_pcd_ex.c.obj
 .debug_aranges
                0x00000ee8       0xc8 cmake/stm32cubemx/CMakeFiles/STM32_Drivers.dir/__/__/Drivers/STM32G4xx_HAL_Driver/Src/stm32g4xx_ll_usb.c.obj
 .debug_aranges
                0x00000fb0       0x68 CMakeFiles/stm32g474ceu6.dir/Core/Src/main.c.obj
 .debug_aranges
                0x00001018       0x60 CMakeFiles/stm32g474ceu6.dir/Core/Src/stm32g4xx_it.c.obj
 .debug_aranges
                0x00001078       0x60 CMakeFiles/stm32g474ceu6.dir/Core/Src/stm32g4xx_hal_msp.c.obj
 .debug_aranges
                0x000010d8       0x28 CMakeFiles/stm32g474ceu6.dir/startup_stm32g474xx.s.obj
 .debug_aranges
                0x00001100       0x28 CMakeFiles/stm32g474ceu6.dir/App/ap/ap.c.obj
 .debug_aranges
                0x00001128       0x30 CMakeFiles/stm32g474ceu6.dir/App/hw/hw.c.obj
 .debug_aranges
                0x00001158       0xc8 CMakeFiles/stm32g474ceu6.dir/App/hw/src/i2c.c.obj
 .debug_aranges
                0x00001220       0x38 CMakeFiles/stm32g474ceu6.dir/App/hw/src/led.c.obj

.debug_rnglists
                0x00000000      0xe1c
 .debug_rnglists
                0x00000000       0x1a cmake/stm32cubemx/CMakeFiles/STM32_Drivers.dir/__/__/Core/Src/system_stm32g4xx.c.obj
 .debug_rnglists
                0x0000001a      0x18d cmake/stm32cubemx/CMakeFiles/STM32_Drivers.dir/__/__/Drivers/STM32G4xx_HAL_Driver/Src/stm32g4xx_hal_fdcan.c.obj
 .debug_rnglists
                0x000001a7       0xf1 cmake/stm32cubemx/CMakeFiles/STM32_Drivers.dir/__/__/Drivers/STM32G4xx_HAL_Driver/Src/stm32g4xx_hal.c.obj
 .debug_rnglists
                0x00000298       0x74 cmake/stm32cubemx/CMakeFiles/STM32_Drivers.dir/__/__/Drivers/STM32G4xx_HAL_Driver/Src/stm32g4xx_hal_rcc.c.obj
 .debug_rnglists
                0x0000030c       0x87 cmake/stm32cubemx/CMakeFiles/STM32_Drivers.dir/__/__/Drivers/STM32G4xx_HAL_Driver/Src/stm32g4xx_hal_rcc_ex.c.obj
 .debug_rnglists
                0x00000393       0x3f cmake/stm32cubemx/CMakeFiles/STM32_Drivers.dir/__/__/Drivers/STM32G4xx_HAL_Driver/Src/stm32g4xx_hal_gpio.c.obj
 .debug_rnglists
                0x000003d2       0xf1 cmake/stm32cubemx/CMakeFiles/STM32_Drivers.dir/__/__/Drivers/STM32G4xx_HAL_Driver/Src/stm32g4xx_hal_pwr_ex.c.obj
 .debug_rnglists
                0x000004c3       0xda cmake/stm32cubemx/CMakeFiles/STM32_Drivers.dir/__/__/Drivers/STM32G4xx_HAL_Driver/Src/stm32g4xx_hal_cortex.c.obj
 .debug_rnglists
                0x0000059d      0x228 cmake/stm32cubemx/CMakeFiles/STM32_Drivers.dir/__/__/Drivers/STM32G4xx_HAL_Driver/Src/stm32g4xx_hal_i2c.c.obj
 .debug_rnglists
                0x000007c5       0x35 cmake/stm32cubemx/CMakeFiles/STM32_Drivers.dir/__/__/Drivers/STM32G4xx_HAL_Driver/Src/stm32g4xx_hal_i2c_ex.c.obj
 .debug_rnglists
                0x000007fa      0x1fa cmake/stm32cubemx/CMakeFiles/STM32_Drivers.dir/__/__/Drivers/STM32G4xx_HAL_Driver/Src/stm32g4xx_hal_uart.c.obj
 .debug_rnglists
                0x000009f4       0x7f cmake/stm32cubemx/CMakeFiles/STM32_Drivers.dir/__/__/Drivers/STM32G4xx_HAL_Driver/Src/stm32g4xx_hal_uart_ex.c.obj
 .debug_rnglists
                0x00000a73       0xee cmake/stm32cubemx/CMakeFiles/STM32_Drivers.dir/__/__/Drivers/STM32G4xx_HAL_Driver/Src/stm32g4xx_hal_pcd.c.obj
 .debug_rnglists
                0x00000b61       0x3f cmake/stm32cubemx/CMakeFiles/STM32_Drivers.dir/__/__/Drivers/STM32G4xx_HAL_Driver/Src/stm32g4xx_hal_pcd_ex.c.obj
 .debug_rnglists
                0x00000ba0       0x99 cmake/stm32cubemx/CMakeFiles/STM32_Drivers.dir/__/__/Drivers/STM32G4xx_HAL_Driver/Src/stm32g4xx_ll_usb.c.obj
 .debug_rnglists
                0x00000c39       0x50 CMakeFiles/stm32g474ceu6.dir/Core/Src/main.c.obj
 .debug_rnglists
                0x00000c89       0x43 CMakeFiles/stm32g474ceu6.dir/Core/Src/stm32g4xx_it.c.obj
 .debug_rnglists
                0x00000ccc       0x47 CMakeFiles/stm32g474ceu6.dir/Core/Src/stm32g4xx_hal_msp.c.obj
 .debug_rnglists
                0x00000d13       0x19 CMakeFiles/stm32g474ceu6.dir/startup_stm32g474xx.s.obj
 .debug_rnglists
                0x00000d2c       0x19 CMakeFiles/stm32g474ceu6.dir/App/ap/ap.c.obj
 .debug_rnglists
                0x00000d45       0x1f CMakeFiles/stm32g474ceu6.dir/App/hw/hw.c.obj
 .debug_rnglists
                0x00000d64       0x93 CMakeFiles/stm32g474ceu6.dir/App/hw/src/i2c.c.obj
 .debug_rnglists
                0x00000df7       0x25 CMakeFiles/stm32g474ceu6.dir/App/hw/src/led.c.obj

.debug_macro    0x00000000    0x277bb
 .debug_macro   0x00000000      0x201 cmake/stm32cubemx/CMakeFiles/STM32_Drivers.dir/__/__/Core/Src/system_stm32g4xx.c.obj
 .debug_macro   0x00000201      0xad8 cmake/stm32cubemx/CMakeFiles/STM32_Drivers.dir/__/__/Core/Src/system_stm32g4xx.c.obj
 .debug_macro   0x00000cd9       0x2e cmake/stm32cubemx/CMakeFiles/STM32_Drivers.dir/__/__/Core/Src/system_stm32g4xx.c.obj
 .debug_macro   0x00000d07       0x28 cmake/stm32cubemx/CMakeFiles/STM32_Drivers.dir/__/__/Core/Src/system_stm32g4xx.c.obj
 .debug_macro   0x00000d2f       0x22 cmake/stm32cubemx/CMakeFiles/STM32_Drivers.dir/__/__/Core/Src/system_stm32g4xx.c.obj
 .debug_macro   0x00000d51       0x8e cmake/stm32cubemx/CMakeFiles/STM32_Drivers.dir/__/__/Core/Src/system_stm32g4xx.c.obj
 .debug_macro   0x00000ddf       0x51 cmake/stm32cubemx/CMakeFiles/STM32_Drivers.dir/__/__/Core/Src/system_stm32g4xx.c.obj
 .debug_macro   0x00000e30      0x103 cmake/stm32cubemx/CMakeFiles/STM32_Drivers.dir/__/__/Core/Src/system_stm32g4xx.c.obj
 .debug_macro   0x00000f33       0x6a cmake/stm32cubemx/CMakeFiles/STM32_Drivers.dir/__/__/Core/Src/system_stm32g4xx.c.obj
 .debug_macro   0x00000f9d      0x1df cmake/stm32cubemx/CMakeFiles/STM32_Drivers.dir/__/__/Core/Src/system_stm32g4xx.c.obj
 .debug_macro   0x0000117c       0x1c cmake/stm32cubemx/CMakeFiles/STM32_Drivers.dir/__/__/Core/Src/system_stm32g4xx.c.obj
 .debug_macro   0x00001198       0x22 cmake/stm32cubemx/CMakeFiles/STM32_Drivers.dir/__/__/Core/Src/system_stm32g4xx.c.obj
 .debug_macro   0x000011ba       0xfb cmake/stm32cubemx/CMakeFiles/STM32_Drivers.dir/__/__/Core/Src/system_stm32g4xx.c.obj
 .debug_macro   0x000012b5     0x1011 cmake/stm32cubemx/CMakeFiles/STM32_Drivers.dir/__/__/Core/Src/system_stm32g4xx.c.obj
 .debug_macro   0x000022c6      0x11f cmake/stm32cubemx/CMakeFiles/STM32_Drivers.dir/__/__/Core/Src/system_stm32g4xx.c.obj
 .debug_macro   0x000023e5    0x18b8c cmake/stm32cubemx/CMakeFiles/STM32_Drivers.dir/__/__/Core/Src/system_stm32g4xx.c.obj
 .debug_macro   0x0001af71       0x6d cmake/stm32cubemx/CMakeFiles/STM32_Drivers.dir/__/__/Core/Src/system_stm32g4xx.c.obj
 .debug_macro   0x0001afde      0x167 cmake/stm32cubemx/CMakeFiles/STM32_Drivers.dir/__/__/Core/Src/system_stm32g4xx.c.obj
 .debug_macro   0x0001b145     0x3558 cmake/stm32cubemx/CMakeFiles/STM32_Drivers.dir/__/__/Core/Src/system_stm32g4xx.c.obj
 .debug_macro   0x0001e69d      0x190 cmake/stm32cubemx/CMakeFiles/STM32_Drivers.dir/__/__/Core/Src/system_stm32g4xx.c.obj
 .debug_macro   0x0001e82d       0x5c cmake/stm32cubemx/CMakeFiles/STM32_Drivers.dir/__/__/Core/Src/system_stm32g4xx.c.obj
 .debug_macro   0x0001e889     0x171f cmake/stm32cubemx/CMakeFiles/STM32_Drivers.dir/__/__/Core/Src/system_stm32g4xx.c.obj
 .debug_macro   0x0001ffa8      0x600 cmake/stm32cubemx/CMakeFiles/STM32_Drivers.dir/__/__/Core/Src/system_stm32g4xx.c.obj
 .debug_macro   0x000205a8      0x1b6 cmake/stm32cubemx/CMakeFiles/STM32_Drivers.dir/__/__/Core/Src/system_stm32g4xx.c.obj
 .debug_macro   0x0002075e      0x34a cmake/stm32cubemx/CMakeFiles/STM32_Drivers.dir/__/__/Core/Src/system_stm32g4xx.c.obj
 .debug_macro   0x00020aa8      0x53c cmake/stm32cubemx/CMakeFiles/STM32_Drivers.dir/__/__/Core/Src/system_stm32g4xx.c.obj
 .debug_macro   0x00020fe4      0x18b cmake/stm32cubemx/CMakeFiles/STM32_Drivers.dir/__/__/Core/Src/system_stm32g4xx.c.obj
 .debug_macro   0x0002116f       0x43 cmake/stm32cubemx/CMakeFiles/STM32_Drivers.dir/__/__/Core/Src/system_stm32g4xx.c.obj
 .debug_macro   0x000211b2      0x23d cmake/stm32cubemx/CMakeFiles/STM32_Drivers.dir/__/__/Core/Src/system_stm32g4xx.c.obj
 .debug_macro   0x000213ef      0x211 cmake/stm32cubemx/CMakeFiles/STM32_Drivers.dir/__/__/Core/Src/system_stm32g4xx.c.obj
 .debug_macro   0x00021600      0x6bd cmake/stm32cubemx/CMakeFiles/STM32_Drivers.dir/__/__/Core/Src/system_stm32g4xx.c.obj
 .debug_macro   0x00021cbd      0x45c cmake/stm32cubemx/CMakeFiles/STM32_Drivers.dir/__/__/Core/Src/system_stm32g4xx.c.obj
 .debug_macro   0x00022119      0x11c cmake/stm32cubemx/CMakeFiles/STM32_Drivers.dir/__/__/Core/Src/system_stm32g4xx.c.obj
 .debug_macro   0x00022235      0x22c cmake/stm32cubemx/CMakeFiles/STM32_Drivers.dir/__/__/Core/Src/system_stm32g4xx.c.obj
 .debug_macro   0x00022461       0x61 cmake/stm32cubemx/CMakeFiles/STM32_Drivers.dir/__/__/Core/Src/system_stm32g4xx.c.obj
 .debug_macro   0x000224c2       0xa5 cmake/stm32cubemx/CMakeFiles/STM32_Drivers.dir/__/__/Core/Src/system_stm32g4xx.c.obj
 .debug_macro   0x00022567       0x73 cmake/stm32cubemx/CMakeFiles/STM32_Drivers.dir/__/__/Core/Src/system_stm32g4xx.c.obj
 .debug_macro   0x000225da      0x22d cmake/stm32cubemx/CMakeFiles/STM32_Drivers.dir/__/__/Core/Src/system_stm32g4xx.c.obj
 .debug_macro   0x00022807      0x122 cmake/stm32cubemx/CMakeFiles/STM32_Drivers.dir/__/__/Core/Src/system_stm32g4xx.c.obj
 .debug_macro   0x00022929      0x3d1 cmake/stm32cubemx/CMakeFiles/STM32_Drivers.dir/__/__/Core/Src/system_stm32g4xx.c.obj
 .debug_macro   0x00022cfa      0x693 cmake/stm32cubemx/CMakeFiles/STM32_Drivers.dir/__/__/Core/Src/system_stm32g4xx.c.obj
 .debug_macro   0x0002338d       0xa6 cmake/stm32cubemx/CMakeFiles/STM32_Drivers.dir/__/__/Core/Src/system_stm32g4xx.c.obj
 .debug_macro   0x00023433      0x358 cmake/stm32cubemx/CMakeFiles/STM32_Drivers.dir/__/__/Core/Src/system_stm32g4xx.c.obj
 .debug_macro   0x0002378b      0x313 cmake/stm32cubemx/CMakeFiles/STM32_Drivers.dir/__/__/Drivers/STM32G4xx_HAL_Driver/Src/stm32g4xx_hal_fdcan.c.obj
 .debug_macro   0x00023a9e      0x24f cmake/stm32cubemx/CMakeFiles/STM32_Drivers.dir/__/__/Drivers/STM32G4xx_HAL_Driver/Src/stm32g4xx_hal.c.obj
 .debug_macro   0x00023ced      0x243 cmake/stm32cubemx/CMakeFiles/STM32_Drivers.dir/__/__/Drivers/STM32G4xx_HAL_Driver/Src/stm32g4xx_hal_rcc.c.obj
 .debug_macro   0x00023f30      0x22b cmake/stm32cubemx/CMakeFiles/STM32_Drivers.dir/__/__/Drivers/STM32G4xx_HAL_Driver/Src/stm32g4xx_hal_rcc_ex.c.obj
 .debug_macro   0x0002415b      0x208 cmake/stm32cubemx/CMakeFiles/STM32_Drivers.dir/__/__/Drivers/STM32G4xx_HAL_Driver/Src/stm32g4xx_hal_gpio.c.obj
 .debug_macro   0x00024363      0x22b cmake/stm32cubemx/CMakeFiles/STM32_Drivers.dir/__/__/Drivers/STM32G4xx_HAL_Driver/Src/stm32g4xx_hal_pwr_ex.c.obj
 .debug_macro   0x0002458e      0x201 cmake/stm32cubemx/CMakeFiles/STM32_Drivers.dir/__/__/Drivers/STM32G4xx_HAL_Driver/Src/stm32g4xx_hal_cortex.c.obj
 .debug_macro   0x0002478f      0x2cd cmake/stm32cubemx/CMakeFiles/STM32_Drivers.dir/__/__/Drivers/STM32G4xx_HAL_Driver/Src/stm32g4xx_hal_i2c.c.obj
 .debug_macro   0x00024a5c      0x201 cmake/stm32cubemx/CMakeFiles/STM32_Drivers.dir/__/__/Drivers/STM32G4xx_HAL_Driver/Src/stm32g4xx_hal_i2c_ex.c.obj
 .debug_macro   0x00024c5d      0x22c cmake/stm32cubemx/CMakeFiles/STM32_Drivers.dir/__/__/Drivers/STM32G4xx_HAL_Driver/Src/stm32g4xx_hal_uart.c.obj
 .debug_macro   0x00024e89      0x20d cmake/stm32cubemx/CMakeFiles/STM32_Drivers.dir/__/__/Drivers/STM32G4xx_HAL_Driver/Src/stm32g4xx_hal_uart_ex.c.obj
 .debug_macro   0x00025096      0x20d cmake/stm32cubemx/CMakeFiles/STM32_Drivers.dir/__/__/Drivers/STM32G4xx_HAL_Driver/Src/stm32g4xx_hal_pcd.c.obj
 .debug_macro   0x000252a3      0x201 cmake/stm32cubemx/CMakeFiles/STM32_Drivers.dir/__/__/Drivers/STM32G4xx_HAL_Driver/Src/stm32g4xx_hal_pcd_ex.c.obj
 .debug_macro   0x000254a4      0x201 cmake/stm32cubemx/CMakeFiles/STM32_Drivers.dir/__/__/Drivers/STM32G4xx_HAL_Driver/Src/stm32g4xx_ll_usb.c.obj
 .debug_macro   0x000256a5      0x39c CMakeFiles/stm32g474ceu6.dir/Core/Src/main.c.obj
 .debug_macro   0x00025a41       0x34 CMakeFiles/stm32g474ceu6.dir/Core/Src/main.c.obj
 .debug_macro   0x00025a75       0x22 CMakeFiles/stm32g474ceu6.dir/Core/Src/main.c.obj
 .debug_macro   0x00025a97       0x58 CMakeFiles/stm32g474ceu6.dir/Core/Src/main.c.obj
 .debug_macro   0x00025aef       0x74 CMakeFiles/stm32g474ceu6.dir/Core/Src/main.c.obj
 .debug_macro   0x00025b63       0x2a CMakeFiles/stm32g474ceu6.dir/Core/Src/main.c.obj
 .debug_macro   0x00025b8d       0x3c CMakeFiles/stm32g474ceu6.dir/Core/Src/main.c.obj
 .debug_macro   0x00025bc9       0x34 CMakeFiles/stm32g474ceu6.dir/Core/Src/main.c.obj
 .debug_macro   0x00025bfd      0x370 CMakeFiles/stm32g474ceu6.dir/Core/Src/main.c.obj
 .debug_macro   0x00025f6d       0x16 CMakeFiles/stm32g474ceu6.dir/Core/Src/main.c.obj
 .debug_macro   0x00025f83       0x4a CMakeFiles/stm32g474ceu6.dir/Core/Src/main.c.obj
 .debug_macro   0x00025fcd       0x34 CMakeFiles/stm32g474ceu6.dir/Core/Src/main.c.obj
 .debug_macro   0x00026001       0x10 CMakeFiles/stm32g474ceu6.dir/Core/Src/main.c.obj
 .debug_macro   0x00026011       0x58 CMakeFiles/stm32g474ceu6.dir/Core/Src/main.c.obj
 .debug_macro   0x00026069      0x1e5 CMakeFiles/stm32g474ceu6.dir/Core/Src/main.c.obj
 .debug_macro   0x0002624e       0x10 CMakeFiles/stm32g474ceu6.dir/Core/Src/main.c.obj
 .debug_macro   0x0002625e       0x3c CMakeFiles/stm32g474ceu6.dir/Core/Src/main.c.obj
 .debug_macro   0x0002629a       0x20 CMakeFiles/stm32g474ceu6.dir/Core/Src/main.c.obj
 .debug_macro   0x000262ba       0x16 CMakeFiles/stm32g474ceu6.dir/Core/Src/main.c.obj
 .debug_macro   0x000262d0       0x16 CMakeFiles/stm32g474ceu6.dir/Core/Src/main.c.obj
 .debug_macro   0x000262e6       0x29 CMakeFiles/stm32g474ceu6.dir/Core/Src/main.c.obj
 .debug_macro   0x0002630f       0x1c CMakeFiles/stm32g474ceu6.dir/Core/Src/main.c.obj
 .debug_macro   0x0002632b       0x1c CMakeFiles/stm32g474ceu6.dir/Core/Src/main.c.obj
 .debug_macro   0x00026347       0x16 CMakeFiles/stm32g474ceu6.dir/Core/Src/main.c.obj
 .debug_macro   0x0002635d      0x170 CMakeFiles/stm32g474ceu6.dir/Core/Src/main.c.obj
 .debug_macro   0x000264cd       0x10 CMakeFiles/stm32g474ceu6.dir/Core/Src/main.c.obj
 .debug_macro   0x000264dd       0x64 CMakeFiles/stm32g474ceu6.dir/Core/Src/main.c.obj
 .debug_macro   0x00026541       0x2e CMakeFiles/stm32g474ceu6.dir/Core/Src/main.c.obj
 .debug_macro   0x0002656f       0x10 CMakeFiles/stm32g474ceu6.dir/Core/Src/main.c.obj
 .debug_macro   0x0002657f      0x21a CMakeFiles/stm32g474ceu6.dir/Core/Src/stm32g4xx_it.c.obj
 .debug_macro   0x00026799      0x210 CMakeFiles/stm32g474ceu6.dir/Core/Src/stm32g4xx_hal_msp.c.obj
 .debug_macro   0x000269a9      0x39c CMakeFiles/stm32g474ceu6.dir/App/ap/ap.c.obj
 .debug_macro   0x00026d45      0x388 CMakeFiles/stm32g474ceu6.dir/App/hw/hw.c.obj
 .debug_macro   0x000270cd      0x37d CMakeFiles/stm32g474ceu6.dir/App/hw/src/i2c.c.obj
 .debug_macro   0x0002744a      0x371 CMakeFiles/stm32g474ceu6.dir/App/hw/src/led.c.obj

.debug_line     0x00000000    0x16a3d
 .debug_line    0x00000000      0x7c6 cmake/stm32cubemx/CMakeFiles/STM32_Drivers.dir/__/__/Core/Src/system_stm32g4xx.c.obj
 .debug_line    0x000007c6     0x18e3 cmake/stm32cubemx/CMakeFiles/STM32_Drivers.dir/__/__/Drivers/STM32G4xx_HAL_Driver/Src/stm32g4xx_hal_fdcan.c.obj
 .debug_line    0x000020a9      0xb92 cmake/stm32cubemx/CMakeFiles/STM32_Drivers.dir/__/__/Drivers/STM32G4xx_HAL_Driver/Src/stm32g4xx_hal.c.obj
 .debug_line    0x00002c3b     0x1015 cmake/stm32cubemx/CMakeFiles/STM32_Drivers.dir/__/__/Drivers/STM32G4xx_HAL_Driver/Src/stm32g4xx_hal_rcc.c.obj
 .debug_line    0x00003c50     0x128a cmake/stm32cubemx/CMakeFiles/STM32_Drivers.dir/__/__/Drivers/STM32G4xx_HAL_Driver/Src/stm32g4xx_hal_rcc_ex.c.obj
 .debug_line    0x00004eda      0xb6b cmake/stm32cubemx/CMakeFiles/STM32_Drivers.dir/__/__/Drivers/STM32G4xx_HAL_Driver/Src/stm32g4xx_hal_gpio.c.obj
 .debug_line    0x00005a45      0xcf1 cmake/stm32cubemx/CMakeFiles/STM32_Drivers.dir/__/__/Drivers/STM32G4xx_HAL_Driver/Src/stm32g4xx_hal_pwr_ex.c.obj
 .debug_line    0x00006736      0xcf7 cmake/stm32cubemx/CMakeFiles/STM32_Drivers.dir/__/__/Drivers/STM32G4xx_HAL_Driver/Src/stm32g4xx_hal_cortex.c.obj
 .debug_line    0x0000742d     0x3726 cmake/stm32cubemx/CMakeFiles/STM32_Drivers.dir/__/__/Drivers/STM32G4xx_HAL_Driver/Src/stm32g4xx_hal_i2c.c.obj
 .debug_line    0x0000ab53      0x8bf cmake/stm32cubemx/CMakeFiles/STM32_Drivers.dir/__/__/Drivers/STM32G4xx_HAL_Driver/Src/stm32g4xx_hal_i2c_ex.c.obj
 .debug_line    0x0000b412     0x35e0 cmake/stm32cubemx/CMakeFiles/STM32_Drivers.dir/__/__/Drivers/STM32G4xx_HAL_Driver/Src/stm32g4xx_hal_uart.c.obj
 .debug_line    0x0000e9f2      0xcc7 cmake/stm32cubemx/CMakeFiles/STM32_Drivers.dir/__/__/Drivers/STM32G4xx_HAL_Driver/Src/stm32g4xx_hal_uart_ex.c.obj
 .debug_line    0x0000f6b9     0x1311 cmake/stm32cubemx/CMakeFiles/STM32_Drivers.dir/__/__/Drivers/STM32G4xx_HAL_Driver/Src/stm32g4xx_hal_pcd.c.obj
 .debug_line    0x000109ca      0x8fb cmake/stm32cubemx/CMakeFiles/STM32_Drivers.dir/__/__/Drivers/STM32G4xx_HAL_Driver/Src/stm32g4xx_hal_pcd_ex.c.obj
 .debug_line    0x000112c5     0x1017 cmake/stm32cubemx/CMakeFiles/STM32_Drivers.dir/__/__/Drivers/STM32G4xx_HAL_Driver/Src/stm32g4xx_ll_usb.c.obj
 .debug_line    0x000122dc      0xc6b CMakeFiles/stm32g474ceu6.dir/Core/Src/main.c.obj
 .debug_line    0x00012f47      0x808 CMakeFiles/stm32g474ceu6.dir/Core/Src/stm32g4xx_it.c.obj
 .debug_line    0x0001374f      0x972 CMakeFiles/stm32g474ceu6.dir/Core/Src/stm32g4xx_hal_msp.c.obj
 .debug_line    0x000140c1       0x7b CMakeFiles/stm32g474ceu6.dir/startup_stm32g474xx.s.obj
 .debug_line    0x0001413c      0x973 CMakeFiles/stm32g474ceu6.dir/App/ap/ap.c.obj
 .debug_line    0x00014aaf      0x924 CMakeFiles/stm32g474ceu6.dir/App/hw/hw.c.obj
 .debug_line    0x000153d3      0xcd6 CMakeFiles/stm32g474ceu6.dir/App/hw/src/i2c.c.obj
 .debug_line    0x000160a9      0x994 CMakeFiles/stm32g474ceu6.dir/App/hw/src/led.c.obj

.debug_str      0x00000000    0xf4e55
 .debug_str     0x00000000    0xf4e55 cmake/stm32cubemx/CMakeFiles/STM32_Drivers.dir/__/__/Core/Src/system_stm32g4xx.c.obj
                              0xea997 (size before relaxing)
 .debug_str     0x000f4e55    0xebf46 cmake/stm32cubemx/CMakeFiles/STM32_Drivers.dir/__/__/Drivers/STM32G4xx_HAL_Driver/Src/stm32g4xx_hal_fdcan.c.obj
 .debug_str     0x000f4e55    0xeb6a9 cmake/stm32cubemx/CMakeFiles/STM32_Drivers.dir/__/__/Drivers/STM32G4xx_HAL_Driver/Src/stm32g4xx_hal.c.obj
 .debug_str     0x000f4e55    0xeb0b6 cmake/stm32cubemx/CMakeFiles/STM32_Drivers.dir/__/__/Drivers/STM32G4xx_HAL_Driver/Src/stm32g4xx_hal_rcc.c.obj
 .debug_str     0x000f4e55    0xeb0e0 cmake/stm32cubemx/CMakeFiles/STM32_Drivers.dir/__/__/Drivers/STM32G4xx_HAL_Driver/Src/stm32g4xx_hal_rcc_ex.c.obj
 .debug_str     0x000f4e55    0xeab22 cmake/stm32cubemx/CMakeFiles/STM32_Drivers.dir/__/__/Drivers/STM32G4xx_HAL_Driver/Src/stm32g4xx_hal_gpio.c.obj
 .debug_str     0x000f4e55    0xeae85 cmake/stm32cubemx/CMakeFiles/STM32_Drivers.dir/__/__/Drivers/STM32G4xx_HAL_Driver/Src/stm32g4xx_hal_pwr_ex.c.obj
 .debug_str     0x000f4e55    0xeb365 cmake/stm32cubemx/CMakeFiles/STM32_Drivers.dir/__/__/Drivers/STM32G4xx_HAL_Driver/Src/stm32g4xx_hal_cortex.c.obj
 .debug_str     0x000f4e55    0xebca1 cmake/stm32cubemx/CMakeFiles/STM32_Drivers.dir/__/__/Drivers/STM32G4xx_HAL_Driver/Src/stm32g4xx_hal_i2c.c.obj
 .debug_str     0x000f4e55    0xeafb6 cmake/stm32cubemx/CMakeFiles/STM32_Drivers.dir/__/__/Drivers/STM32G4xx_HAL_Driver/Src/stm32g4xx_hal_i2c_ex.c.obj
 .debug_str     0x000f4e55    0xeb952 cmake/stm32cubemx/CMakeFiles/STM32_Drivers.dir/__/__/Drivers/STM32G4xx_HAL_Driver/Src/stm32g4xx_hal_uart.c.obj
 .debug_str     0x000f4e55    0xeb150 cmake/stm32cubemx/CMakeFiles/STM32_Drivers.dir/__/__/Drivers/STM32G4xx_HAL_Driver/Src/stm32g4xx_hal_uart_ex.c.obj
 .debug_str     0x000f4e55    0xeb113 cmake/stm32cubemx/CMakeFiles/STM32_Drivers.dir/__/__/Drivers/STM32G4xx_HAL_Driver/Src/stm32g4xx_hal_pcd.c.obj
 .debug_str     0x000f4e55    0xead4f cmake/stm32cubemx/CMakeFiles/STM32_Drivers.dir/__/__/Drivers/STM32G4xx_HAL_Driver/Src/stm32g4xx_hal_pcd_ex.c.obj
 .debug_str     0x000f4e55    0xeac50 cmake/stm32cubemx/CMakeFiles/STM32_Drivers.dir/__/__/Drivers/STM32G4xx_HAL_Driver/Src/stm32g4xx_ll_usb.c.obj
 .debug_str     0x000f4e55    0xef284 CMakeFiles/stm32g474ceu6.dir/Core/Src/main.c.obj
 .debug_str     0x000f4e55    0xea8df CMakeFiles/stm32g474ceu6.dir/Core/Src/stm32g4xx_it.c.obj
 .debug_str     0x000f4e55    0xebabe CMakeFiles/stm32g474ceu6.dir/Core/Src/stm32g4xx_hal_msp.c.obj
 .debug_str     0x000f4e55       0xa8 CMakeFiles/stm32g474ceu6.dir/startup_stm32g474xx.s.obj
 .debug_str     0x000f4e55    0xedfdc CMakeFiles/stm32g474ceu6.dir/App/ap/ap.c.obj
 .debug_str     0x000f4e55    0xedf99 CMakeFiles/stm32g474ceu6.dir/App/hw/hw.c.obj
 .debug_str     0x000f4e55    0xee885 CMakeFiles/stm32g474ceu6.dir/App/hw/src/i2c.c.obj
 .debug_str     0x000f4e55    0xee02c CMakeFiles/stm32g474ceu6.dir/App/hw/src/led.c.obj

.debug_line_str
                0x00000000       0x8c
 .debug_line_str
                0x00000000       0x8c CMakeFiles/stm32g474ceu6.dir/startup_stm32g474xx.s.obj
