D:/Github/Stm32-Template/stm32h/stm32h7b0-sample-fw/src/bsp/bsp.c:12:6:bspInit	40	static,ignoring_inline_asm
D:/Github/Stm32-Template/stm32h/stm32h7b0-sample-fw/src/bsp/bsp.c:36:6:delay	24	static
D:/Github/Stm32-Template/stm32h/stm32h7b0-sample-fw/src/bsp/bsp.c:52:10:millis	8	static
D:/Github/Stm32-Template/stm32h/stm32h7b0-sample-fw/src/bsp/bsp.c:59:6:Error_Handler	4	static,ignoring_inline_asm
D:/Github/Stm32-Template/stm32h/stm32h7b0-sample-fw/src/bsp/bsp.c:68:6:SystemClock_Config	120	static
D:/Github/Stm32-Template/stm32h/stm32h7b0-sample-fw/src/bsp/bsp.c:133:6:PeriphCommonClock_Config	200	static
D:/Github/Stm32-Template/stm32h/stm32h7b0-sample-fw/src/bsp/bsp.c:158:6:bspMpuInit	24	static
